assignement2/avocado_encoded.csv
Date,AveragePrice,Total Volume,4046,4225,4770,Total Bags,Small Bags,Large Bags,XLarge Bags,type,year,region,type_label,region_ordinal,region_frequency,region_target
2015-12-27,1.33,11.070344299366457,1036.74,54454.85,48.16,8696.87,8603.62,93.25,0.0,conventional,2015.0,Albany,0,0,338,1.5610355029585792
2015-12-20,1.35,10.912867454142175,674.28,44638.81,58.33,9505.56,9408.07,97.49,0.0,conventional,2015.0,Albany,0,0,338,1.5610355029585792
2015-12-13,0.93,11.680312894067965,794.7,109149.67,130.5,8145.35,8042.21,103.14,0.0,conventional,2015.0,Albany,0,0,338,1.5610355029585792
2015-12-06,1.08,11.277116418828971,1132.0,71976.41,72.58,5811.16,5677.4,133.76,0.0,conventional,2015.0,Albany,0,0,338,1.5610355029585792
2015-11-29,1.28,10.840376673435472,941.48,43838.39,75.78,6183.95,5986.26,197.69,0.0,conventional,2015.0,Albany,0,0,338,1.5610355029585792
2015-11-22,1.26,10.932763696520071,1184.27,48067.99,43.61,6683.91,6556.47,127.44,0.0,conventional,2015.0,Albany,0,0,338,1.5610355029585792
2015-11-15,0.99,11.332059967607051,1368.92,73672.72,93.26,8318.86,8196.81,122.05,0.0,conventional,2015.0,Albany,0,0,338,1.5610355029585792
2015-11-08,0.98,11.60303423175827,703.75,101815.36,80.0,6829.22,6266.85,562.37,0.0,conventional,2015.0,Albany,0,0,338,1.5610355029585792
2015-11-01,1.02,11.51104790345423,1022.15,87315.57,85.34,11388.36,11104.53,283.83,0.0,conventional,2015.0,Albany,0,0,338,1.5610355029585792
2015-10-25,1.07,11.216401215436022,842.4,64757.44,113.0,8625.92,8061.47,564.45,0.0,conventional,2015.0,Albany,0,0,338,1.5610355029585792
2015-10-18,1.12,11.348574741114064,924.86,75595.85,117.07,8205.66,7877.86,327.8,0.0,conventional,2015.0,Albany,0,0,338,1.5610355029585792
2015-10-11,1.28,11.074268088068557,1582.03,52677.92,105.32,10123.9,9866.27,257.63,0.0,conventional,2015.0,Albany,0,0,338,1.5610355029585792
2015-10-04,1.31,11.018761921225298,2268.32,49880.67,101.36,8756.75,8379.98,376.77,0.0,conventional,2015.0,Albany,0,0,338,1.5610355029585792
2015-09-27,0.99,11.578754309532366,1204.88,99409.21,154.84,6034.46,5888.87,145.59,0.0,conventional,2015.0,Albany,0,0,338,1.5610355029585792
2015-09-20,1.33,11.152816201931477,1028.03,59313.12,150.5,9267.36,8489.1,778.26,0.0,conventional,2015.0,Albany,0,0,338,1.5610355029585792
2015-09-13,1.28,11.239964766069596,985.73,65696.86,142.0,9286.68,8665.19,621.49,0.0,conventional,2015.0,Albany,0,0,338,1.5610355029585792
2015-09-06,1.11,11.504630758813805,879.45,90062.62,240.79,7990.1,7762.87,227.23,0.0,conventional,2015.0,Albany,0,0,338,1.5610355029585792
2015-08-30,1.07,11.568311353258965,689.01,94362.67,335.43,10306.73,10218.93,87.8,0.0,conventional,2015.0,Albany,0,0,338,1.5610355029585792
2015-08-23,1.34,11.289695534925485,733.16,67933.79,444.78,10880.36,10745.79,134.57,0.0,conventional,2015.0,Albany,0,0,338,1.5610355029585792
2015-08-16,1.33,11.290341507054427,539.65,68666.01,394.9,10443.22,10297.68,145.54,0.0,conventional,2015.0,Albany,0,0,338,1.5610355029585792
2015-08-09,1.12,11.618563312168106,584.63,100961.46,368.95,9225.89,9116.34,109.55,0.0,conventional,2015.0,Albany,0,0,338,1.5610355029585792
2015-08-02,1.45,11.227029795949273,509.94,62035.06,741.08,11847.02,11768.52,78.5,0.0,conventional,2015.0,Albany,0,0,338,1.5610355029585792
2015-07-26,1.11,11.578320806432405,648.75,91949.05,966.61,13192.69,13061.53,131.16,0.0,conventional,2015.0,Albany,0,0,338,1.5610355029585792
2015-07-19,1.26,11.478520338246053,1042.1,82049.4,2238.02,11287.48,11103.49,183.99,0.0,conventional,2015.0,Albany,0,0,338,1.5610355029585792
2015-07-12,1.05,11.728490854412339,672.25,94693.52,4257.64,24431.9,24290.08,108.49,33.33,conventional,2015.0,Albany,0,0,338,1.5610355029585792
2015-07-05,1.35,11.601422670902455,869.45,72600.55,5883.16,29898.96,29663.19,235.77,0.0,conventional,2015.0,Albany,0,0,338,1.5610355029585792
2015-06-28,1.37,11.402393935971437,664.23,57545.79,4662.71,26662.08,26311.76,350.32,0.0,conventional,2015.0,Albany,0,0,338,1.5610355029585792
2015-06-21,1.27,11.560289755922575,804.01,76688.55,5481.18,21875.65,21662.0,213.65,0.0,conventional,2015.0,Albany,0,0,338,1.5610355029585792
2015-06-14,1.32,11.403471025073154,850.58,55400.94,4377.19,29002.59,28343.14,659.45,0.0,conventional,2015.0,Albany,0,0,338,1.5610355029585792
2015-06-07,1.07,11.717856653447184,656.71,99220.82,90.32,22775.21,22314.99,460.22,0.0,conventional,2015.0,Albany,0,0,338,1.5610355029585792
2015-05-31,1.23,11.46294310041225,922.37,70469.69,50.55,23681.01,23222.49,458.52,0.0,conventional,2015.0,Albany,0,0,338,1.5610355029585792
2015-05-24,1.19,11.527537290393498,680.27,71376.81,58.7,29355.13,28761.81,593.32,0.0,conventional,2015.0,Albany,0,0,338,1.5610355029585792
2015-05-17,1.43,11.606948179983686,1150.55,81955.16,94.32,26657.44,26285.43,372.01,0.0,conventional,2015.0,Albany,0,0,338,1.5610355029585792
2015-05-10,1.26,11.698814899312627,1420.43,102000.52,185.66,16821.3,16535.55,285.75,0.0,conventional,2015.0,Albany,0,0,338,1.5610355029585792
2015-05-03,1.2,10.988654354403513,919.87,45490.05,217.24,12570.51,12201.95,368.56,0.0,conventional,2015.0,Albany,0,0,338,1.5610355029585792
2015-04-26,1.22,10.811473091575172,875.65,35841.75,89.62,12778.44,12076.83,701.61,0.0,conventional,2015.0,Albany,0,0,338,1.5610355029585792
2015-04-19,1.19,10.800916106752679,774.15,33941.51,47.15,14301.92,13602.97,698.95,0.0,conventional,2015.0,Albany,0,0,338,1.5610355029585792
2015-04-12,1.13,10.78653768667021,864.27,30374.15,21.5,17104.37,16438.49,665.88,0.0,conventional,2015.0,Albany,0,0,338,1.5610355029585792
2015-04-05,1.16,10.765599356901095,961.77,35577.66,93.76,10728.94,9869.16,755.61,104.17,conventional,2015.0,Albany,0,0,338,1.5610355029585792
2015-03-29,1.02,11.124318653868793,1402.28,58623.22,89.5,7684.08,7208.49,475.59,0.0,conventional,2015.0,Albany,0,0,338,1.5610355029585792
2015-03-22,1.12,10.74393018372611,2141.83,34313.56,141.8,9749.66,9252.6,497.06,0.0,conventional,2015.0,Albany,0,0,338,1.5610355029585792
2015-03-15,1.11,10.670042942615881,2128.26,30447.17,99.67,10370.69,9989.59,381.1,0.0,conventional,2015.0,Albany,0,0,338,1.5610355029585792
2015-03-08,1.07,10.60926365154609,795.68,30370.64,159.05,9181.99,8827.55,354.44,0.0,conventional,2015.0,Albany,0,0,338,1.5610355029585792
2015-03-01,0.99,10.925879845426161,629.46,45633.34,181.49,9151.45,8986.06,165.39,0.0,conventional,2015.0,Albany,0,0,338,1.5610355029585792
2015-02-22,1.07,10.729329369487724,1088.38,35056.13,151.0,9379.54,9000.16,379.38,0.0,conventional,2015.0,Albany,0,0,338,1.5610355029585792
2015-02-15,1.06,10.635100834678573,986.66,30045.51,222.42,10313.03,9979.87,333.16,0.0,conventional,2015.0,Albany,0,0,338,1.5610355029585792
2015-02-08,0.99,10.84456786790858,1357.37,39111.81,163.25,10621.54,10113.1,508.44,0.0,conventional,2015.0,Albany,0,0,338,1.5610355029585792
2015-02-01,0.99,11.16866739727515,1353.9,60017.2,179.32,9323.18,9170.82,152.36,0.0,conventional,2015.0,Albany,0,0,338,1.5610355029585792
2015-01-25,1.06,10.717712335701886,941.38,33196.16,164.14,10845.82,10103.35,742.47,0.0,conventional,2015.0,Albany,0,0,338,1.5610355029585792
2015-01-18,1.17,10.703520385141918,914.14,31540.32,135.77,11921.05,11651.09,269.96,0.0,conventional,2015.0,Albany,0,0,338,1.5610355029585792
2015-01-11,1.24,10.626098385179915,1002.85,31640.34,127.12,8424.77,8036.04,388.73,0.0,conventional,2015.0,Albany,0,0,338,1.5610355029585792
2015-01-04,1.22,10.618256293365516,2819.5,28287.42,49.9,9716.46,9186.93,529.53,0.0,conventional,2015.0,Albany,0,0,338,1.5610355029585792
2015-12-27,0.99,12.863855541348741,276269.395,27350.92,297.9,66354.31,48605.95,17748.36,0.0,conventional,2015.0,Atlanta,0,1,338,1.3359763313609472
2015-12-20,1.08,12.711016596118519,251774.15,20702.45,103.06,58797.87,46930.26,11867.61,0.0,conventional,2015.0,Atlanta,0,1,338,1.3359763313609472
2015-12-13,0.96,12.942694626806484,276269.395,31019.08,275.8,61545.31,38903.57,22628.21,13.53,conventional,2015.0,Atlanta,0,1,338,1.3359763313609472
2015-12-06,1.07,12.787276077315633,276269.395,23740.85,181.92,50690.04,37032.67,13654.66,2.71,conventional,2015.0,Atlanta,0,1,338,1.3359763313609472
2015-11-29,0.99,12.716743627339715,250288.65,28889.63,307.83,53794.68,33031.72,20738.55,24.41,conventional,2015.0,Atlanta,0,1,338,1.3359763313609472
2015-11-22,1.0,12.783852660493233,269799.03,29732.3,501.16,56382.08,36992.3,19389.78,0.0,conventional,2015.0,Atlanta,0,1,338,1.3359763313609472
2015-11-15,1.13,12.736293990287788,263915.78,28442.45,455.97,47046.48,33656.42,13390.06,0.0,conventional,2015.0,Atlanta,0,1,338,1.3359763313609472
2015-11-08,1.12,12.719023808735855,250441.38,34483.33,488.24,48628.65,35662.93,12941.12,24.6,conventional,2015.0,Atlanta,0,1,338,1.3359763313609472
2015-11-01,0.99,12.945840352582714,276269.395,62980.07,252.79,65398.38,39460.77,25929.39,8.22,conventional,2015.0,Atlanta,0,1,338,1.3359763313609472
2015-10-25,1.09,12.789625583065302,236814.29,64607.97,304.36,56751.46,31826.88,24924.58,0.0,conventional,2015.0,Atlanta,0,1,338,1.3359763313609472
2015-10-18,1.09,12.763037723435808,228710.28,59731.79,291.22,60339.19,36884.35,23454.84,0.0,conventional,2015.0,Atlanta,0,1,338,1.3359763313609472
2015-10-11,0.95,12.98051281337672,255933.32,91047.32,599.71,86294.11,41159.96,45134.15,0.0,conventional,2015.0,Atlanta,0,1,338,1.3359763313609472
2015-10-04,0.96,12.944869970314734,265797.09,92780.33,644.43,59460.41,14875.64,44584.77,0.0,conventional,2015.0,Atlanta,0,1,338,1.3359763313609472
2015-09-27,1.07,12.822128635484916,262107.44,61870.63,680.8,45662.3,20533.87,25125.65,2.78,conventional,2015.0,Atlanta,0,1,338,1.3359763313609472
2015-09-20,0.93,13.154702001678366,276269.395,82762.72,1349.41,86201.96,33698.43,52442.25,61.28,conventional,2015.0,Atlanta,0,1,338,1.3359763313609472
2015-09-13,1.07,12.941400529147739,276269.395,62485.97,714.93,75983.02,46290.32,29678.76,13.94,conventional,2015.0,Atlanta,0,1,338,1.3359763313609472
2015-09-06,0.97,13.065025599244269,276269.395,73675.85,911.25,94436.19,49833.55,44549.67,52.97,conventional,2015.0,Atlanta,0,1,338,1.3359763313609472
2015-08-30,1.15,12.855721649620595,275818.27,44839.12,1034.09,61281.24,47138.07,14112.5,30.67,conventional,2015.0,Atlanta,0,1,338,1.3359763313609472
2015-08-23,1.12,12.845437357329555,274462.42,46223.69,950.09,57418.09,45534.11,11883.98,0.0,conventional,2015.0,Atlanta,0,1,338,1.3359763313609472
2015-08-16,1.09,13.050254534889461,276269.395,41992.44,1424.96,59216.9,45068.25,14148.65,0.0,conventional,2015.0,Atlanta,0,1,338,1.3359763313609472
2015-08-09,1.01,13.1299201926176,276269.395,47040.07,4251.74,67472.2,45820.45,21568.48,83.27,conventional,2015.0,Atlanta,0,1,338,1.3359763313609472
2015-08-02,1.15,12.913860723175876,276269.395,41906.78,3515.48,53888.32,42126.47,11720.3,41.55,conventional,2015.0,Atlanta,0,1,338,1.3359763313609472
2015-07-26,1.08,12.988554803511484,276269.395,44087.07,708.0,57210.66,45114.22,12096.44,0.0,conventional,2015.0,Atlanta,0,1,338,1.3359763313609472
2015-07-19,0.97,13.23070462825386,276269.395,47838.42,1982.03,61292.37,45099.87,16192.5,0.0,conventional,2015.0,Atlanta,0,1,338,1.3359763313609472
2015-07-12,1.14,12.917074184192776,276269.395,37953.24,867.46,58303.85,46023.59,12280.26,0.0,conventional,2015.0,Atlanta,0,1,338,1.3359763313609472
2015-07-05,1.01,13.24008121982457,276269.395,54675.38,848.55,70560.49,50684.74,19851.0,24.75,conventional,2015.0,Atlanta,0,1,338,1.3359763313609472
2015-06-28,1.13,12.983587881330994,276269.395,37698.53,816.56,65342.19,52099.76,13108.03,134.4,conventional,2015.0,Atlanta,0,1,338,1.3359763313609472
2015-06-21,0.99,13.22629944702043,276269.395,30231.78,678.4,74542.11,55484.76,19010.81,46.54,conventional,2015.0,Atlanta,0,1,338,1.3359763313609472
2015-06-14,1.1,13.051524045114515,276269.395,17701.12,471.72,61261.44,48612.13,12578.28,71.03,conventional,2015.0,Atlanta,0,1,338,1.3359763313609472
2015-06-07,0.99,13.21950832753314,276269.395,22414.17,738.68,72290.28,50954.84,21329.99,5.45,conventional,2015.0,Atlanta,0,1,338,1.3359763313609472
2015-05-31,1.1,13.027399737548098,276269.395,19543.18,522.81,51735.02,40505.16,11199.95,29.91,conventional,2015.0,Atlanta,0,1,338,1.3359763313609472
2015-05-24,0.96,13.342643697581641,276269.395,27284.43,1260.8,56539.87,33867.0,22651.15,21.72,conventional,2015.0,Atlanta,0,1,338,1.3359763313609472
2015-05-17,1.11,13.019780555935151,276269.395,18618.84,838.68,45392.29,33710.2,11682.09,0.0,conventional,2015.0,Atlanta,0,1,338,1.3359763313609472
2015-05-10,1.1,13.081691746578887,276269.395,18860.63,1089.33,46668.26,34108.44,12559.82,0.0,conventional,2015.0,Atlanta,0,1,338,1.3359763313609472
2015-05-03,1.0,13.360141873573394,276269.395,28568.26,1059.73,66181.63,32520.82,33660.81,0.0,conventional,2015.0,Atlanta,0,1,338,1.3359763313609472
2015-04-26,1.12,13.013881907743249,276269.395,18366.33,1041.78,41511.84,31315.29,10196.55,0.0,conventional,2015.0,Atlanta,0,1,338,1.3359763313609472
2015-04-19,1.12,12.973787588952463,276269.395,18040.85,873.24,43342.6,29661.72,13680.88,0.0,conventional,2015.0,Atlanta,0,1,338,1.3359763313609472
2015-04-12,0.99,13.019450729937706,276269.395,22419.95,219.14,50884.32,25833.07,25051.25,0.0,conventional,2015.0,Atlanta,0,1,338,1.3359763313609472
2015-04-05,1.04,12.85615701552416,276269.395,19254.39,374.51,45037.12,28612.48,16289.92,134.72,conventional,2015.0,Atlanta,0,1,338,1.3359763313609472
2015-03-29,1.11,12.80963187804485,276269.395,16651.99,261.01,43780.25,29313.92,14466.33,0.0,conventional,2015.0,Atlanta,0,1,338,1.3359763313609472
2015-03-22,1.0,13.080690229088766,276269.395,23419.6,304.89,62275.1,40495.12,21766.54,13.44,conventional,2015.0,Atlanta,0,1,338,1.3359763313609472
2015-03-15,1.12,12.898137290359692,276269.395,16508.21,310.7,46575.23,34911.7,11625.94,37.59,conventional,2015.0,Atlanta,0,1,338,1.3359763313609472
2015-03-08,1.1,12.949977862252544,276269.395,15788.71,236.97,43241.42,33847.33,9394.09,0.0,conventional,2015.0,Atlanta,0,1,338,1.3359763313609472
2015-03-01,0.99,13.147121236646578,276269.395,21183.7,347.78,49456.96,32180.9,17273.38,2.68,conventional,2015.0,Atlanta,0,1,338,1.3359763313609472
2015-02-22,1.1,12.974581347936304,276269.395,18324.76,237.47,43430.04,33423.74,10006.3,0.0,conventional,2015.0,Atlanta,0,1,338,1.3359763313609472
2015-02-15,1.06,12.965457558999324,276269.395,17420.41,638.18,44885.92,26727.66,18158.26,0.0,conventional,2015.0,Atlanta,0,1,338,1.3359763313609472
2015-02-08,1.03,12.980534593583162,276269.395,17162.5,524.85,38940.18,18044.41,20895.77,0.0,conventional,2015.0,Atlanta,0,1,338,1.3359763313609472
2015-02-01,0.96,13.364167523751895,276269.395,31583.38,294.94,51694.49,10553.73,41140.76,0.0,conventional,2015.0,Atlanta,0,1,338,1.3359763313609472
2015-01-25,1.1,13.015521431637248,276269.395,18718.27,594.25,36612.16,13176.39,23435.77,0.0,conventional,2015.0,Atlanta,0,1,338,1.3359763313609472
2015-01-18,1.11,12.975004226181527,276269.395,18701.9,511.69,40040.48,16782.71,23257.77,0.0,conventional,2015.0,Atlanta,0,1,338,1.3359763313609472
2015-01-11,1.11,12.893060194449735,276269.395,18958.22,1135.18,47038.08,21309.61,25728.47,0.0,conventional,2015.0,Atlanta,0,1,338,1.3359763313609472
2015-01-04,1.0,12.983153009883788,276269.395,23821.16,82.15,46815.79,16707.15,30108.64,0.0,conventional,2015.0,Atlanta,0,1,338,1.3359763313609472
