assignement2/avocado_encoded.csv
Date,AveragePrice,Total Volume,4046,4225,4770,Total Bags,Small Bags,Large Bags,XLarge Bags,type,year,region,type_label,region_ordinal,region_frequency,region_target
2015-12-27,1.17,13.299371509593115,40450.49,371003.98,15608.55,144911.1,142543.88,2367.22,0.0,conventional,2015.0,BaltimoreWashington,0,2,338,1.5342307692307684
2015-12-20,1.11,13.373407502489949,44741.37,371003.98,15608.55,144238.07,141751.91,2486.16,0.0,conventional,2015.0,BaltimoreWashington,0,2,338,1.5342307692307684
2015-12-13,1.15,13.336684654650007,44400.26,371003.98,15608.55,150966.28,149070.4,1895.88,0.0,conventional,2015.0,BaltimoreWashington,0,2,338,1.5342307692307684
2015-12-06,1.04,13.38340715502808,51129.29,371003.98,15608.55,118664.97,117112.77,1552.2,0.0,conventional,2015.0,BaltimoreWashington,0,2,338,1.5342307692307684
2015-11-29,1.16,13.210009811036132,41028.15,371003.98,15608.55,105468.28,103615.95,1852.33,0.0,conventional,2015.0,BaltimoreWashington,0,2,338,1.5342307692307684
2015-11-22,1.12,13.256930633337154,40867.8,371003.98,15608.55,121670.73,119007.61,2663.12,0.0,conventional,2015.0,BaltimoreWashington,0,2,338,1.5342307692307684
2015-11-15,1.04,13.484686412802146,47109.75,371003.98,15608.55,129760.36,125297.67,4462.69,0.0,conventional,2015.0,BaltimoreWashington,0,2,338,1.5342307692307684
2015-11-08,1.05,13.63034684205983,58579.27,371003.98,15608.55,144840.21,138777.63,6062.58,0.0,conventional,2015.0,BaltimoreWashington,0,2,338,1.5342307692307684
2015-11-01,1.12,13.517403224164354,51860.07,371003.98,15608.55,157925.7,152716.4,5209.3,0.0,conventional,2015.0,BaltimoreWashington,0,2,338,1.5342307692307684
2015-10-25,1.19,13.395276468381285,53766.25,371003.98,15608.55,156128.69,149987.55,6141.14,0.0,conventional,2015.0,BaltimoreWashington,0,2,338,1.5342307692307684
2015-10-18,0.99,13.821099689627946,59121.55,371003.98,15608.55,151925.64,146421.02,5504.62,0.0,conventional,2015.0,BaltimoreWashington,0,2,338,1.5342307692307684
2015-10-11,1.24,13.390191365436035,34707.02,371003.98,15608.55,168354.42,163669.01,4685.41,0.0,conventional,2015.0,BaltimoreWashington,0,2,338,1.5342307692307684
2015-10-04,1.28,13.39611645018666,35342.34,371003.98,15608.55,172234.02,167494.61,4739.41,0.0,conventional,2015.0,BaltimoreWashington,0,2,338,1.5342307692307684
2015-09-27,1.19,13.453511192991257,34309.05,371003.98,15608.55,151893.12,146792.81,5100.31,0.0,conventional,2015.0,BaltimoreWashington,0,2,338,1.5342307692307684
2015-09-20,1.17,13.471991015312804,39619.87,371003.98,15608.55,174029.62,168889.78,5139.84,0.0,conventional,2015.0,BaltimoreWashington,0,2,338,1.5342307692307684
2015-09-13,1.09,13.737543189450559,55699.25,371003.98,15608.55,151499.56,145686.02,5813.54,0.0,conventional,2015.0,BaltimoreWashington,0,2,338,1.5342307692307684
2015-09-06,1.18,13.621469831163154,63903.73,371003.98,15608.55,168970.84,165696.58,3268.72,5.54,conventional,2015.0,BaltimoreWashington,0,2,338,1.5342307692307684
2015-08-30,1.24,13.507247870061994,48455.25,371003.98,15608.55,185304.24,181968.79,3158.9,176.55,conventional,2015.0,BaltimoreWashington,0,2,338,1.5342307692307684
2015-08-23,1.16,13.572083122568412,59242.02,371003.98,15608.55,178376.77,175047.15,3060.44,269.18,conventional,2015.0,BaltimoreWashington,0,2,338,1.5342307692307684
2015-08-16,1.14,13.690803793520418,86492.03,371003.98,15608.55,155975.35,153156.63,2796.82,21.9,conventional,2015.0,BaltimoreWashington,0,2,338,1.5342307692307684
2015-08-09,1.16,13.618916978645894,56362.75,371003.98,15608.55,164862.89,161564.81,3298.08,0.0,conventional,2015.0,BaltimoreWashington,0,2,338,1.5342307692307684
2015-08-02,1.17,13.593122009064,53957.63,371003.98,15608.55,166728.92,163667.68,3061.24,0.0,conventional,2015.0,BaltimoreWashington,0,2,338,1.5342307692307684
2015-07-26,1.2,13.55794004110662,52746.41,371003.98,15608.55,178660.25,174774.8,3880.04,5.41,conventional,2015.0,BaltimoreWashington,0,2,338,1.5342307692307684
2015-07-19,1.18,13.5926111518442,52954.94,371003.98,15608.55,200713.09,196837.6,3862.02,13.47,conventional,2015.0,BaltimoreWashington,0,2,338,1.5342307692307684
2015-07-12,1.1,13.654088179975258,58827.99,371003.98,15608.55,193887.17,189236.32,4406.05,244.8,conventional,2015.0,BaltimoreWashington,0,2,338,1.5342307692307684
2015-07-05,1.16,13.706030200734912,66504.67,371003.98,15608.55,206108.89,200097.99,5890.57,120.33,conventional,2015.0,BaltimoreWashington,0,2,338,1.5342307692307684
2015-06-28,1.15,13.667315190013182,65051.95,371003.98,15608.55,211564.63,204070.045,4022.51,164.03,conventional,2015.0,BaltimoreWashington,0,2,338,1.5342307692307684
2015-06-21,1.16,13.667986558113364,58398.76,371003.98,15608.55,224622.73,204070.045,3488.37,230.01,conventional,2015.0,BaltimoreWashington,0,2,338,1.5342307692307684
2015-06-14,1.09,13.76951669150767,64005.15,371003.98,15608.55,249197.18,204070.045,3668.3,331.25,conventional,2015.0,BaltimoreWashington,0,2,338,1.5342307692307684
2015-06-07,1.26,13.585230716293342,62585.45,371003.98,15608.55,225052.84,204070.045,3626.41,260.58,conventional,2015.0,BaltimoreWashington,0,2,338,1.5342307692307684
2015-05-31,1.19,13.763351689075177,67744.84,371003.98,15608.55,217785.55,204070.045,5730.22,268.04,conventional,2015.0,BaltimoreWashington,0,2,338,1.5342307692307684
2015-05-24,1.18,13.71972938025785,63610.12,371003.98,15608.55,234503.17,204070.045,5548.94,111.28,conventional,2015.0,BaltimoreWashington,0,2,338,1.5342307692307684
2015-05-17,1.27,13.580869740659471,63515.06,371003.98,15608.55,227331.17,204070.045,5152.19,15.88,conventional,2015.0,BaltimoreWashington,0,2,338,1.5342307692307684
2015-05-10,1.26,13.659098613403925,79192.07,371003.98,15608.55,224519.06,204070.045,8947.03,0.0,conventional,2015.0,BaltimoreWashington,0,2,338,1.5342307692307684
2015-05-03,1.17,13.706781095996494,73038.46,371003.98,15608.55,209686.17,201874.28,7767.45,44.44,conventional,2015.0,BaltimoreWashington,0,2,338,1.5342307692307684
2015-04-26,1.29,13.524947125044172,58013.85,371003.98,15608.55,218351.8,204070.045,6184.29,102.78,conventional,2015.0,BaltimoreWashington,0,2,338,1.5342307692307684
2015-04-19,1.28,13.544834552481722,67486.78,371003.98,15608.55,225627.29,204070.045,5741.41,0.0,conventional,2015.0,BaltimoreWashington,0,2,338,1.5342307692307684
2015-04-12,1.15,13.638332494699315,70796.72,371003.98,15608.55,201392.01,196076.34,5315.67,0.0,conventional,2015.0,BaltimoreWashington,0,2,338,1.5342307692307684
2015-04-05,1.29,13.441640696553845,53579.17,371003.98,15608.55,191339.73,184109.06,6357.06,331.25,conventional,2015.0,BaltimoreWashington,0,2,338,1.5342307692307684
2015-03-29,1.25,13.405552853239634,58098.15,371003.98,15608.55,163768.62,158964.08,4804.54,0.0,conventional,2015.0,BaltimoreWashington,0,2,338,1.5342307692307684
2015-03-22,1.1,13.603428366121905,65158.96,371003.98,15608.55,176385.62,171699.95,4685.67,0.0,conventional,2015.0,BaltimoreWashington,0,2,338,1.5342307692307684
2015-03-15,1.24,13.449793615228165,53400.14,371003.98,15608.55,197864.76,193130.9,4733.86,0.0,conventional,2015.0,BaltimoreWashington,0,2,338,1.5342307692307684
2015-03-08,1.26,13.396575485854564,55284.8,367670.93,15608.55,192522.26,188374.49,4147.77,0.0,conventional,2015.0,BaltimoreWashington,0,2,338,1.5342307692307684
2015-03-01,1.16,13.554296743475357,59039.85,371003.98,15608.55,171961.07,168224.2,3736.87,0.0,conventional,2015.0,BaltimoreWashington,0,2,338,1.5342307692307684
2015-02-22,1.11,13.527624184644491,50501.07,371003.98,15608.55,190762.55,186976.97,3785.58,0.0,conventional,2015.0,BaltimoreWashington,0,2,338,1.5342307692307684
2015-02-15,1.25,13.365027696688268,49751.74,361677.37,15608.55,179990.18,174864.87,5125.31,0.0,conventional,2015.0,BaltimoreWashington,0,2,338,1.5342307692307684
2015-02-08,1.09,13.647011678269054,71703.52,371003.98,15608.55,180932.96,175771.39,5161.57,0.0,conventional,2015.0,BaltimoreWashington,0,2,338,1.5342307692307684
2015-02-01,1.06,13.822902926951427,93166.54,371003.98,15608.55,164589.36,159916.87,4672.49,0.0,conventional,2015.0,BaltimoreWashington,0,2,338,1.5342307692307684
2015-01-25,1.2,13.44869214252192,49696.14,371003.98,15608.55,217350.64,204070.045,7588.83,0.0,conventional,2015.0,BaltimoreWashington,0,2,338,1.5342307692307684
2015-01-18,1.23,13.39656855307266,49947.16,371003.98,15608.55,173858.5,169390.88,4467.62,0.0,conventional,2015.0,BaltimoreWashington,0,2,338,1.5342307692307684
2015-01-11,1.17,13.415380602585161,51460.64,371003.98,15608.55,155406.52,151330.87,4075.65,0.0,conventional,2015.0,BaltimoreWashington,0,2,338,1.5342307692307684
2015-01-04,1.08,13.577286439359169,53987.31,371003.98,15608.55,141136.68,137146.07,3990.61,0.0,conventional,2015.0,BaltimoreWashington,0,2,338,1.5342307692307684
2015-12-27,0.97,11.049471380553525,30482.25,2971.94,5894.4,23561.1,23520.19,5.69,35.22,conventional,2015.0,Boise,0,3,338,1.343136094674556
2015-12-20,1.03,10.959628049015913,25628.22,2546.09,7393.84,21935.9,21900.35,11.43,24.12,conventional,2015.0,Boise,0,3,338,1.343136094674556
2015-12-13,0.99,10.976133104762695,27148.61,2985.73,6458.44,21868.27,21842.87,4.44,20.96,conventional,2015.0,Boise,0,3,338,1.343136094674556
2015-12-06,0.71,11.464746683868075,35590.98,12526.5,4086.26,43091.6,42734.53,0.0,331.25,conventional,2015.0,Boise,0,3,338,1.343136094674556
2015-11-29,1.06,10.801005778356984,24189.98,2789.67,6031.49,16057.99,15860.63,0.0,197.36,conventional,2015.0,Boise,0,3,338,1.343136094674556
2015-11-22,1.09,10.875715797698817,25408.86,3255.97,6662.8,17547.95,17530.67,4.32,12.96,conventional,2015.0,Boise,0,3,338,1.343136094674556
2015-11-15,1.01,11.136765049150505,24424.72,12085.72,6502.37,25635.41,25200.25,8.65,331.25,conventional,2015.0,Boise,0,3,338,1.343136094674556
2015-11-08,1.11,10.930403139088078,31910.27,4651.88,6285.73,12999.91,12777.83,119.79,102.29,conventional,2015.0,Boise,0,3,338,1.343136094674556
2015-11-01,1.14,10.889052636277917,30434.99,4359.52,6428.27,12362.73,12331.82,0.0,30.91,conventional,2015.0,Boise,0,3,338,1.343136094674556
2015-10-25,1.11,11.000021850342591,29521.58,10089.82,6551.57,13711.48,13660.98,0.0,50.5,conventional,2015.0,Boise,0,3,338,1.343136094674556
2015-10-18,1.16,10.900291158461359,29614.23,9069.38,6586.27,8921.26,8918.0,0.0,3.26,conventional,2015.0,Boise,0,3,338,1.343136094674556
2015-10-11,0.94,11.301033254264498,26114.19,33415.88,7604.48,13769.64,13543.47,185.46,40.71,conventional,2015.0,Boise,0,3,338,1.343136094674556
2015-10-04,1.12,10.993686716577274,35154.43,10821.85,7551.63,5968.42,5462.15,504.65,1.62,conventional,2015.0,Boise,0,3,338,1.343136094674556
2015-09-27,0.99,11.069584019630378,47007.35,5754.04,3663.3,7763.11,7596.64,160.0,6.47,conventional,2015.0,Boise,0,3,338,1.343136094674556
2015-09-20,1.03,11.211197205085044,34826.9,21592.13,6640.07,10893.8,10601.02,273.41,19.37,conventional,2015.0,Boise,0,3,338,1.343136094674556
2015-09-13,1.08,11.069911748961283,45738.83,4393.9,6593.46,7482.65,7482.65,0.0,0.0,conventional,2015.0,Boise,0,3,338,1.343136094674556
2015-09-06,1.16,11.073887182299199,44134.65,5402.17,7991.75,6936.04,6934.43,0.0,1.61,conventional,2015.0,Boise,0,3,338,1.343136094674556
2015-08-30,1.19,11.003778930744078,40926.77,5809.92,7922.58,5440.56,5440.56,0.0,0.0,conventional,2015.0,Boise,0,3,338,1.343136094674556
2015-08-23,1.05,11.167257718946443,44059.22,14861.33,4433.12,7420.09,7420.09,0.0,0.0,conventional,2015.0,Boise,0,3,338,1.343136094674556
2015-08-16,1.12,11.066679142760274,46189.28,5258.21,6457.21,6096.91,6090.51,0.0,6.4,conventional,2015.0,Boise,0,3,338,1.343136094674556
2015-08-09,1.1,11.023339017868448,44739.54,5034.0,3931.19,7582.25,7568.92,13.33,0.0,conventional,2015.0,Boise,0,3,338,1.343136094674556
2015-08-02,1.07,11.123799788329999,51151.27,5140.89,5435.36,6036.39,5987.5,48.89,0.0,conventional,2015.0,Boise,0,3,338,1.343136094674556
2015-07-26,1.07,11.124716656781283,50978.38,4856.27,5479.57,6511.85,6358.04,153.81,0.0,conventional,2015.0,Boise,0,3,338,1.343136094674556
2015-07-19,1.09,11.065998157454386,45921.6,5300.3,5565.17,7170.97,6354.45,816.52,0.0,conventional,2015.0,Boise,0,3,338,1.343136094674556
2015-07-12,1.05,11.220950457712307,51828.75,5802.65,7474.4,9571.92,8335.04,1236.88,0.0,conventional,2015.0,Boise,0,3,338,1.343136094674556
2015-07-05,1.15,11.350941098450555,61949.73,8022.13,8434.98,6637.61,6557.06,80.55,0.0,conventional,2015.0,Boise,0,3,338,1.343136094674556
2015-06-28,1.04,11.228988504158243,59111.33,6573.26,3974.75,5621.07,5619.44,0.0,1.63,conventional,2015.0,Boise,0,3,338,1.343136094674556
2015-06-21,1.06,11.307106841635836,52790.21,15444.74,5875.85,7286.27,7021.56,0.0,264.71,conventional,2015.0,Boise,0,3,338,1.343136094674556
2015-06-14,0.99,11.38063570120547,58791.25,17880.43,3135.99,7800.04,7800.04,0.0,0.0,conventional,2015.0,Boise,0,3,338,1.343136094674556
2015-06-07,1.12,11.299141599815915,61245.49,7237.55,6655.69,5612.56,5603.8,8.76,0.0,conventional,2015.0,Boise,0,3,338,1.343136094674556
2015-05-31,0.97,11.24753155576032,57373.57,7421.36,4028.3,7866.15,7860.31,5.84,0.0,conventional,2015.0,Boise,0,3,338,1.343136094674556
2015-05-24,1.03,11.32913206554713,54825.95,14839.33,6037.23,7507.26,7469.51,0.0,37.75,conventional,2015.0,Boise,0,3,338,1.343136094674556
2015-05-17,0.96,11.264317043576574,61319.66,7393.99,2919.87,6354.01,6345.82,0.0,8.19,conventional,2015.0,Boise,0,3,338,1.343136094674556
2015-05-10,1.06,11.469908667798453,62505.3,15896.54,7891.16,9495.53,9453.06,0.0,42.47,conventional,2015.0,Boise,0,3,338,1.343136094674556
2015-05-03,1.0,11.355897198860015,66880.12,7942.34,4289.72,6354.81,6349.93,0.0,4.88,conventional,2015.0,Boise,0,3,338,1.343136094674556
2015-04-26,0.96,11.386365940863032,69544.59,7985.48,3401.65,7179.45,7174.6,0.0,4.85,conventional,2015.0,Boise,0,3,338,1.343136094674556
2015-04-19,0.99,11.40418100801365,56843.62,21630.9,3260.22,7960.22,7953.8,0.0,6.42,conventional,2015.0,Boise,0,3,338,1.343136094674556
2015-04-12,1.19,11.10114998830099,44469.15,8506.36,7523.01,5747.78,5747.78,0.0,0.0,conventional,2015.0,Boise,0,3,338,1.343136094674556
2015-04-05,1.09,11.247728171262393,57339.81,9060.49,3790.38,6513.78,6510.61,0.0,3.17,conventional,2015.0,Boise,0,3,338,1.343136094674556
2015-03-29,0.98,11.219157980568145,59532.94,7119.52,3101.98,4789.54,4789.54,0.0,0.0,conventional,2015.0,Boise,0,3,338,1.343136094674556
2015-03-22,1.17,11.025492584940784,44227.33,6589.77,7290.24,3311.77,3311.77,0.0,0.0,conventional,2015.0,Boise,0,3,338,1.343136094674556
2015-03-15,1.0,11.096186242193609,51472.29,7018.29,2981.8,4445.9,4445.9,0.0,0.0,conventional,2015.0,Boise,0,3,338,1.343136094674556
2015-03-08,1.14,11.087531693623689,45879.84,7206.22,7403.75,4860.43,4860.43,0.0,0.0,conventional,2015.0,Boise,0,3,338,1.343136094674556
2015-03-01,1.06,11.225874793143113,40578.0,23738.56,3491.83,7237.98,6478.75,759.23,0.0,conventional,2015.0,Boise,0,3,338,1.343136094674556
2015-02-22,0.99,11.249442875410272,50872.0,16374.74,2122.09,7467.27,7235.2,232.07,0.0,conventional,2015.0,Boise,0,3,338,1.343136094674556
2015-02-15,1.14,11.022277888217692,41547.87,7840.31,6492.94,5340.86,3647.52,1693.34,0.0,conventional,2015.0,Boise,0,3,338,1.343136094674556
2015-02-08,1.07,11.15584686814606,54229.34,9647.24,3047.0,3047.17,1373.42,1673.75,0.0,conventional,2015.0,Boise,0,3,338,1.343136094674556
2015-02-01,0.91,11.640256022090142,67496.3,36532.33,2904.77,6644.84,4867.26,1777.58,0.0,conventional,2015.0,Boise,0,3,338,1.343136094674556
2015-01-25,1.03,11.098473243465982,51922.06,7555.95,2061.16,4530.04,2009.53,2520.51,0.0,conventional,2015.0,Boise,0,3,338,1.343136094674556
2015-01-18,1.08,11.048848080794064,50354.95,6342.37,2257.23,3915.94,1119.18,2796.76,0.0,conventional,2015.0,Boise,0,3,338,1.343136094674556
2015-01-11,1.18,10.957041803976967,38112.34,10997.54,3321.89,4923.75,3295.11,1628.64,0.0,conventional,2015.0,Boise,0,3,338,1.343136094674556
2015-01-04,1.01,11.290223316223571,44562.12,24964.23,2752.35,7755.62,6064.3,1691.32,0.0,conventional,2015.0,Boise,0,3,338,1.343136094674556
