assignement2/avocado_encoded.csv
Date,AveragePrice,Total Volume,4046,4225,4770,Total Bags,Small Bags,Large Bags,XLarge Bags,type,year,region,type_label,region_ordinal,region_frequency,region_target
2015-12-27,0.9,13.879563512796107,276269.395,371003.98,15608.55,269325.465,204070.045,54881.92,331.25,conventional,2015.0,California,0,6,338,1.394970414201183
2015-12-20,0.94,13.879563512796107,276269.395,371003.98,15608.55,269325.465,204070.045,54881.92,331.25,conventional,2015.0,California,0,6,338,1.394970414201183
2015-12-13,0.87,13.879563512796107,276269.395,371003.98,15608.55,269325.465,204070.045,54881.92,331.25,conventional,2015.0,California,0,6,338,1.394970414201183
2015-12-06,0.78,13.879563512796107,276269.395,371003.98,15608.55,269325.465,204070.045,54881.92,331.25,conventional,2015.0,California,0,6,338,1.394970414201183
2015-11-29,0.91,13.879563512796107,276269.395,371003.98,15608.55,269325.465,204070.045,54881.92,331.25,conventional,2015.0,California,0,6,338,1.394970414201183
2015-11-22,0.92,13.879563512796107,276269.395,371003.98,15608.55,269325.465,204070.045,54881.92,331.25,conventional,2015.0,California,0,6,338,1.394970414201183
2015-11-15,0.83,13.879563512796107,276269.395,371003.98,15608.55,269325.465,204070.045,53797.92,331.25,conventional,2015.0,California,0,6,338,1.394970414201183
2015-11-08,0.98,13.879563512796107,276269.395,371003.98,15608.55,269325.465,204070.045,36305.96,331.25,conventional,2015.0,California,0,6,338,1.394970414201183
2015-11-01,0.95,13.879563512796107,276269.395,371003.98,15608.55,269325.465,204070.045,19804.69,331.25,conventional,2015.0,California,0,6,338,1.394970414201183
2015-10-25,1.12,13.879563512796107,276269.395,371003.98,15608.55,269325.465,204070.045,7596.27,331.25,conventional,2015.0,California,0,6,338,1.394970414201183
2015-10-18,1.07,13.879563512796107,276269.395,371003.98,15608.55,269325.465,204070.045,10780.32,331.25,conventional,2015.0,California,0,6,338,1.394970414201183
2015-10-11,1.08,13.879563512796107,276269.395,371003.98,15608.55,269325.465,204070.045,18373.18,331.25,conventional,2015.0,California,0,6,338,1.394970414201183
2015-10-04,1.02,13.879563512796107,276269.395,371003.98,15608.55,269325.465,204070.045,25572.26,331.25,conventional,2015.0,California,0,6,338,1.394970414201183
2015-09-27,1.04,13.879563512796107,276269.395,371003.98,15608.55,269325.465,204070.045,13336.34,331.25,conventional,2015.0,California,0,6,338,1.394970414201183
2015-09-20,1.14,13.879563512796107,276269.395,371003.98,15608.55,269325.465,204070.045,17303.91,331.25,conventional,2015.0,California,0,6,338,1.394970414201183
2015-09-13,1.13,13.879563512796107,276269.395,371003.98,15608.55,269325.465,204070.045,54881.92,331.25,conventional,2015.0,California,0,6,338,1.394970414201183
2015-09-06,1.09,13.879563512796107,276269.395,371003.98,15608.55,269325.465,204070.045,33545.37,331.25,conventional,2015.0,California,0,6,338,1.394970414201183
2015-08-30,1.08,13.879563512796107,276269.395,371003.98,15608.55,269325.465,204070.045,5989.25,331.25,conventional,2015.0,California,0,6,338,1.394970414201183
2015-08-23,1.18,13.879563512796107,276269.395,371003.98,15608.55,269325.465,204070.045,6573.5,331.25,conventional,2015.0,California,0,6,338,1.394970414201183
2015-08-16,1.11,13.879563512796107,276269.395,371003.98,15608.55,269325.465,204070.045,2081.96,331.25,conventional,2015.0,California,0,6,338,1.394970414201183
2015-08-09,1.1,13.879563512796107,276269.395,371003.98,15608.55,269325.465,204070.045,7356.84,331.25,conventional,2015.0,California,0,6,338,1.394970414201183
2015-08-02,1.16,13.879563512796107,276269.395,371003.98,15608.55,269325.465,204070.045,4953.57,331.25,conventional,2015.0,California,0,6,338,1.394970414201183
2015-07-26,1.13,13.879563512796107,276269.395,371003.98,15608.55,269325.465,204070.045,5181.16,331.25,conventional,2015.0,California,0,6,338,1.394970414201183
2015-07-19,1.18,13.879563512796107,276269.395,371003.98,15608.55,269325.465,204070.045,20673.8,331.25,conventional,2015.0,California,0,6,338,1.394970414201183
2015-07-12,1.13,13.879563512796107,276269.395,371003.98,15608.55,269325.465,204070.045,18032.41,331.25,conventional,2015.0,California,0,6,338,1.394970414201183
2015-07-05,1.12,13.879563512796107,276269.395,371003.98,15608.55,269325.465,204070.045,27317.19,331.25,conventional,2015.0,California,0,6,338,1.394970414201183
2015-06-28,1.1,13.879563512796107,276269.395,371003.98,15608.55,269325.465,204070.045,21861.54,331.25,conventional,2015.0,California,0,6,338,1.394970414201183
2015-06-21,1.07,13.879563512796107,276269.395,371003.98,15608.55,269325.465,204070.045,24277.53,331.25,conventional,2015.0,California,0,6,338,1.394970414201183
2015-06-14,0.97,13.879563512796107,276269.395,371003.98,15608.55,269325.465,204070.045,22961.19,331.25,conventional,2015.0,California,0,6,338,1.394970414201183
2015-06-07,0.98,13.879563512796107,276269.395,371003.98,15608.55,269325.465,204070.045,23422.39,331.25,conventional,2015.0,California,0,6,338,1.394970414201183
2015-05-31,0.98,13.879563512796107,276269.395,371003.98,15608.55,269325.465,204070.045,23083.08,331.25,conventional,2015.0,California,0,6,338,1.394970414201183
2015-05-24,1.1,13.879563512796107,276269.395,371003.98,15608.55,269325.465,204070.045,24485.84,331.25,conventional,2015.0,California,0,6,338,1.394970414201183
2015-05-17,1.08,13.879563512796107,276269.395,371003.98,15608.55,269325.465,204070.045,18497.03,331.25,conventional,2015.0,California,0,6,338,1.394970414201183
2015-05-10,0.93,13.879563512796107,276269.395,371003.98,15608.55,269325.465,204070.045,18366.27,331.25,conventional,2015.0,California,0,6,338,1.394970414201183
2015-05-03,0.88,13.879563512796107,276269.395,371003.98,15608.55,269325.465,204070.045,19735.89,331.25,conventional,2015.0,California,0,6,338,1.394970414201183
2015-04-26,1.15,13.879563512796107,276269.395,371003.98,15608.55,269325.465,204070.045,26483.99,331.25,conventional,2015.0,California,0,6,338,1.394970414201183
2015-04-19,1.05,13.879563512796107,276269.395,371003.98,15608.55,269325.465,204070.045,54881.92,331.25,conventional,2015.0,California,0,6,338,1.394970414201183
2015-04-12,1.06,13.879563512796107,276269.395,371003.98,15608.55,269325.465,204070.045,54881.92,331.25,conventional,2015.0,California,0,6,338,1.394970414201183
2015-04-05,1.12,13.879563512796107,276269.395,371003.98,15608.55,269325.465,204070.045,54881.92,331.25,conventional,2015.0,California,0,6,338,1.394970414201183
2015-03-29,1.1,13.879563512796107,276269.395,371003.98,15608.55,269325.465,204070.045,54881.92,331.25,conventional,2015.0,California,0,6,338,1.394970414201183
2015-03-22,1.06,13.879563512796107,276269.395,371003.98,15608.55,269325.465,204070.045,30058.97,331.25,conventional,2015.0,California,0,6,338,1.394970414201183
2015-03-15,1.06,13.879563512796107,276269.395,371003.98,15608.55,269325.465,204070.045,27625.15,331.25,conventional,2015.0,California,0,6,338,1.394970414201183
2015-03-08,0.96,13.879563512796107,276269.395,371003.98,15608.55,269325.465,204070.045,27241.05,331.25,conventional,2015.0,California,0,6,338,1.394970414201183
2015-03-01,0.84,13.879563512796107,276269.395,371003.98,15608.55,269325.465,204070.045,34845.51,331.25,conventional,2015.0,California,0,6,338,1.394970414201183
2015-02-22,0.96,13.879563512796107,276269.395,371003.98,15608.55,269325.465,204070.045,36940.51,331.25,conventional,2015.0,California,0,6,338,1.394970414201183
2015-02-15,0.96,13.879563512796107,276269.395,371003.98,15608.55,269325.465,204070.045,47017.93,331.25,conventional,2015.0,California,0,6,338,1.394970414201183
2015-02-08,0.91,13.879563512796107,276269.395,371003.98,15608.55,269325.465,204070.045,54881.92,331.25,conventional,2015.0,California,0,6,338,1.394970414201183
2015-02-01,0.85,13.879563512796107,276269.395,371003.98,15608.55,269325.465,204070.045,41203.2,331.25,conventional,2015.0,California,0,6,338,1.394970414201183
2015-01-25,1.06,13.879563512796107,276269.395,371003.98,15608.55,269325.465,204070.045,46809.48,331.25,conventional,2015.0,California,0,6,338,1.394970414201183
2015-01-18,1.02,13.879563512796107,276269.395,371003.98,15608.55,269325.465,204070.045,36501.18,331.25,conventional,2015.0,California,0,6,338,1.394970414201183
2015-01-11,0.92,13.879563512796107,276269.395,371003.98,15608.55,269325.465,204070.045,31874.03,331.25,conventional,2015.0,California,0,6,338,1.394970414201183
2015-01-04,0.93,13.879563512796107,276269.395,371003.98,15608.55,269325.465,204070.045,47882.56,331.25,conventional,2015.0,California,0,6,338,1.394970414201183
2015-12-27,0.96,11.962083578300442,33070.27,62956.24,15608.55,37630.04,35130.42,2499.62,0.0,conventional,2015.0,Charlotte,0,7,338,1.6005029585798813
2015-12-20,0.98,11.848818176556385,29500.04,55520.58,15608.55,35054.76,33273.25,1781.51,0.0,conventional,2015.0,Charlotte,0,7,338,1.6005029585798813
2015-12-13,0.95,11.964938161060438,31727.46,62544.19,15608.55,39031.59,35793.08,3238.51,0.0,conventional,2015.0,Charlotte,0,7,338,1.6005029585798813
2015-12-06,0.99,11.958348706578136,34117.36,63074.74,15608.55,30439.26,28181.92,2257.34,0.0,conventional,2015.0,Charlotte,0,7,338,1.6005029585798813
2015-11-29,0.95,11.841220502097046,31911.11,53470.54,15608.55,30791.41,27376.3,3415.11,0.0,conventional,2015.0,Charlotte,0,7,338,1.6005029585798813
2015-11-22,1.0,11.802750215247471,30028.69,53644.97,15608.55,25723.09,22228.47,3494.62,0.0,conventional,2015.0,Charlotte,0,7,338,1.6005029585798813
2015-11-15,1.01,12.039322187495053,28543.88,80244.55,15608.55,23632.22,21132.1,2500.12,0.0,conventional,2015.0,Charlotte,0,7,338,1.6005029585798813
2015-11-08,1.03,12.009589525478107,30860.74,54456.01,15608.55,29723.04,28076.04,1647.0,0.0,conventional,2015.0,Charlotte,0,7,338,1.6005029585798813
2015-11-01,1.11,12.054056427783784,33371.6,47079.68,15608.55,37373.73,32848.04,4525.69,0.0,conventional,2015.0,Charlotte,0,7,338,1.6005029585798813
2015-10-25,1.27,11.855959057311852,23093.86,38356.83,15608.55,34587.41,30219.23,4368.18,0.0,conventional,2015.0,Charlotte,0,7,338,1.6005029585798813
2015-10-18,1.26,11.961239184622386,22805.02,54518.85,15608.55,34534.79,31176.68,3358.11,0.0,conventional,2015.0,Charlotte,0,7,338,1.6005029585798813
2015-10-11,1.14,12.028126861065097,22941.59,45669.33,15608.55,39795.83,33103.01,6692.82,0.0,conventional,2015.0,Charlotte,0,7,338,1.6005029585798813
2015-10-04,1.22,11.896409005615338,23648.94,44671.1,15608.55,38050.77,30388.81,7661.96,0.0,conventional,2015.0,Charlotte,0,7,338,1.6005029585798813
2015-09-27,1.09,12.036358599030425,24397.92,54210.03,15608.55,31620.63,27053.27,4567.36,0.0,conventional,2015.0,Charlotte,0,7,338,1.6005029585798813
2015-09-20,1.2,11.991919682485303,25922.66,46906.06,15608.55,47353.43,38940.45,8412.98,0.0,conventional,2015.0,Charlotte,0,7,338,1.6005029585798813
2015-09-13,1.19,12.04987796983257,30122.92,41616.87,15608.55,62868.31,56910.24,5958.07,0.0,conventional,2015.0,Charlotte,0,7,338,1.6005029585798813
2015-09-06,1.01,12.335913492711756,35126.74,62187.49,15608.55,66041.86,59197.7,6844.16,0.0,conventional,2015.0,Charlotte,0,7,338,1.6005029585798813
2015-08-30,1.2,12.095296826884413,33511.97,41700.97,15608.55,65683.65,63371.06,2312.59,0.0,conventional,2015.0,Charlotte,0,7,338,1.6005029585798813
2015-08-23,1.15,12.22243490074297,32280.63,50475.57,15608.55,78864.57,76846.13,2018.44,0.0,conventional,2015.0,Charlotte,0,7,338,1.6005029585798813
2015-08-16,1.24,12.092492440594759,32128.6,42068.1,15608.55,62985.56,60769.22,2216.34,0.0,conventional,2015.0,Charlotte,0,7,338,1.6005029585798813
2015-08-09,1.21,12.061395483228708,29915.8,43782.95,15608.55,61746.27,57783.2,3963.07,0.0,conventional,2015.0,Charlotte,0,7,338,1.6005029585798813
2015-08-02,1.24,12.09694337034472,30200.32,48686.77,15608.55,60699.91,58627.67,2072.24,0.0,conventional,2015.0,Charlotte,0,7,338,1.6005029585798813
2015-07-26,1.23,12.066223164323606,30901.1,39607.94,15608.55,64127.07,62053.65,2073.42,0.0,conventional,2015.0,Charlotte,0,7,338,1.6005029585798813
2015-07-19,1.19,12.141939535535732,33382.11,49072.16,15608.55,65605.47,62470.83,3134.64,0.0,conventional,2015.0,Charlotte,0,7,338,1.6005029585798813
2015-07-12,1.18,12.116464189958633,23580.7,56317.45,15608.55,67851.56,65681.23,2170.33,0.0,conventional,2015.0,Charlotte,0,7,338,1.6005029585798813
2015-07-05,1.18,12.283588625251989,30803.29,73470.29,15608.55,71243.15,67865.26,3377.89,0.0,conventional,2015.0,Charlotte,0,7,338,1.6005029585798813
2015-06-28,1.17,12.173833556025743,23693.74,58162.31,15608.55,69753.61,67989.08,1764.53,0.0,conventional,2015.0,Charlotte,0,7,338,1.6005029585798813
2015-06-21,1.17,12.211925981287413,30951.17,58913.49,15608.55,73048.34,69426.0,3622.34,0.0,conventional,2015.0,Charlotte,0,7,338,1.6005029585798813
2015-06-14,1.15,12.240932324721724,31247.67,64828.77,15608.55,69824.22,67842.39,1981.83,0.0,conventional,2015.0,Charlotte,0,7,338,1.6005029585798813
2015-06-07,1.15,12.205979141158776,43524.21,45226.73,15608.55,72650.56,69123.57,3526.99,0.0,conventional,2015.0,Charlotte,0,7,338,1.6005029585798813
2015-05-31,1.19,12.17886515578552,45688.14,43259.91,15608.55,61153.08,58990.8,2162.28,0.0,conventional,2015.0,Charlotte,0,7,338,1.6005029585798813
2015-05-24,1.2,12.266832411155448,43628.72,59207.62,15608.55,63676.95,59663.25,4013.7,0.0,conventional,2015.0,Charlotte,0,7,338,1.6005029585798813
2015-05-17,1.21,12.158986226662106,44340.34,46424.29,15608.55,59786.84,57583.99,2202.85,0.0,conventional,2015.0,Charlotte,0,7,338,1.6005029585798813
2015-05-10,1.19,12.169243139161818,47626.37,42863.8,15608.55,63906.65,61759.57,2147.08,0.0,conventional,2015.0,Charlotte,0,7,338,1.6005029585798813
2015-05-03,1.0,12.47416355832492,50203.31,69446.61,15608.55,64214.79,58626.28,5588.51,0.0,conventional,2015.0,Charlotte,0,7,338,1.6005029585798813
2015-04-26,1.2,12.11254490124342,39481.13,44796.9,15608.55,59902.38,58701.2,1201.18,0.0,conventional,2015.0,Charlotte,0,7,338,1.6005029585798813
2015-04-19,1.18,12.105949612505922,38330.46,41954.32,15608.55,64618.32,63182.05,1436.27,0.0,conventional,2015.0,Charlotte,0,7,338,1.6005029585798813
2015-04-12,1.17,12.225905860593837,48793.38,50390.01,15608.55,65183.51,61787.29,3396.22,0.0,conventional,2015.0,Charlotte,0,7,338,1.6005029585798813
2015-04-05,1.19,12.089090863784126,43112.4,40448.49,15608.55,58148.27,56450.56,1599.1,98.61,conventional,2015.0,Charlotte,0,7,338,1.6005029585798813
2015-03-29,1.23,12.093964359233267,34498.06,50741.07,15608.55,52860.94,51856.01,1004.93,0.0,conventional,2015.0,Charlotte,0,7,338,1.6005029585798813
2015-03-22,1.19,12.116569894917705,41638.46,44726.81,15608.55,59411.65,56443.98,2967.67,0.0,conventional,2015.0,Charlotte,0,7,338,1.6005029585798813
2015-03-15,1.19,12.122392350684581,39138.41,48595.62,15608.55,52470.09,51028.01,1442.08,0.0,conventional,2015.0,Charlotte,0,7,338,1.6005029585798813
2015-03-08,1.25,11.979094815254454,29980.15,39244.64,15608.55,53912.29,52537.96,1374.33,0.0,conventional,2015.0,Charlotte,0,7,338,1.6005029585798813
2015-03-01,1.18,12.079076082888974,45465.24,40006.65,15608.55,55725.59,52873.84,2851.75,0.0,conventional,2015.0,Charlotte,0,7,338,1.6005029585798813
2015-02-22,1.08,12.214747063742983,44679.57,48498.63,15608.55,46972.92,44919.71,2053.21,0.0,conventional,2015.0,Charlotte,0,7,338,1.6005029585798813
2015-02-15,1.22,11.962723261893561,28227.83,38591.73,15608.55,49548.44,40419.97,9128.47,0.0,conventional,2015.0,Charlotte,0,7,338,1.6005029585798813
2015-02-08,1.17,11.919326002094884,31509.41,35566.91,15608.55,51284.33,41921.3,9363.03,0.0,conventional,2015.0,Charlotte,0,7,338,1.6005029585798813
2015-02-01,0.98,12.445131671097652,52915.5,71209.89,15608.55,49070.43,33450.14,15620.29,0.0,conventional,2015.0,Charlotte,0,7,338,1.6005029585798813
2015-01-25,1.18,12.027371307828163,37383.37,44000.75,15608.55,54309.81,41623.4,12686.41,0.0,conventional,2015.0,Charlotte,0,7,338,1.6005029585798813
2015-01-18,1.25,11.93604809081378,26462.87,40475.81,15608.55,47055.08,33996.73,13058.35,0.0,conventional,2015.0,Charlotte,0,7,338,1.6005029585798813
2015-01-11,1.26,11.982577032249422,31586.35,38118.77,15608.55,49435.79,38822.26,10613.53,0.0,conventional,2015.0,Charlotte,0,7,338,1.6005029585798813
2015-01-04,1.19,12.019786982037067,29419.03,47220.75,15608.55,50797.56,44329.03,6468.53,0.0,conventional,2015.0,Charlotte,0,7,338,1.6005029585798813
