assignement2/avocado_encoded.csv
Date,AveragePrice,Total Volume,4046,4225,4770,Total Bags,Small Bags,Large Bags,XLarge Bags,type,year,region,type_label,region_ordinal,region_frequency,region_target
2015-12-27,0.93,13.401718068258045,42799.0,371003.98,15608.55,94741.09,83066.75,1617.67,331.25,conventional,2015.0,Chicago,0,8,338,1.5567751479289942
2015-12-20,0.91,13.445417912212074,35724.99,371003.98,15608.55,94063.9,76241.25,9592.65,331.25,conventional,2015.0,Chicago,0,8,338,1.5567751479289942
2015-12-13,1.07,13.412944992117591,40380.09,371003.98,15608.55,82588.46,76829.42,5693.75,65.29,conventional,2015.0,Chicago,0,8,338,1.5567751479289942
2015-12-06,1.14,13.406069792392685,53173.18,371003.98,15608.55,62910.83,62473.12,420.95,16.76,conventional,2015.0,Chicago,0,8,338,1.5567751479289942
2015-11-29,1.11,13.308813433538065,42851.47,371003.98,15608.55,62161.46,61862.57,298.89,0.0,conventional,2015.0,Chicago,0,8,338,1.5567751479289942
2015-11-22,0.94,13.530357139104886,34868.5,371003.98,15608.55,73751.75,73457.31,294.44,0.0,conventional,2015.0,Chicago,0,8,338,1.5567751479289942
2015-11-15,1.17,13.372161260756517,31286.11,371003.98,15608.55,74984.77,74723.66,261.11,0.0,conventional,2015.0,Chicago,0,8,338,1.5567751479289942
2015-11-08,1.01,13.474635296239018,44528.42,371003.98,15608.55,66166.46,65842.08,324.38,0.0,conventional,2015.0,Chicago,0,8,338,1.5567751479289942
2015-11-01,1.0,13.601131560490042,69420.04,371003.98,15608.55,68869.94,68447.93,422.01,0.0,conventional,2015.0,Chicago,0,8,338,1.5567751479289942
2015-10-25,1.12,13.441037113410927,59161.08,371003.98,15608.55,66124.18,65795.24,323.33,5.61,conventional,2015.0,Chicago,0,8,338,1.5567751479289942
2015-10-18,1.15,13.444886750829067,25883.13,371003.98,15608.55,63116.01,62076.66,285.56,331.25,conventional,2015.0,Chicago,0,8,338,1.5567751479289942
2015-10-11,1.08,13.471491150965251,16455.46,371003.98,15608.55,68648.48,65144.93,528.99,331.25,conventional,2015.0,Chicago,0,8,338,1.5567751479289942
2015-10-04,1.18,13.422725166406428,14268.84,371003.98,15608.55,69930.27,66015.29,2240.14,331.25,conventional,2015.0,Chicago,0,8,338,1.5567751479289942
2015-09-27,1.15,13.487704233624331,16483.95,371003.98,15608.55,70795.02,63370.36,2923.19,331.25,conventional,2015.0,Chicago,0,8,338,1.5567751479289942
2015-09-20,1.19,13.499591439499529,16477.56,371003.98,15608.55,74891.66,71195.89,3316.58,331.25,conventional,2015.0,Chicago,0,8,338,1.5567751479289942
2015-09-13,1.19,13.56148566110855,17172.26,371003.98,15608.55,82914.08,78368.45,3809.54,331.25,conventional,2015.0,Chicago,0,8,338,1.5567751479289942
2015-09-06,1.11,13.603157059095777,17595.54,371003.98,15608.55,86202.35,82905.34,3289.62,7.39,conventional,2015.0,Chicago,0,8,338,1.5567751479289942
2015-08-30,1.12,13.559035805224786,17363.14,371003.98,15608.55,73918.94,71627.03,2205.32,86.59,conventional,2015.0,Chicago,0,8,338,1.5567751479289942
2015-08-23,1.2,13.530293458302625,17595.95,371003.98,15608.55,80272.17,77073.51,2759.79,331.25,conventional,2015.0,Chicago,0,8,338,1.5567751479289942
2015-08-16,1.16,13.614240882038025,19193.94,371003.98,15608.55,83807.06,80018.54,3447.81,331.25,conventional,2015.0,Chicago,0,8,338,1.5567751479289942
2015-08-09,1.25,13.502341104177097,18237.36,371003.98,15608.55,81788.18,79510.48,1904.8,331.25,conventional,2015.0,Chicago,0,8,338,1.5567751479289942
2015-08-02,1.27,13.54242598174439,21607.12,371003.98,15608.55,82175.8,79197.97,2476.3,331.25,conventional,2015.0,Chicago,0,8,338,1.5567751479289942
2015-07-26,1.12,13.58147457390824,26653.29,371003.98,15608.55,88152.13,83728.75,3516.34,331.25,conventional,2015.0,Chicago,0,8,338,1.5567751479289942
2015-07-19,1.24,13.588686830601752,20534.84,371003.98,15608.55,98743.44,92362.71,3531.27,331.25,conventional,2015.0,Chicago,0,8,338,1.5567751479289942
2015-07-12,1.26,13.556936959834424,22933.92,371003.98,15608.55,94328.48,90428.86,2536.23,331.25,conventional,2015.0,Chicago,0,8,338,1.5567751479289942
2015-07-05,1.24,13.750778364740142,28422.72,371003.98,15608.55,129052.84,126579.11,2236.49,237.24,conventional,2015.0,Chicago,0,8,338,1.5567751479289942
2015-06-28,1.21,13.575031638664901,27391.54,371003.98,15608.55,129786.59,126835.7,1896.33,331.25,conventional,2015.0,Chicago,0,8,338,1.5567751479289942
2015-06-21,1.24,13.59847769828633,34715.08,371003.98,15608.55,111021.71,107242.86,1658.76,331.25,conventional,2015.0,Chicago,0,8,338,1.5567751479289942
2015-06-14,1.21,13.674175550470695,55227.59,371003.98,15608.55,119024.61,116318.18,2618.95,87.48,conventional,2015.0,Chicago,0,8,338,1.5567751479289942
2015-06-07,1.24,13.622189402788461,51410.51,371003.98,15608.55,105212.4,99942.37,4693.09,331.25,conventional,2015.0,Chicago,0,8,338,1.5567751479289942
2015-05-31,1.26,13.596823150775613,50563.81,371003.98,15608.55,101425.36,99122.66,2299.08,3.62,conventional,2015.0,Chicago,0,8,338,1.5567751479289942
2015-05-24,1.23,13.695719803188013,57568.25,371003.98,15608.55,104263.68,101615.53,2639.11,9.04,conventional,2015.0,Chicago,0,8,338,1.5567751479289942
2015-05-17,1.23,13.614460109293887,54087.8,371003.98,15608.55,85534.2,82689.93,2813.47,30.8,conventional,2015.0,Chicago,0,8,338,1.5567751479289942
2015-05-10,1.23,13.636311676540698,55587.31,371003.98,15608.55,93316.19,88847.94,4468.25,0.0,conventional,2015.0,Chicago,0,8,338,1.5567751479289942
2015-05-03,1.04,13.79365048818411,64798.64,371003.98,15608.55,93715.67,89297.42,4414.64,3.61,conventional,2015.0,Chicago,0,8,338,1.5567751479289942
2015-04-26,1.24,13.566881248665528,46749.43,371003.98,15608.55,92705.9,88341.96,3573.83,331.25,conventional,2015.0,Chicago,0,8,338,1.5567751479289942
2015-04-19,1.24,13.632224608292963,52850.1,371003.98,15608.55,92160.87,89276.61,2780.32,103.94,conventional,2015.0,Chicago,0,8,338,1.5567751479289942
2015-04-12,1.24,13.474033791547722,45103.98,371003.98,15608.55,94153.9,91664.47,2475.13,14.3,conventional,2015.0,Chicago,0,8,338,1.5567751479289942
2015-04-05,1.27,13.530243460445046,38641.17,371003.98,15608.55,91422.8,87170.22,3422.83,331.25,conventional,2015.0,Chicago,0,8,338,1.5567751479289942
2015-03-29,1.22,13.537479048667535,25629.52,371003.98,15608.55,101458.91,97284.77,4163.46,10.68,conventional,2015.0,Chicago,0,8,338,1.5567751479289942
2015-03-22,1.21,13.592301416999108,29308.0,371003.98,15608.55,90358.9,87394.44,2925.41,39.05,conventional,2015.0,Chicago,0,8,338,1.5567751479289942
2015-03-15,1.09,13.625573746583294,30100.78,371003.98,15608.55,97254.41,93312.94,3914.88,26.59,conventional,2015.0,Chicago,0,8,338,1.5567751479289942
2015-03-08,1.18,13.558031856673882,27489.32,371003.98,15608.55,109455.37,107215.4,2234.66,5.31,conventional,2015.0,Chicago,0,8,338,1.5567751479289942
2015-03-01,1.09,13.668624941868849,24137.05,371003.98,15608.55,90420.46,88092.48,2289.01,38.97,conventional,2015.0,Chicago,0,8,338,1.5567751479289942
2015-02-22,1.18,13.558136637988968,39072.26,371003.98,15608.55,94439.89,90447.44,3976.51,15.94,conventional,2015.0,Chicago,0,8,338,1.5567751479289942
2015-02-15,1.17,13.495859189964907,29711.82,371003.98,15608.55,97651.22,92518.95,5112.69,19.58,conventional,2015.0,Chicago,0,8,338,1.5567751479289942
2015-02-08,1.13,13.499876935349054,28216.83,371003.98,15608.55,82336.09,78980.96,3273.2,81.93,conventional,2015.0,Chicago,0,8,338,1.5567751479289942
2015-02-01,0.91,13.879563512796107,50783.91,371003.98,15608.55,93077.9,89516.93,3448.62,112.35,conventional,2015.0,Chicago,0,8,338,1.5567751479289942
2015-01-25,1.22,13.521730155103828,26117.56,371003.98,15608.55,85220.93,75867.61,9265.81,87.51,conventional,2015.0,Chicago,0,8,338,1.5567751479289942
2015-01-18,1.14,13.589541054907125,24917.77,371003.98,15608.55,98865.72,95516.44,3311.71,37.57,conventional,2015.0,Chicago,0,8,338,1.5567751479289942
2015-01-11,1.15,13.595955485351872,31239.94,371003.98,15608.55,79298.64,74716.43,4539.25,42.96,conventional,2015.0,Chicago,0,8,338,1.5567751479289942
2015-01-04,1.11,13.570976132006535,30270.26,371003.98,15608.55,77539.48,72888.46,4651.02,0.0,conventional,2015.0,Chicago,0,8,338,1.5567751479289942
2015-12-27,0.87,12.001473393384565,2633.37,100444.22,9546.88,50369.3,14050.64,30968.06,331.25,conventional,2015.0,CincinnatiDayton,0,9,338,1.2092011834319527
2015-12-20,0.85,12.074975829774043,2732.05,108930.75,7517.01,56245.76,12118.45,39679.66,331.25,conventional,2015.0,CincinnatiDayton,0,9,338,1.2092011834319527
2015-12-13,0.79,12.242343193915975,3802.6,123544.78,4574.03,75464.86,15835.2,54881.92,331.25,conventional,2015.0,CincinnatiDayton,0,9,338,1.2092011834319527
2015-12-06,0.83,12.242954279014478,2914.81,129978.67,15475.56,59144.0,13539.21,42885.85,331.25,conventional,2015.0,CincinnatiDayton,0,9,338,1.2092011834319527
2015-11-29,0.88,11.85904628961223,2399.32,94093.55,5885.57,38977.9,12785.15,24850.38,331.25,conventional,2015.0,CincinnatiDayton,0,9,338,1.2092011834319527
2015-11-22,0.89,12.071935297923437,2565.81,115591.25,9595.72,47140.21,13804.56,31446.68,331.25,conventional,2015.0,CincinnatiDayton,0,9,338,1.2092011834319527
2015-11-15,0.88,12.174190880298069,2680.0,129291.79,4905.63,56845.8,15733.89,40083.17,331.25,conventional,2015.0,CincinnatiDayton,0,9,338,1.2092011834319527
2015-11-08,0.87,12.384516401697832,2979.02,156267.5,15608.55,60246.26,12989.82,42509.75,331.25,conventional,2015.0,CincinnatiDayton,0,9,338,1.2092011834319527
2015-11-01,0.93,12.448082425071455,2998.18,166867.82,13267.88,71626.45,14831.2,53584.84,331.25,conventional,2015.0,CincinnatiDayton,0,9,338,1.2092011834319527
2015-10-25,1.01,12.224318718887325,2264.65,132625.92,9187.24,59603.9,12423.07,45209.19,331.25,conventional,2015.0,CincinnatiDayton,0,9,338,1.2092011834319527
2015-10-18,0.98,12.133746868937465,2297.3,131737.84,8931.62,43077.8,17414.57,24553.19,331.25,conventional,2015.0,CincinnatiDayton,0,9,338,1.2092011834319527
2015-10-11,0.91,12.271526856670661,2251.48,146962.49,13777.63,50536.17,16191.77,31742.92,331.25,conventional,2015.0,CincinnatiDayton,0,9,338,1.2092011834319527
2015-10-04,0.93,12.368382293130018,2132.57,157237.69,11767.9,64105.72,16488.06,45980.45,331.25,conventional,2015.0,CincinnatiDayton,0,9,338,1.2092011834319527
2015-09-27,1.08,12.216090399852902,2220.62,138937.95,11725.37,49128.68,12344.28,34341.61,331.25,conventional,2015.0,CincinnatiDayton,0,9,338,1.2092011834319527
2015-09-20,1.05,12.256984937345463,3127.8,139042.8,15608.55,47094.76,12353.22,29601.09,331.25,conventional,2015.0,CincinnatiDayton,0,9,338,1.2092011834319527
2015-09-13,1.05,12.285576284855551,2195.13,139863.58,15608.55,56180.0,17271.72,34690.26,331.25,conventional,2015.0,CincinnatiDayton,0,9,338,1.2092011834319527
2015-09-06,1.02,12.355177373069088,2462.55,154106.32,8956.92,66632.12,19499.39,45312.94,331.25,conventional,2015.0,CincinnatiDayton,0,9,338,1.2092011834319527
2015-08-30,1.01,12.363644993340545,2623.58,153832.57,14357.02,63318.92,17804.54,42734.02,331.25,conventional,2015.0,CincinnatiDayton,0,9,338,1.2092011834319527
2015-08-23,1.05,12.24822099205659,2750.77,141969.26,5299.54,58589.27,15961.91,41548.22,331.25,conventional,2015.0,CincinnatiDayton,0,9,338,1.2092011834319527
2015-08-16,1.01,12.3645730088961,2472.69,146747.71,15608.55,63557.7,16806.65,41442.96,331.25,conventional,2015.0,CincinnatiDayton,0,9,338,1.2092011834319527
2015-08-09,1.08,12.275484009436955,2357.57,144957.92,10921.95,56136.97,19933.89,34194.18,331.25,conventional,2015.0,CincinnatiDayton,0,9,338,1.2092011834319527
2015-08-02,1.09,12.2362252520176,2443.41,142847.6,9778.16,51052.19,16179.92,33163.78,331.25,conventional,2015.0,CincinnatiDayton,0,9,338,1.2092011834319527
2015-07-26,1.03,12.28586384465501,2474.11,139527.28,5691.94,68917.85,24769.87,43020.67,331.25,conventional,2015.0,CincinnatiDayton,0,9,338,1.2092011834319527
2015-07-19,1.06,12.317077293066546,3726.35,146965.54,14449.26,58337.87,21470.67,33782.97,331.25,conventional,2015.0,CincinnatiDayton,0,9,338,1.2092011834319527
2015-07-12,1.03,12.293038104798935,3503.25,148642.65,4243.48,61781.42,23225.75,37926.4,331.25,conventional,2015.0,CincinnatiDayton,0,9,338,1.2092011834319527
2015-07-05,1.03,12.431722373757859,3238.38,165479.82,10201.81,71706.32,27500.3,43026.64,331.25,conventional,2015.0,CincinnatiDayton,0,9,338,1.2092011834319527
2015-06-28,1.01,12.324596917514134,3691.48,144983.7,3666.71,72823.95,34098.54,38098.48,331.25,conventional,2015.0,CincinnatiDayton,0,9,338,1.2092011834319527
2015-06-21,1.02,12.400871041835007,3795.3,158957.39,15259.47,65000.04,25431.9,37441.3,331.25,conventional,2015.0,CincinnatiDayton,0,9,338,1.2092011834319527
2015-06-14,1.05,12.34306776377516,6856.14,145975.24,10046.57,66485.56,30258.12,34920.23,331.25,conventional,2015.0,CincinnatiDayton,0,9,338,1.2092011834319527
2015-06-07,1.07,12.367267045726173,10630.01,146360.2,14601.72,63389.74,23651.85,36952.36,331.25,conventional,2015.0,CincinnatiDayton,0,9,338,1.2092011834319527
2015-05-31,1.06,12.312159502338385,10459.41,143893.61,4652.39,63377.28,20976.26,41425.81,331.25,conventional,2015.0,CincinnatiDayton,0,9,338,1.2092011834319527
2015-05-24,1.1,12.312192777606382,10258.51,152036.29,4490.78,55604.51,24486.78,30170.62,331.25,conventional,2015.0,CincinnatiDayton,0,9,338,1.2092011834319527
2015-05-17,1.04,12.365553409473375,10239.98,150323.91,14523.82,59491.63,18091.92,38536.09,331.25,conventional,2015.0,CincinnatiDayton,0,9,338,1.2092011834319527
2015-05-10,1.06,12.466896339312415,11982.39,172173.77,2408.09,73034.51,22506.92,50265.04,262.55,conventional,2015.0,CincinnatiDayton,0,9,338,1.2092011834319527
2015-05-03,1.08,12.380622245423973,11468.92,162213.47,7282.09,57176.48,18315.96,37361.33,331.25,conventional,2015.0,CincinnatiDayton,0,9,338,1.2092011834319527
2015-04-26,1.06,12.27592752538114,8217.17,138764.19,6904.19,60583.96,21522.31,37783.16,331.25,conventional,2015.0,CincinnatiDayton,0,9,338,1.2092011834319527
2015-04-19,1.02,12.332615953265504,8229.4,144900.84,12959.1,60889.38,35196.33,23101.71,331.25,conventional,2015.0,CincinnatiDayton,0,9,338,1.2092011834319527
2015-04-12,1.02,12.149178590861904,11176.67,120830.33,1306.19,55624.64,38219.34,17270.02,135.28,conventional,2015.0,CincinnatiDayton,0,9,338,1.2092011834319527
2015-04-05,1.06,12.186734870173588,7516.57,135093.59,2508.15,51050.29,36567.48,14361.02,121.79,conventional,2015.0,CincinnatiDayton,0,9,338,1.2092011834319527
2015-03-29,0.95,12.197869894769001,3014.53,122178.0,2448.36,70724.27,46587.15,23745.65,331.25,conventional,2015.0,CincinnatiDayton,0,9,338,1.2092011834319527
2015-03-22,0.98,12.267736444861633,2968.26,137560.99,15608.55,48822.51,11317.29,31773.08,331.25,conventional,2015.0,CincinnatiDayton,0,9,338,1.2092011834319527
2015-03-15,0.94,12.18591876355129,3550.62,131234.14,3387.38,57836.43,19570.41,37402.27,331.25,conventional,2015.0,CincinnatiDayton,0,9,338,1.2092011834319527
2015-03-08,0.87,12.297337426458585,3470.71,147536.24,3678.29,64425.57,30834.06,32786.33,331.25,conventional,2015.0,CincinnatiDayton,0,9,338,1.2092011834319527
2015-03-01,0.89,12.332496640335131,3610.46,157400.74,15608.55,47259.72,14963.96,28229.86,331.25,conventional,2015.0,CincinnatiDayton,0,9,338,1.2092011834319527
2015-02-22,0.93,12.117640368631127,4431.56,134258.95,3240.16,41141.35,18685.14,21703.66,331.25,conventional,2015.0,CincinnatiDayton,0,9,338,1.2092011834319527
2015-02-15,0.94,12.04326761628624,4399.26,122866.03,3067.22,39617.86,21356.07,17556.58,331.25,conventional,2015.0,CincinnatiDayton,0,9,338,1.2092011834319527
2015-02-08,0.93,12.136820097473038,4246.12,140926.77,4185.64,37258.67,17773.67,18571.14,331.25,conventional,2015.0,CincinnatiDayton,0,9,338,1.2092011834319527
2015-02-01,0.86,12.614553800792072,4665.89,224967.68,15608.55,51829.32,15335.37,31756.14,331.25,conventional,2015.0,CincinnatiDayton,0,9,338,1.2092011834319527
2015-01-25,0.93,12.271651796899238,3617.45,162644.69,656.23,46636.08,20650.03,25970.02,16.03,conventional,2015.0,CincinnatiDayton,0,9,338,1.2092011834319527
2015-01-18,0.93,12.076431333862775,3333.29,128858.15,1086.61,42403.04,24024.17,18264.75,114.12,conventional,2015.0,CincinnatiDayton,0,9,338,1.2092011834319527
2015-01-11,0.92,12.21301484262088,3612.86,153100.22,1203.53,43475.66,17035.73,26345.43,94.5,conventional,2015.0,CincinnatiDayton,0,9,338,1.2092011834319527
2015-01-04,0.88,12.339600325647805,3274.3,168764.78,1447.06,55083.44,17525.31,37445.46,112.67,conventional,2015.0,CincinnatiDayton,0,9,338,1.2092011834319527
