assignement2/avocado_encoded.csv
Date,AveragePrice,Total Volume,4046,4225,4770,Total Bags,Small Bags,Large Bags,XLarge Bags,type,year,region,type_label,region_ordinal,region_frequency,region_target
2015-12-27,0.99,11.585860263510535,41808.54,27120.67,15564.05,23071.78,15032.43,3874.64,331.25,conventional,2015.0,Columbus,0,10,338,1.2527810650887576
2015-12-20,1.03,11.67329295177401,57557.75,23198.49,15608.55,20266.48,11760.83,4248.29,331.25,conventional,2015.0,Columbus,0,10,338,1.2527810650887576
2015-12-13,1.03,11.733008898897559,69742.59,21750.83,12957.84,20165.81,14642.3,4307.42,331.25,conventional,2015.0,Columbus,0,10,338,1.2527810650887576
2015-12-06,0.99,11.829170139737645,60376.23,33565.14,15608.55,18819.11,12451.6,3866.86,331.25,conventional,2015.0,Columbus,0,10,338,1.2527810650887576
2015-11-29,1.03,11.484902462783804,40352.94,22858.09,15608.55,17371.46,12106.21,4115.58,331.25,conventional,2015.0,Columbus,0,10,338,1.2527810650887576
2015-11-22,1.04,11.653475097036393,50334.8,25643.76,15608.55,18380.41,13855.13,2827.12,331.25,conventional,2015.0,Columbus,0,10,338,1.2527810650887576
2015-11-15,0.99,11.673886671847846,52474.75,26705.74,15258.85,23023.6,19594.87,2618.43,331.25,conventional,2015.0,Columbus,0,10,338,1.2527810650887576
2015-11-08,0.95,11.93220004850492,61494.68,35336.71,15608.55,25669.5,14899.79,6935.32,331.25,conventional,2015.0,Columbus,0,10,338,1.2527810650887576
2015-11-01,0.99,11.814791542132076,58162.23,31821.24,15608.55,21489.11,14668.1,3691.47,331.25,conventional,2015.0,Columbus,0,10,338,1.2527810650887576
2015-10-25,1.04,11.688652576123967,59745.47,23351.18,15608.55,17089.46,11461.37,3925.91,331.25,conventional,2015.0,Columbus,0,10,338,1.2527810650887576
2015-10-18,0.98,11.833376037437027,62590.79,33116.75,15608.55,23459.71,18601.8,4384.37,331.25,conventional,2015.0,Columbus,0,10,338,1.2527810650887576
2015-10-11,0.9,11.88660161588892,57480.41,39207.76,15608.55,23892.68,16946.85,4765.93,331.25,conventional,2015.0,Columbus,0,10,338,1.2527810650887576
2015-10-04,0.93,11.808036350334964,53606.35,38396.06,15608.55,19254.83,14952.36,2202.87,331.25,conventional,2015.0,Columbus,0,10,338,1.2527810650887576
2015-09-27,1.02,11.829921916590786,66587.59,33743.19,15608.55,18440.24,10970.85,5538.06,331.25,conventional,2015.0,Columbus,0,10,338,1.2527810650887576
2015-09-20,1.0,12.014124057216188,86031.9,31599.19,15608.55,21237.4,12029.73,4671.88,331.25,conventional,2015.0,Columbus,0,10,338,1.2527810650887576
2015-09-13,1.02,12.037808656500546,86159.05,31464.67,15608.55,24698.19,17099.64,4201.55,331.25,conventional,2015.0,Columbus,0,10,338,1.2527810650887576
2015-09-06,1.04,11.881478632657034,61052.61,40880.96,15608.55,21787.18,16533.98,3611.52,331.25,conventional,2015.0,Columbus,0,10,338,1.2527810650887576
2015-08-30,1.03,11.89976322287345,64531.04,32172.79,15608.55,24775.19,16928.02,4937.44,331.25,conventional,2015.0,Columbus,0,10,338,1.2527810650887576
2015-08-23,1.08,11.782356775859073,64597.94,29728.3,15608.55,20871.64,14961.58,5010.51,331.25,conventional,2015.0,Columbus,0,10,338,1.2527810650887576
2015-08-16,1.03,11.956859272771187,63291.37,36257.41,15608.55,23949.07,15230.44,4314.54,331.25,conventional,2015.0,Columbus,0,10,338,1.2527810650887576
2015-08-09,1.0,12.028075126595294,64121.12,52440.39,15608.55,29968.97,20668.0,7460.64,331.25,conventional,2015.0,Columbus,0,10,338,1.2527810650887576
2015-08-02,1.05,11.909006076111035,77973.44,30063.76,15608.55,23215.97,17997.33,3281.88,331.25,conventional,2015.0,Columbus,0,10,338,1.2527810650887576
2015-07-26,1.02,11.981973637912926,91758.41,25540.09,13557.25,28990.45,23981.05,3986.29,331.25,conventional,2015.0,Columbus,0,10,338,1.2527810650887576
2015-07-19,1.05,11.977528097556624,75080.98,33397.18,15608.55,26449.59,21845.65,2442.62,331.25,conventional,2015.0,Columbus,0,10,338,1.2527810650887576
2015-07-12,1.04,11.877526285997153,69964.42,32449.21,15608.55,25544.6,22605.91,2366.05,331.25,conventional,2015.0,Columbus,0,10,338,1.2527810650887576
2015-07-05,0.98,12.063193008190813,79063.5,39343.65,15608.55,30288.91,24909.93,4244.24,331.25,conventional,2015.0,Columbus,0,10,338,1.2527810650887576
2015-06-28,0.94,11.98275120339433,72752.84,38877.79,12796.57,35543.34,29338.02,5683.66,331.25,conventional,2015.0,Columbus,0,10,338,1.2527810650887576
2015-06-21,0.99,12.008610547010965,67311.23,40382.51,15608.55,31938.32,24969.38,4739.34,331.25,conventional,2015.0,Columbus,0,10,338,1.2527810650887576
2015-06-14,1.01,12.051490314221486,83138.56,33535.09,15608.55,34656.36,27204.22,6030.43,331.25,conventional,2015.0,Columbus,0,10,338,1.2527810650887576
2015-06-07,1.03,12.144116813045864,92110.97,33225.37,15608.55,33480.24,23654.01,5888.63,331.25,conventional,2015.0,Columbus,0,10,338,1.2527810650887576
2015-05-31,1.1,11.87747801890218,80729.03,21813.84,13935.13,27507.96,21434.49,4733.2,331.25,conventional,2015.0,Columbus,0,10,338,1.2527810650887576
2015-05-24,1.01,12.054555154150595,85510.9,37314.24,14261.54,34792.89,22680.26,10832.31,331.25,conventional,2015.0,Columbus,0,10,338,1.2527810650887576
2015-05-17,1.0,12.103556857572734,97341.26,38624.07,15608.55,21611.56,15997.43,2463.86,331.25,conventional,2015.0,Columbus,0,10,338,1.2527810650887576
2015-05-10,1.1,12.00030015244667,97879.64,27581.34,10126.3,27215.37,23689.19,2796.71,331.25,conventional,2015.0,Columbus,0,10,338,1.2527810650887576
2015-05-03,0.99,12.082428045672426,79998.58,53621.15,15608.55,27235.65,16302.79,9726.39,331.25,conventional,2015.0,Columbus,0,10,338,1.2527810650887576
2015-04-26,1.02,11.99188369434528,87214.58,28964.04,15608.55,28635.3,22384.1,4959.65,331.25,conventional,2015.0,Columbus,0,10,338,1.2527810650887576
2015-04-19,1.0,12.060552184667593,80303.92,40370.03,15608.55,25870.22,20819.2,1861.68,331.25,conventional,2015.0,Columbus,0,10,338,1.2527810650887576
2015-04-12,1.07,11.770651218931349,66513.95,28065.91,9955.72,24861.81,23837.01,840.46,184.34,conventional,2015.0,Columbus,0,10,338,1.2527810650887576
2015-04-05,1.09,11.744916323188713,67298.39,30313.37,9926.54,18571.52,17853.07,642.52,75.93,conventional,2015.0,Columbus,0,10,338,1.2527810650887576
2015-03-29,0.96,11.842706148720193,72473.25,25151.42,8711.76,32728.88,31416.0,937.48,331.25,conventional,2015.0,Columbus,0,10,338,1.2527810650887576
2015-03-22,0.94,12.115198307815065,101143.03,40165.62,15608.55,16321.19,9158.76,2691.96,331.25,conventional,2015.0,Columbus,0,10,338,1.2527810650887576
2015-03-15,1.01,11.917624279550488,90582.35,27040.2,9632.1,22629.45,18487.57,3462.12,331.25,conventional,2015.0,Columbus,0,10,338,1.2527810650887576
2015-03-08,0.95,11.85851713571892,56323.87,37382.46,11404.82,36170.41,29553.3,5482.53,331.25,conventional,2015.0,Columbus,0,10,338,1.2527810650887576
2015-03-01,1.03,11.826248602528086,55610.59,36034.55,15608.55,19375.08,13297.29,1837.6,331.25,conventional,2015.0,Columbus,0,10,338,1.2527810650887576
2015-02-22,1.09,11.646423219528996,56131.64,26134.29,10603.51,21411.43,18266.69,2275.13,331.25,conventional,2015.0,Columbus,0,10,338,1.2527810650887576
2015-02-15,1.05,11.57744536093435,52221.93,20939.99,8939.85,24561.91,22104.1,1860.18,331.25,conventional,2015.0,Columbus,0,10,338,1.2527810650887576
2015-02-08,0.96,11.760404648091582,76792.99,23238.8,7652.85,20393.63,17859.26,1970.91,331.25,conventional,2015.0,Columbus,0,10,338,1.2527810650887576
2015-02-01,0.87,12.286057166895535,111171.46,59739.98,15608.55,23945.98,16360.12,3422.61,331.25,conventional,2015.0,Columbus,0,10,338,1.2527810650887576
2015-01-25,1.08,11.669900837308907,53201.66,32775.08,7822.59,23196.35,21117.47,2057.45,21.43,conventional,2015.0,Columbus,0,10,338,1.2527810650887576
2015-01-18,1.02,11.665227665984135,55532.76,26458.99,7040.95,27417.51,24386.64,2962.41,68.46,conventional,2015.0,Columbus,0,10,338,1.2527810650887576
2015-01-11,0.97,11.741999237711225,64726.71,34844.49,7190.05,18981.23,16400.27,2458.67,122.29,conventional,2015.0,Columbus,0,10,338,1.2527810650887576
2015-01-04,0.89,11.974386711738152,80298.77,51860.47,7609.24,18869.56,16518.15,2132.21,219.2,conventional,2015.0,Columbus,0,10,338,1.2527810650887576
2015-12-27,0.8,13.835697072350689,276269.395,276556.76,15608.55,164495.27,136560.04,12277.7,331.25,conventional,2015.0,DallasFtWorth,0,11,338,1.0855917159763315
2015-12-20,0.82,13.740843217085342,276269.395,257532.45,15608.55,139567.69,103511.91,10331.25,331.25,conventional,2015.0,DallasFtWorth,0,11,338,1.0855917159763315
2015-12-13,0.79,13.796217824250267,276269.395,319789.56,15608.55,122485.83,114978.22,7472.99,34.62,conventional,2015.0,DallasFtWorth,0,11,338,1.0855917159763315
2015-12-06,0.74,13.86891005425057,276269.395,371003.98,8533.47,119463.87,108772.12,10525.27,166.48,conventional,2015.0,DallasFtWorth,0,11,338,1.0855917159763315
2015-11-29,0.8,13.64094270734766,276269.395,244879.52,6211.5,110783.37,96799.4,13967.44,16.53,conventional,2015.0,DallasFtWorth,0,11,338,1.0855917159763315
2015-11-22,0.78,13.693420310826134,276269.395,264820.58,9913.68,115460.44,102317.99,13138.76,3.69,conventional,2015.0,DallasFtWorth,0,11,338,1.0855917159763315
2015-11-15,0.71,13.855154940972191,276269.395,263132.27,10305.52,124103.96,109552.23,14527.64,24.09,conventional,2015.0,DallasFtWorth,0,11,338,1.0855917159763315
2015-11-08,0.8,13.792976932083937,276269.395,278244.62,15608.55,103376.75,92853.6,10364.96,158.19,conventional,2015.0,DallasFtWorth,0,11,338,1.0855917159763315
2015-11-01,0.78,13.879563512796107,276269.395,371003.98,15608.55,105901.09,98097.43,7644.9,158.76,conventional,2015.0,DallasFtWorth,0,11,338,1.0855917159763315
2015-10-25,0.86,13.825852703137295,276269.395,301143.5,15608.55,101822.75,96417.63,5279.41,125.71,conventional,2015.0,DallasFtWorth,0,11,338,1.0855917159763315
2015-10-18,0.83,13.808470595477512,276269.395,266044.08,15608.55,94315.01,87201.1,7044.44,69.47,conventional,2015.0,DallasFtWorth,0,11,338,1.0855917159763315
2015-10-11,0.81,13.879563512796107,276269.395,349743.64,15608.55,107867.59,101828.12,5967.19,72.28,conventional,2015.0,DallasFtWorth,0,11,338,1.0855917159763315
2015-10-04,0.82,13.879563512796107,276269.395,371003.98,15608.55,122784.54,107305.26,15396.93,82.35,conventional,2015.0,DallasFtWorth,0,11,338,1.0855917159763315
2015-09-27,0.84,13.877155703574998,276269.395,371003.98,15608.55,114293.5,101477.9,12776.1,39.5,conventional,2015.0,DallasFtWorth,0,11,338,1.0855917159763315
2015-09-20,0.77,13.879563512796107,276269.395,371003.98,10973.08,112113.8,99272.95,12833.33,7.52,conventional,2015.0,DallasFtWorth,0,11,338,1.0855917159763315
2015-09-13,0.86,13.879563512796107,276269.395,371003.98,9094.89,144444.25,119755.29,24666.41,22.55,conventional,2015.0,DallasFtWorth,0,11,338,1.0855917159763315
2015-09-06,0.84,13.879563512796107,276269.395,371003.98,9815.66,129188.38,120588.01,8581.65,18.72,conventional,2015.0,DallasFtWorth,0,11,338,1.0855917159763315
2015-08-30,0.82,13.879563512796107,276269.395,309275.19,7468.25,110266.58,101093.6,9171.11,1.87,conventional,2015.0,DallasFtWorth,0,11,338,1.0855917159763315
2015-08-23,0.85,13.879563512796107,276269.395,321325.08,8261.74,111144.33,102621.57,8502.23,20.53,conventional,2015.0,DallasFtWorth,0,11,338,1.0855917159763315
2015-08-16,0.88,13.879563512796107,276269.395,287298.98,7090.26,109684.37,100806.9,8864.44,13.03,conventional,2015.0,DallasFtWorth,0,11,338,1.0855917159763315
2015-08-09,0.85,13.879563512796107,276269.395,332173.47,7793.22,109761.68,101618.63,8139.34,3.71,conventional,2015.0,DallasFtWorth,0,11,338,1.0855917159763315
2015-08-02,0.87,13.879563512796107,276269.395,253860.7,4688.24,103103.0,91893.62,11209.38,0.0,conventional,2015.0,DallasFtWorth,0,11,338,1.0855917159763315
2015-07-26,0.8,13.879563512796107,276269.395,371003.98,6417.32,116524.06,97727.08,18793.29,3.69,conventional,2015.0,DallasFtWorth,0,11,338,1.0855917159763315
2015-07-19,0.82,13.879563512796107,276269.395,364124.15,4970.49,133329.08,115942.32,17379.41,7.35,conventional,2015.0,DallasFtWorth,0,11,338,1.0855917159763315
2015-07-12,0.82,13.879563512796107,276269.395,319277.99,4382.19,107362.42,102573.93,4008.88,331.25,conventional,2015.0,DallasFtWorth,0,11,338,1.0855917159763315
2015-07-05,0.83,13.879563512796107,276269.395,334916.29,5388.47,145175.58,139670.52,5497.78,7.28,conventional,2015.0,DallasFtWorth,0,11,338,1.0855917159763315
2015-06-28,0.77,13.879563512796107,276269.395,302577.78,7191.26,133410.7,125900.09,7499.76,10.85,conventional,2015.0,DallasFtWorth,0,11,338,1.0855917159763315
2015-06-21,0.75,13.879563512796107,276269.395,371003.98,8600.7,143730.96,134708.23,9013.74,8.99,conventional,2015.0,DallasFtWorth,0,11,338,1.0855917159763315
2015-06-14,0.65,13.879563512796107,276269.395,353165.21,7557.93,134774.73,130578.16,4187.62,8.95,conventional,2015.0,DallasFtWorth,0,11,338,1.0855917159763315
2015-06-07,0.73,13.879563512796107,276269.395,319283.75,13350.4,133958.89,126849.55,7102.22,7.12,conventional,2015.0,DallasFtWorth,0,11,338,1.0855917159763315
2015-05-31,0.68,13.879563512796107,276269.395,315653.39,7287.06,112892.03,99456.4,13421.47,14.16,conventional,2015.0,DallasFtWorth,0,11,338,1.0855917159763315
2015-05-24,0.81,13.879563512796107,276269.395,299938.43,6833.07,101993.85,96860.23,5117.65,15.97,conventional,2015.0,DallasFtWorth,0,11,338,1.0855917159763315
2015-05-17,0.73,13.879563512796107,276269.395,261026.33,6382.5,96117.87,88480.13,7628.89,8.85,conventional,2015.0,DallasFtWorth,0,11,338,1.0855917159763315
2015-05-10,0.75,13.879563512796107,276269.395,357330.3,7803.87,115964.95,107302.84,8644.44,17.67,conventional,2015.0,DallasFtWorth,0,11,338,1.0855917159763315
2015-05-03,0.77,13.879563512796107,276269.395,371003.98,9753.52,111724.32,104797.33,6148.99,331.25,conventional,2015.0,DallasFtWorth,0,11,338,1.0855917159763315
2015-04-26,0.81,13.879563512796107,276269.395,270228.19,12091.21,102359.29,91505.88,10463.78,331.25,conventional,2015.0,DallasFtWorth,0,11,338,1.0855917159763315
2015-04-19,0.8,13.879563512796107,276269.395,284292.72,15608.55,102270.38,89209.96,13055.16,5.26,conventional,2015.0,DallasFtWorth,0,11,338,1.0855917159763315
2015-04-12,0.72,13.879563512796107,276269.395,288420.79,12596.79,94370.85,85100.44,9261.6,8.81,conventional,2015.0,DallasFtWorth,0,11,338,1.0855917159763315
2015-04-05,0.77,13.879563512796107,276269.395,371003.98,13592.62,120093.08,105522.18,13748.75,331.25,conventional,2015.0,DallasFtWorth,0,11,338,1.0855917159763315
2015-03-29,0.79,13.879563512796107,276269.395,371003.98,13339.76,109584.41,95894.64,13670.42,19.35,conventional,2015.0,DallasFtWorth,0,11,338,1.0855917159763315
2015-03-22,0.67,13.879563512796107,276269.395,297656.4,11678.42,98562.51,88559.01,9991.57,11.93,conventional,2015.0,DallasFtWorth,0,11,338,1.0855917159763315
2015-03-15,0.72,13.879563512796107,276269.395,368421.28,14065.99,102495.19,90708.11,11780.0,7.08,conventional,2015.0,DallasFtWorth,0,11,338,1.0855917159763315
2015-03-08,0.75,13.879563512796107,276269.395,371003.98,11201.82,111142.58,97450.44,13677.78,14.36,conventional,2015.0,DallasFtWorth,0,11,338,1.0855917159763315
2015-03-01,0.82,13.879563512796107,276269.395,358628.24,12398.67,107972.3,95284.48,12675.55,12.27,conventional,2015.0,DallasFtWorth,0,11,338,1.0855917159763315
2015-02-22,0.8,13.879563512796107,276269.395,305788.6,12580.26,102738.51,85321.83,17416.68,0.0,conventional,2015.0,DallasFtWorth,0,11,338,1.0855917159763315
2015-02-15,0.77,13.836153880796521,276269.395,299799.46,12656.97,82586.46,67518.45,15061.17,6.84,conventional,2015.0,DallasFtWorth,0,11,338,1.0855917159763315
2015-02-08,0.67,13.879563512796107,276269.395,371003.98,12106.6,80177.93,67959.08,12176.08,42.77,conventional,2015.0,DallasFtWorth,0,11,338,1.0855917159763315
2015-02-01,0.68,13.879563512796107,276269.395,371003.98,15608.55,90804.99,79314.06,11474.72,16.21,conventional,2015.0,DallasFtWorth,0,11,338,1.0855917159763315
2015-01-25,0.8,13.823772801432998,276269.395,271152.06,9610.83,78188.26,60158.3,18029.96,0.0,conventional,2015.0,DallasFtWorth,0,11,338,1.0855917159763315
2015-01-18,0.76,13.879563512796107,276269.395,371003.98,15550.56,74805.23,62375.69,12416.71,12.83,conventional,2015.0,DallasFtWorth,0,11,338,1.0855917159763315
2015-01-11,0.76,13.879563512796107,276269.395,348535.22,11900.83,87684.88,67857.83,19801.95,25.1,conventional,2015.0,DallasFtWorth,0,11,338,1.0855917159763315
2015-01-04,0.74,13.879563512796107,276269.395,371003.98,9817.28,89330.21,54563.33,34760.08,6.8,conventional,2015.0,DallasFtWorth,0,11,338,1.0855917159763315
