assignement2/avocado_encoded.csv
Date,AveragePrice,Total Volume,4046,4225,4770,Total Bags,Small Bags,Large Bags,XLarge Bags,type,year,region,type_label,region_ordinal,region_frequency,region_target
2015-12-27,0.98,13.34626839872665,93034.2,246747.13,15608.55,266590.08,38620.02,54881.92,85.85,conventional,2015.0,Denver,0,12,338,1.2185798816568048
2015-12-20,1.05,13.178640756580524,113403.55,188263.2,15608.55,202799.96,34993.02,54881.92,0.0,conventional,2015.0,Denver,0,12,338,1.2185798816568048
2015-12-13,0.83,13.516704846602554,96222.34,321764.32,15608.55,269325.465,34244.4,54881.92,81.18,conventional,2015.0,Denver,0,12,338,1.2185798816568048
2015-12-06,0.76,13.639043259511107,111259.34,371003.98,8807.96,269325.465,35086.04,54881.92,103.5,conventional,2015.0,Denver,0,12,338,1.2185798816568048
2015-11-29,1.12,12.969470066757028,85241.45,179982.42,14146.28,149739.49,31920.41,54881.92,0.0,conventional,2015.0,Denver,0,12,338,1.2185798816568048
2015-11-22,0.85,13.493743082454426,100047.56,323796.5,15608.55,269325.465,31358.6,54881.92,0.0,conventional,2015.0,Denver,0,12,338,1.2185798816568048
2015-11-15,0.82,13.738218079108732,98269.82,371003.98,15608.55,269325.465,36279.71,54881.92,0.0,conventional,2015.0,Denver,0,12,338,1.2185798816568048
2015-11-08,0.93,13.445366569468279,113964.9,354454.62,12294.0,209920.36,39635.83,54881.92,5.0,conventional,2015.0,Denver,0,12,338,1.2185798816568048
2015-11-01,0.82,13.631582226999798,140330.11,371003.98,8551.05,237105.47,41633.91,54881.92,0.0,conventional,2015.0,Denver,0,12,338,1.2185798816568048
2015-10-25,0.93,13.50790806487895,106239.17,371003.98,11222.0,223824.71,39914.62,54881.92,0.0,conventional,2015.0,Denver,0,12,338,1.2185798816568048
2015-10-18,0.87,13.599142687292963,117059.41,371003.98,13693.47,239193.51,41688.37,54881.92,17.63,conventional,2015.0,Denver,0,12,338,1.2185798816568048
2015-10-11,0.9,13.561878816786606,108538.74,371003.98,15608.55,216495.03,40462.27,54881.92,0.0,conventional,2015.0,Denver,0,12,338,1.2185798816568048
2015-10-04,1.02,13.428283383068482,101712.18,364774.25,15608.55,184827.7,41345.58,54881.92,7.59,conventional,2015.0,Denver,0,12,338,1.2185798816568048
2015-09-27,0.97,13.45148399986696,119089.66,371003.98,15285.72,173509.24,43108.21,54881.92,0.0,conventional,2015.0,Denver,0,12,338,1.2185798816568048
2015-09-20,0.98,13.541184442973748,85382.01,371003.98,15608.55,187898.66,40644.98,54881.92,0.0,conventional,2015.0,Denver,0,12,338,1.2185798816568048
2015-09-13,1.01,13.50822139669742,115935.68,371003.98,15608.55,149626.22,47733.95,54881.92,0.0,conventional,2015.0,Denver,0,12,338,1.2185798816568048
2015-09-06,1.09,13.499494495815068,138154.55,371003.98,15608.55,151435.78,47833.83,54881.92,0.0,conventional,2015.0,Denver,0,12,338,1.2185798816568048
2015-08-30,1.14,13.489371511569493,119849.97,371003.98,15608.55,161467.42,43991.55,54881.92,0.0,conventional,2015.0,Denver,0,12,338,1.2185798816568048
2015-08-23,1.2,13.301673788579569,135261.61,318115.81,15608.55,123397.31,45407.51,54881.92,0.0,conventional,2015.0,Denver,0,12,338,1.2185798816568048
2015-08-16,1.17,13.381876118602504,157630.43,348863.51,15608.55,123499.57,46710.57,54881.92,0.0,conventional,2015.0,Denver,0,12,338,1.2185798816568048
2015-08-09,1.09,13.414104261723793,131770.05,371003.98,15608.55,136451.77,46596.12,54881.92,0.0,conventional,2015.0,Denver,0,12,338,1.2185798816568048
2015-08-02,1.05,13.497943449929304,153498.68,371003.98,15608.55,134187.27,45644.8,54881.92,0.0,conventional,2015.0,Denver,0,12,338,1.2185798816568048
2015-07-26,1.18,13.464070019164172,138942.76,371003.98,15608.55,162596.91,58753.1,54881.92,0.0,conventional,2015.0,Denver,0,12,338,1.2185798816568048
2015-07-19,1.1,13.662212351345124,119266.12,371003.98,15608.55,208462.46,68585.03,54881.92,17.96,conventional,2015.0,Denver,0,12,338,1.2185798816568048
2015-07-12,1.18,13.512964806307904,123673.43,371003.98,15608.55,169338.72,66816.09,54881.92,331.25,conventional,2015.0,Denver,0,12,338,1.2185798816568048
2015-07-05,1.19,13.510226678633428,146171.45,371003.98,15608.55,142805.6,88349.57,54456.03,0.0,conventional,2015.0,Denver,0,12,338,1.2185798816568048
2015-06-28,1.2,13.454108243310007,162885.58,362226.14,15608.55,153136.3,93206.17,54881.92,12.75,conventional,2015.0,Denver,0,12,338,1.2185798816568048
2015-06-21,1.16,13.50193312958291,184206.21,371003.98,12854.03,128296.93,83581.46,44715.47,0.0,conventional,2015.0,Denver,0,12,338,1.2185798816568048
2015-06-14,1.16,13.518460408450014,194447.12,371003.98,15608.55,129731.23,79508.59,50222.64,0.0,conventional,2015.0,Denver,0,12,338,1.2185798816568048
2015-06-07,1.11,13.570744452541266,167992.06,371003.98,15608.55,158078.11,70061.87,54881.92,0.0,conventional,2015.0,Denver,0,12,338,1.2185798816568048
2015-05-31,1.26,13.305316301510654,127747.5,365471.2,15608.55,88434.22,52816.05,35618.17,0.0,conventional,2015.0,Denver,0,12,338,1.2185798816568048
2015-05-24,1.16,13.396343333147767,198187.29,369924.19,15608.55,70664.14,50060.32,20603.82,0.0,conventional,2015.0,Denver,0,12,338,1.2185798816568048
2015-05-17,1.21,13.292256368556455,156010.24,305200.86,15608.55,113999.04,50687.72,54881.92,0.0,conventional,2015.0,Denver,0,12,338,1.2185798816568048
2015-05-10,1.08,13.507824425130034,148762.57,371003.98,15608.55,115631.98,49343.56,54881.92,2.46,conventional,2015.0,Denver,0,12,338,1.2185798816568048
2015-05-03,1.01,13.568967101902757,182975.49,371003.98,14810.14,97967.31,45163.77,52803.54,0.0,conventional,2015.0,Denver,0,12,338,1.2185798816568048
2015-04-26,1.19,13.33881013919503,160372.05,371003.98,5981.19,72694.91,44469.33,27221.41,331.25,conventional,2015.0,Denver,0,12,338,1.2185798816568048
2015-04-19,1.08,13.588637836932032,129744.18,371003.98,6231.67,116877.94,44279.02,54881.92,0.0,conventional,2015.0,Denver,0,12,338,1.2185798816568048
2015-04-12,1.05,13.663153363879545,176304.23,371003.98,8603.75,98979.25,42716.25,54881.92,0.0,conventional,2015.0,Denver,0,12,338,1.2185798816568048
2015-04-05,1.19,13.378135112672222,156966.84,371003.98,6308.61,86002.58,53589.8,31483.61,331.25,conventional,2015.0,Denver,0,12,338,1.2185798816568048
2015-03-29,1.11,13.349574325633313,160679.31,371003.98,4760.21,90116.63,55936.09,34180.54,0.0,conventional,2015.0,Denver,0,12,338,1.2185798816568048
2015-03-22,1.15,13.309860036891427,131881.99,371003.98,8461.12,82484.5,47368.3,35116.2,0.0,conventional,2015.0,Denver,0,12,338,1.2185798816568048
2015-03-15,1.03,13.403221419030414,160422.27,371003.98,5122.11,93526.66,50621.03,42905.63,0.0,conventional,2015.0,Denver,0,12,338,1.2185798816568048
2015-03-08,1.03,13.486719658192975,118578.11,371003.98,7264.83,102365.18,54092.42,48272.76,0.0,conventional,2015.0,Denver,0,12,338,1.2185798816568048
2015-03-01,1.03,13.416258359699613,101528.39,371003.98,5507.38,75911.22,38246.75,37664.47,0.0,conventional,2015.0,Denver,0,12,338,1.2185798816568048
2015-02-22,1.0,13.709376187402409,153410.25,371003.98,5686.33,156112.59,62564.22,54881.92,14.21,conventional,2015.0,Denver,0,12,338,1.2185798816568048
2015-02-15,1.12,13.352006210556231,116907.81,371003.98,7797.57,100261.58,80270.81,19965.51,25.26,conventional,2015.0,Denver,0,12,338,1.2185798816568048
2015-02-08,0.95,13.549690937624607,153584.14,371003.98,5420.92,141257.84,92800.41,48427.25,30.18,conventional,2015.0,Denver,0,12,338,1.2185798816568048
2015-02-01,0.93,13.805674916234054,217715.85,371003.98,5736.45,158602.93,90555.95,54881.92,40.39,conventional,2015.0,Denver,0,12,338,1.2185798816568048
2015-01-25,1.02,13.45261604108966,140914.23,371003.98,4944.79,127364.97,74743.6,52611.95,9.42,conventional,2015.0,Denver,0,12,338,1.2185798816568048
2015-01-18,0.99,13.60255915232308,151976.7,371003.98,4225.31,151308.9,77528.06,54881.92,16.16,conventional,2015.0,Denver,0,12,338,1.2185798816568048
2015-01-11,1.09,13.409915966473498,110974.25,371003.98,5357.69,122524.21,85793.27,36703.98,26.96,conventional,2015.0,Denver,0,12,338,1.2185798816568048
2015-01-04,0.99,13.412173683559313,117454.09,371003.98,5553.6,115559.9,67894.33,47661.52,4.05,conventional,2015.0,Denver,0,12,338,1.2185798816568048
2015-12-27,1.08,12.450980428348169,83097.26,50545.78,15608.55,62067.48,48936.21,762.35,331.25,conventional,2015.0,Detroit,0,13,338,1.2760946745562132
2015-12-20,1.1,12.430963629194784,110507.5,42663.06,15608.55,51805.83,40496.17,2931.68,331.25,conventional,2015.0,Detroit,0,13,338,1.2760946745562132
2015-12-13,1.05,12.5266653601189,132206.07,38088.87,15608.55,57504.44,48318.35,2843.43,331.25,conventional,2015.0,Detroit,0,13,338,1.2760946745562132
2015-12-06,0.98,12.736107161543037,92957.56,78805.63,15608.55,54242.79,30612.06,885.86,331.25,conventional,2015.0,Detroit,0,13,338,1.2760946745562132
2015-11-29,1.11,12.338976691413873,84236.03,38244.11,15608.55,42282.8,31628.56,920.38,331.25,conventional,2015.0,Detroit,0,13,338,1.2760946745562132
2015-11-22,1.09,12.50813953364065,95526.76,55945.23,15608.55,55653.33,47388.76,1257.23,331.25,conventional,2015.0,Detroit,0,13,338,1.2760946745562132
2015-11-15,1.1,12.424944486065383,88132.72,35472.8,15608.55,72836.93,65345.24,1141.32,331.25,conventional,2015.0,Detroit,0,13,338,1.2760946745562132
2015-11-08,1.03,12.74736928641114,103367.05,72647.24,15608.55,53703.17,30614.89,734.95,331.25,conventional,2015.0,Detroit,0,13,338,1.2760946745562132
2015-11-01,1.04,12.738897276899873,112432.15,67252.29,15608.55,56532.65,35176.99,1106.6,331.25,conventional,2015.0,Detroit,0,13,338,1.2760946745562132
2015-10-25,1.17,12.434552891324778,84318.99,49927.69,15608.55,42762.15,30131.74,727.93,331.25,conventional,2015.0,Detroit,0,13,338,1.2760946745562132
2015-10-18,0.97,12.788691145109755,117479.44,97788.02,15608.55,70322.58,63143.78,823.99,331.25,conventional,2015.0,Detroit,0,13,338,1.2760946745562132
2015-10-11,0.99,12.800508406120727,110374.23,105188.14,15608.55,73877.49,68721.34,1222.93,331.25,conventional,2015.0,Detroit,0,13,338,1.2760946745562132
2015-10-04,1.1,12.565151313208865,81617.68,60336.35,15608.55,54175.41,40779.28,1039.04,331.25,conventional,2015.0,Detroit,0,13,338,1.2760946745562132
2015-09-27,1.17,12.45867134322841,88573.56,43702.48,15608.55,46419.67,33816.62,1081.83,331.25,conventional,2015.0,Detroit,0,13,338,1.2760946745562132
2015-09-20,1.0,12.830797050995905,129945.11,71335.62,15608.55,60966.23,38180.88,839.26,331.25,conventional,2015.0,Detroit,0,13,338,1.2760946745562132
2015-09-13,1.03,12.902897131507153,151274.05,73572.68,15608.55,70173.13,51456.91,1329.55,331.25,conventional,2015.0,Detroit,0,13,338,1.2760946745562132
2015-09-06,1.09,12.727788920285985,143927.73,51351.12,15608.55,61933.21,49676.97,1237.68,331.25,conventional,2015.0,Detroit,0,13,338,1.2760946745562132
2015-08-30,0.96,12.954569146172984,177827.49,75478.01,15608.55,68937.09,52515.07,1066.62,331.25,conventional,2015.0,Detroit,0,13,338,1.2760946745562132
2015-08-23,1.11,12.498628447046453,114208.75,36663.35,15608.55,55181.73,45741.01,2154.69,331.25,conventional,2015.0,Detroit,0,13,338,1.2760946745562132
2015-08-16,0.97,12.899851101793676,113822.13,86783.96,15608.55,74575.51,53326.63,1573.3,331.25,conventional,2015.0,Detroit,0,13,338,1.2760946745562132
2015-08-09,1.07,12.740490706183419,136799.68,56896.42,15608.55,67447.96,54938.34,1471.57,331.25,conventional,2015.0,Detroit,0,13,338,1.2760946745562132
2015-08-02,1.04,12.806930974972143,157018.49,58592.28,15608.55,72591.34,63454.14,1676.31,331.25,conventional,2015.0,Detroit,0,13,338,1.2760946745562132
2015-07-26,0.99,12.695372646495375,119084.73,38501.17,15608.55,105548.2,98037.18,2518.38,331.25,conventional,2015.0,Detroit,0,13,338,1.2760946745562132
2015-07-19,1.04,12.8235042200776,125844.19,66223.96,15608.55,73481.26,61402.16,2038.49,331.25,conventional,2015.0,Detroit,0,13,338,1.2760946745562132
2015-07-12,1.02,12.644490466419844,127995.39,36569.66,15608.55,82776.4,76701.28,1977.04,331.25,conventional,2015.0,Detroit,0,13,338,1.2760946745562132
2015-07-05,1.06,12.831188733017425,140339.02,62718.27,15608.55,74583.1,66416.56,1849.74,331.25,conventional,2015.0,Detroit,0,13,338,1.2760946745562132
2015-06-28,1.0,12.706104050769934,135230.94,30175.61,15608.55,115728.27,111301.27,2126.05,331.25,conventional,2015.0,Detroit,0,13,338,1.2760946745562132
2015-06-21,0.97,12.958859303988064,133405.45,87075.84,15608.55,82434.57,70155.32,2831.82,331.25,conventional,2015.0,Detroit,0,13,338,1.2760946745562132
2015-06-14,1.04,12.827762760254322,136802.87,58418.17,15608.55,86444.91,80661.4,1786.01,331.25,conventional,2015.0,Detroit,0,13,338,1.2760946745562132
2015-06-07,0.97,13.012134407810922,153214.87,87106.49,15608.55,76377.86,61921.23,1180.76,331.25,conventional,2015.0,Detroit,0,13,338,1.2760946745562132
2015-05-31,1.09,12.689737749175618,162243.06,28903.88,15608.55,80020.07,74758.21,797.64,331.25,conventional,2015.0,Detroit,0,13,338,1.2760946745562132
2015-05-24,1.03,12.829994150720733,193348.39,34774.04,15608.55,98619.41,94585.49,715.81,331.25,conventional,2015.0,Detroit,0,13,338,1.2760946745562132
2015-05-17,0.95,13.112629799458555,214237.95,98513.1,15608.55,65900.89,53494.15,591.25,331.25,conventional,2015.0,Detroit,0,13,338,1.2760946745562132
2015-05-10,1.11,12.796408724579296,177872.77,42422.72,15608.55,91797.23,87986.35,1880.03,331.25,conventional,2015.0,Detroit,0,13,338,1.2760946745562132
2015-05-03,1.06,12.833776575808535,161288.26,71919.54,15608.55,66858.29,60634.57,785.52,331.25,conventional,2015.0,Detroit,0,13,338,1.2760946745562132
2015-04-26,1.01,12.79730946291657,133322.95,61051.45,15608.55,100217.05,93903.26,1475.78,331.25,conventional,2015.0,Detroit,0,13,338,1.2760946745562132
2015-04-19,0.96,13.057598804052214,140434.29,139016.06,15608.55,81262.16,68265.07,4057.84,331.25,conventional,2015.0,Detroit,0,13,338,1.2760946745562132
2015-04-12,1.02,12.510549185593314,96441.78,24663.5,15608.55,107068.62,101770.1,2451.53,331.25,conventional,2015.0,Detroit,0,13,338,1.2760946745562132
2015-04-05,1.11,12.596039642604751,113210.53,62859.83,15608.55,69389.45,65997.82,1999.07,331.25,conventional,2015.0,Detroit,0,13,338,1.2760946745562132
2015-03-29,0.97,12.624944677840936,120782.43,28182.89,15608.55,116730.39,113016.39,2415.87,331.25,conventional,2015.0,Detroit,0,13,338,1.2760946745562132
2015-03-22,0.97,13.028873086596986,138397.72,109057.9,15608.55,63171.07,44419.39,754.44,331.25,conventional,2015.0,Detroit,0,13,338,1.2760946745562132
2015-03-15,1.13,12.448924192212123,107980.24,31613.46,15608.55,67078.32,62158.56,1375.92,331.25,conventional,2015.0,Detroit,0,13,338,1.2760946745562132
2015-03-08,1.01,12.537877901576627,97420.1,29942.92,15608.55,104569.21,99704.49,473.7,331.25,conventional,2015.0,Detroit,0,13,338,1.2760946745562132
2015-03-01,0.97,12.893957403802819,97605.68,101935.17,15608.55,69072.83,50732.68,1144.16,331.25,conventional,2015.0,Detroit,0,13,338,1.2760946745562132
2015-02-22,1.15,12.43276907788126,99207.09,34703.33,15608.55,70506.75,66789.41,267.65,331.25,conventional,2015.0,Detroit,0,13,338,1.2760946745562132
2015-02-15,1.16,12.45136364153375,100594.59,31170.09,15608.55,82193.26,78474.19,676.16,331.25,conventional,2015.0,Detroit,0,13,338,1.2760946745562132
2015-02-08,1.11,12.499476579366386,129910.26,35996.84,15608.55,61772.96,57777.05,1023.87,331.25,conventional,2015.0,Detroit,0,13,338,1.2760946745562132
2015-02-01,0.92,13.198864627667648,205775.28,136119.82,15608.55,70681.78,54003.36,688.47,331.25,conventional,2015.0,Detroit,0,13,338,1.2760946745562132
2015-01-25,1.19,12.53295003417812,110113.35,47558.4,15608.55,73764.25,69311.52,1280.03,331.25,conventional,2015.0,Detroit,0,13,338,1.2760946745562132
2015-01-18,1.1,12.583787690974026,113616.86,45446.17,15608.55,94985.22,92319.38,1066.01,331.25,conventional,2015.0,Detroit,0,13,338,1.2760946745562132
2015-01-11,1.08,12.713390273467413,108378.69,90104.73,15608.55,56696.63,48639.13,620.82,331.25,conventional,2015.0,Detroit,0,13,338,1.2760946745562132
2015-01-04,1.01,12.820434350685453,121634.27,117865.11,15608.55,56132.13,46679.86,1060.51,331.25,conventional,2015.0,Detroit,0,13,338,1.2760946745562132
