assignement2/avocado_encoded.csv
Date,AveragePrice,Total Volume,4046,4225,4770,Total Bags,Small Bags,Large Bags,XLarge Bags,type,year,region,type_label,region_ordinal,region_frequency,region_target
2015-12-27,1.13,11.903039005103956,2992.62,101109.84,5754.75,37856.64,30738.09,2919.24,331.25,conventional,2015.0,GrandRapids,0,14,338,1.5039644970414192
2015-12-20,1.13,11.746124371325346,2630.11,85259.91,3211.51,35160.73,30547.62,2288.36,331.25,conventional,2015.0,GrandRapids,0,14,338,1.5039644970414192
2015-12-13,1.24,11.675441259463089,3809.88,69582.68,3264.07,40989.06,38257.02,2231.37,331.25,conventional,2015.0,GrandRapids,0,14,338,1.5039644970414192
2015-12-06,0.93,12.288461798147333,4026.57,165454.45,15608.55,32057.78,26570.4,1560.59,331.25,conventional,2015.0,GrandRapids,0,14,338,1.5039644970414192
2015-11-29,1.12,11.69984833612864,3726.77,82760.11,3336.97,30728.58,27835.71,2816.43,76.44,conventional,2015.0,GrandRapids,0,14,338,1.5039644970414192
2015-11-22,1.11,11.856389062118339,3734.97,94794.75,5725.81,36725.69,33606.78,2327.22,331.25,conventional,2015.0,GrandRapids,0,14,338,1.5039644970414192
2015-11-15,1.2,11.771048053930233,3490.77,74695.44,2506.31,48756.23,47301.23,1427.26,27.74,conventional,2015.0,GrandRapids,0,14,338,1.5039644970414192
2015-11-08,0.93,12.197327972079938,3970.87,149876.75,7556.57,36853.5,34956.27,1819.27,77.96,conventional,2015.0,GrandRapids,0,14,338,1.5039644970414192
2015-11-01,0.91,12.233654251688705,3731.64,147281.28,8605.43,45973.75,43392.69,1757.12,331.25,conventional,2015.0,GrandRapids,0,14,338,1.5039644970414192
2015-10-25,1.14,11.812455373803045,3899.73,86434.9,9431.21,35155.6,30487.72,3036.22,331.25,conventional,2015.0,GrandRapids,0,14,338,1.5039644970414192
2015-10-18,0.94,12.127072673185813,3821.47,118521.96,15608.55,45134.39,40257.54,1830.77,331.25,conventional,2015.0,GrandRapids,0,14,338,1.5039644970414192
2015-10-11,0.97,12.199906373088709,3638.99,106363.84,15608.55,39487.65,21799.3,2155.38,331.25,conventional,2015.0,GrandRapids,0,14,338,1.5039644970414192
2015-10-04,0.99,11.984948803229878,3241.7,102316.58,15608.55,36660.84,29446.94,2198.98,331.25,conventional,2015.0,GrandRapids,0,14,338,1.5039644970414192
2015-09-27,1.15,11.833925841541898,2977.77,87274.97,13024.28,34572.59,28888.74,1913.24,331.25,conventional,2015.0,GrandRapids,0,14,338,1.5039644970414192
2015-09-20,0.88,12.407776030312384,3612.73,177686.12,9651.55,53745.61,51686.05,1815.57,243.99,conventional,2015.0,GrandRapids,0,14,338,1.5039644970414192
2015-09-13,0.95,12.298569462446912,4113.5,143018.46,15608.55,51809.03,43865.37,2851.68,331.25,conventional,2015.0,GrandRapids,0,14,338,1.5039644970414192
2015-09-06,1.09,12.045377346325074,3673.53,111964.57,6016.37,48654.83,45108.48,3486.89,59.46,conventional,2015.0,GrandRapids,0,14,338,1.5039644970414192
2015-08-30,0.91,12.332263480815707,3931.2,152332.2,15608.55,53915.89,48562.08,2309.09,331.25,conventional,2015.0,GrandRapids,0,14,338,1.5039644970414192
2015-08-23,1.28,11.765106828465294,4847.16,72826.86,5459.79,45548.13,40204.96,4716.36,331.25,conventional,2015.0,GrandRapids,0,14,338,1.5039644970414192
2015-08-16,0.89,12.5021065193922,5134.58,177609.75,15608.55,65762.77,55316.85,6674.12,331.25,conventional,2015.0,GrandRapids,0,14,338,1.5039644970414192
2015-08-09,1.08,12.137441280120598,4807.41,120579.39,8389.85,52956.51,49559.83,3294.27,102.41,conventional,2015.0,GrandRapids,0,14,338,1.5039644970414192
2015-08-02,1.05,12.123063195592241,4122.95,109853.88,10359.57,59731.09,55048.69,4030.14,331.25,conventional,2015.0,GrandRapids,0,14,338,1.5039644970414192
2015-07-26,1.12,11.943862004262035,3192.59,66065.84,9957.92,74652.44,69267.05,4085.24,331.25,conventional,2015.0,GrandRapids,0,14,338,1.5039644970414192
2015-07-19,1.05,12.281817530781765,2680.7,122122.69,15608.55,61454.75,52697.22,3806.21,331.25,conventional,2015.0,GrandRapids,0,14,338,1.5039644970414192
2015-07-12,1.19,11.93893697599248,4663.59,66045.81,9833.58,72569.86,66368.31,4901.72,331.25,conventional,2015.0,GrandRapids,0,14,338,1.5039644970414192
2015-07-05,1.16,12.220192341793938,2709.26,109357.57,15608.55,55789.84,44032.97,5692.28,331.25,conventional,2015.0,GrandRapids,0,14,338,1.5039644970414192
2015-06-28,1.1,11.957440630645197,3089.5,55014.27,9941.32,87927.29,80548.8,5044.35,331.25,conventional,2015.0,GrandRapids,0,14,338,1.5039644970414192
2015-06-21,0.96,12.489583505558643,2552.14,167585.16,15608.55,62515.24,53623.47,4943.16,331.25,conventional,2015.0,GrandRapids,0,14,338,1.5039644970414192
2015-06-14,1.07,12.192930464137467,4446.1,116392.81,4934.17,71614.68,67207.35,4401.93,5.4,conventional,2015.0,GrandRapids,0,14,338,1.5039644970414192
2015-06-07,1.14,12.267168262293424,6926.42,134230.11,10407.58,61035.0,55432.55,4067.09,331.25,conventional,2015.0,GrandRapids,0,14,338,1.5039644970414192
2015-05-31,1.31,12.031174526712704,7097.0,90411.8,3360.05,67038.66,64208.38,2794.35,35.93,conventional,2015.0,GrandRapids,0,14,338,1.5039644970414192
2015-05-24,1.3,11.976144946336284,7888.33,74169.01,3111.69,73748.18,69048.81,4663.55,35.82,conventional,2015.0,GrandRapids,0,14,338,1.5039644970414192
2015-05-17,0.97,12.533587455348663,5515.43,202939.01,12421.42,56626.26,52456.3,3991.49,178.47,conventional,2015.0,GrandRapids,0,14,338,1.5039644970414192
2015-05-10,1.36,11.98070048771627,7383.85,84947.73,3817.57,63493.67,59129.49,4335.74,28.44,conventional,2015.0,GrandRapids,0,14,338,1.5039644970414192
2015-05-03,1.06,12.382341798423328,6301.92,176717.87,6727.83,48803.19,46862.74,1898.03,42.42,conventional,2015.0,GrandRapids,0,14,338,1.5039644970414192
2015-04-26,1.09,12.152727194276796,4480.46,105590.91,6421.76,73116.36,68758.56,4305.08,52.72,conventional,2015.0,GrandRapids,0,14,338,1.5039644970414192
2015-04-19,0.93,12.646497478584488,5547.29,217323.81,15023.71,72777.59,68697.84,3761.98,317.77,conventional,2015.0,GrandRapids,0,14,338,1.5039644970414192
2015-04-12,1.13,11.901551183054845,5875.73,66804.31,2717.16,72097.04,68693.55,3377.45,26.04,conventional,2015.0,GrandRapids,0,14,338,1.5039644970414192
2015-04-05,1.22,11.968592692350855,4487.21,92044.84,5487.61,55701.88,50462.56,5165.79,73.53,conventional,2015.0,GrandRapids,0,14,338,1.5039644970414192
2015-03-29,1.11,11.915935829325385,1977.68,63600.68,3003.97,81048.91,75725.67,5299.2,24.04,conventional,2015.0,GrandRapids,0,14,338,1.5039644970414192
2015-03-22,0.91,12.650366563084313,1930.32,231211.7,15608.55,59636.74,57118.41,2105.9,331.25,conventional,2015.0,GrandRapids,0,14,338,1.5039644970414192
2015-03-15,1.35,11.727198347985842,1621.03,69452.53,4214.32,48607.19,45347.61,3244.22,15.36,conventional,2015.0,GrandRapids,0,14,338,1.5039644970414192
2015-03-08,1.08,11.897075682888875,1783.51,68592.44,3903.17,72556.48,69329.04,3169.54,57.9,conventional,2015.0,GrandRapids,0,14,338,1.5039644970414192
2015-03-01,0.95,12.483659722040295,1355.2,182093.72,15608.55,54083.87,47217.11,3519.09,331.25,conventional,2015.0,GrandRapids,0,14,338,1.5039644970414192
2015-02-22,1.31,11.769866279855638,1593.4,69934.93,4894.78,52872.75,48858.06,3767.48,247.21,conventional,2015.0,GrandRapids,0,14,338,1.5039644970414192
2015-02-15,1.21,11.82600002699256,1659.05,67025.59,4215.01,63861.7,57601.99,6203.39,56.32,conventional,2015.0,GrandRapids,0,14,338,1.5039644970414192
2015-02-08,1.24,11.795258330893061,1155.67,74113.5,4855.23,52496.61,48150.41,4209.37,136.83,conventional,2015.0,GrandRapids,0,14,338,1.5039644970414192
2015-02-01,0.94,12.642625128118176,1621.68,240215.65,15608.55,48422.82,43899.75,4377.27,145.8,conventional,2015.0,GrandRapids,0,14,338,1.5039644970414192
2015-01-25,1.19,11.87966866350192,1112.09,78092.72,6374.01,58722.91,54053.21,4552.75,116.95,conventional,2015.0,GrandRapids,0,14,338,1.5039644970414192
2015-01-18,1.07,11.919738930302751,970.13,78433.37,6411.99,64385.9,60381.95,3727.81,276.14,conventional,2015.0,GrandRapids,0,14,338,1.5039644970414192
2015-01-11,1.03,12.128848183701859,972.96,127984.25,13798.9,42379.3,39193.44,2896.97,288.89,conventional,2015.0,GrandRapids,0,14,338,1.5039644970414192
2015-01-04,0.95,12.464508550240152,1097.0,189348.6,15608.55,45921.57,43899.46,1097.68,331.25,conventional,2015.0,GrandRapids,0,14,338,1.5039644970414192
2015-12-27,1.01,13.879563512796107,276269.395,371003.98,15608.55,269325.465,204070.045,54881.92,331.25,conventional,2015.0,GreatLakes,0,15,338,1.3385502958579882
2015-12-20,1.01,13.879563512796107,276269.395,371003.98,15608.55,269325.465,204070.045,54881.92,331.25,conventional,2015.0,GreatLakes,0,15,338,1.3385502958579882
2015-12-13,1.03,13.879563512796107,276269.395,371003.98,15608.55,269325.465,204070.045,54881.92,331.25,conventional,2015.0,GreatLakes,0,15,338,1.3385502958579882
2015-12-06,1.0,13.879563512796107,276269.395,371003.98,15608.55,269325.465,204070.045,54881.92,331.25,conventional,2015.0,GreatLakes,0,15,338,1.3385502958579882
2015-11-29,1.07,13.879563512796107,276269.395,371003.98,15608.55,269325.465,204070.045,54881.92,331.25,conventional,2015.0,GreatLakes,0,15,338,1.3385502958579882
2015-11-22,1.03,13.879563512796107,276269.395,371003.98,15608.55,269325.465,204070.045,54881.92,331.25,conventional,2015.0,GreatLakes,0,15,338,1.3385502958579882
2015-11-15,1.09,13.879563512796107,276269.395,371003.98,15608.55,269325.465,204070.045,54881.92,331.25,conventional,2015.0,GreatLakes,0,15,338,1.3385502958579882
2015-11-08,0.98,13.879563512796107,276269.395,371003.98,15608.55,269325.465,204070.045,54881.92,331.25,conventional,2015.0,GreatLakes,0,15,338,1.3385502958579882
2015-11-01,1.0,13.879563512796107,276269.395,371003.98,15608.55,269325.465,204070.045,54881.92,331.25,conventional,2015.0,GreatLakes,0,15,338,1.3385502958579882
2015-10-25,1.1,13.879563512796107,276269.395,371003.98,15608.55,269325.465,204070.045,54881.92,331.25,conventional,2015.0,GreatLakes,0,15,338,1.3385502958579882
2015-10-18,1.03,13.879563512796107,276269.395,371003.98,15608.55,269325.465,204070.045,54881.92,331.25,conventional,2015.0,GreatLakes,0,15,338,1.3385502958579882
2015-10-11,1.02,13.879563512796107,276269.395,371003.98,15608.55,269325.465,204070.045,54881.92,331.25,conventional,2015.0,GreatLakes,0,15,338,1.3385502958579882
2015-10-04,1.05,13.879563512796107,276269.395,371003.98,15608.55,269325.465,204070.045,54881.92,331.25,conventional,2015.0,GreatLakes,0,15,338,1.3385502958579882
2015-09-27,1.1,13.879563512796107,276269.395,371003.98,15608.55,269325.465,204070.045,54881.92,331.25,conventional,2015.0,GreatLakes,0,15,338,1.3385502958579882
2015-09-20,1.02,13.879563512796107,276269.395,371003.98,15608.55,269325.465,204070.045,54881.92,331.25,conventional,2015.0,GreatLakes,0,15,338,1.3385502958579882
2015-09-13,1.03,13.879563512796107,276269.395,371003.98,15608.55,269325.465,204070.045,54881.92,331.25,conventional,2015.0,GreatLakes,0,15,338,1.3385502958579882
2015-09-06,1.07,13.879563512796107,276269.395,371003.98,15608.55,269325.465,204070.045,54881.92,331.25,conventional,2015.0,GreatLakes,0,15,338,1.3385502958579882
2015-08-30,1.04,13.879563512796107,276269.395,371003.98,15608.55,269325.465,204070.045,54881.92,331.25,conventional,2015.0,GreatLakes,0,15,338,1.3385502958579882
2015-08-23,1.14,13.879563512796107,276269.395,371003.98,15608.55,269325.465,204070.045,54881.92,331.25,conventional,2015.0,GreatLakes,0,15,338,1.3385502958579882
2015-08-16,1.03,13.879563512796107,276269.395,371003.98,15608.55,269325.465,204070.045,54881.92,331.25,conventional,2015.0,GreatLakes,0,15,338,1.3385502958579882
2015-08-09,1.12,13.879563512796107,276269.395,371003.98,15608.55,269325.465,204070.045,54881.92,331.25,conventional,2015.0,GreatLakes,0,15,338,1.3385502958579882
2015-08-02,1.14,13.879563512796107,276269.395,371003.98,15608.55,269325.465,204070.045,54881.92,331.25,conventional,2015.0,GreatLakes,0,15,338,1.3385502958579882
2015-07-26,1.1,13.879563512796107,276269.395,371003.98,15608.55,269325.465,204070.045,54881.92,331.25,conventional,2015.0,GreatLakes,0,15,338,1.3385502958579882
2015-07-19,1.12,13.879563512796107,276269.395,371003.98,15608.55,269325.465,204070.045,54881.92,331.25,conventional,2015.0,GreatLakes,0,15,338,1.3385502958579882
2015-07-12,1.14,13.879563512796107,276269.395,371003.98,15608.55,269325.465,204070.045,54881.92,331.25,conventional,2015.0,GreatLakes,0,15,338,1.3385502958579882
2015-07-05,1.13,13.879563512796107,276269.395,371003.98,15608.55,269325.465,204070.045,54881.92,331.25,conventional,2015.0,GreatLakes,0,15,338,1.3385502958579882
2015-06-28,1.07,13.879563512796107,276269.395,371003.98,15608.55,269325.465,204070.045,54881.92,331.25,conventional,2015.0,GreatLakes,0,15,338,1.3385502958579882
2015-06-21,1.08,13.879563512796107,276269.395,371003.98,15608.55,269325.465,204070.045,54881.92,331.25,conventional,2015.0,GreatLakes,0,15,338,1.3385502958579882
2015-06-14,1.12,13.879563512796107,276269.395,371003.98,15608.55,269325.465,204070.045,54881.92,331.25,conventional,2015.0,GreatLakes,0,15,338,1.3385502958579882
2015-06-07,1.13,13.879563512796107,276269.395,371003.98,15608.55,269325.465,204070.045,54881.92,331.25,conventional,2015.0,GreatLakes,0,15,338,1.3385502958579882
2015-05-31,1.2,13.879563512796107,276269.395,371003.98,15608.55,269325.465,204070.045,54881.92,331.25,conventional,2015.0,GreatLakes,0,15,338,1.3385502958579882
2015-05-24,1.15,13.879563512796107,276269.395,371003.98,15608.55,269325.465,204070.045,54881.92,331.25,conventional,2015.0,GreatLakes,0,15,338,1.3385502958579882
2015-05-17,1.09,13.879563512796107,276269.395,371003.98,15608.55,269325.465,204070.045,54881.92,331.25,conventional,2015.0,GreatLakes,0,15,338,1.3385502958579882
2015-05-10,1.15,13.879563512796107,276269.395,371003.98,15608.55,269325.465,204070.045,54881.92,331.25,conventional,2015.0,GreatLakes,0,15,338,1.3385502958579882
2015-05-03,1.05,13.879563512796107,276269.395,371003.98,15608.55,269325.465,204070.045,54881.92,331.25,conventional,2015.0,GreatLakes,0,15,338,1.3385502958579882
2015-04-26,1.14,13.879563512796107,276269.395,371003.98,15608.55,269325.465,204070.045,54881.92,331.25,conventional,2015.0,GreatLakes,0,15,338,1.3385502958579882
2015-04-19,1.06,13.879563512796107,276269.395,371003.98,15608.55,269325.465,204070.045,54881.92,331.25,conventional,2015.0,GreatLakes,0,15,338,1.3385502958579882
2015-04-12,1.11,13.879563512796107,276269.395,371003.98,15608.55,269325.465,204070.045,54881.92,331.25,conventional,2015.0,GreatLakes,0,15,338,1.3385502958579882
2015-04-05,1.18,13.879563512796107,276269.395,371003.98,15608.55,269325.465,204070.045,54881.92,331.25,conventional,2015.0,GreatLakes,0,15,338,1.3385502958579882
2015-03-29,1.09,13.879563512796107,276269.395,371003.98,15608.55,269325.465,204070.045,54881.92,331.25,conventional,2015.0,GreatLakes,0,15,338,1.3385502958579882
2015-03-22,1.04,13.879563512796107,276269.395,371003.98,15608.55,269325.465,204070.045,54881.92,331.25,conventional,2015.0,GreatLakes,0,15,338,1.3385502958579882
2015-03-15,1.1,13.879563512796107,276269.395,371003.98,15608.55,269325.465,204070.045,54881.92,331.25,conventional,2015.0,GreatLakes,0,15,338,1.3385502958579882
2015-03-08,1.04,13.879563512796107,276269.395,371003.98,15608.55,269325.465,204070.045,54881.92,331.25,conventional,2015.0,GreatLakes,0,15,338,1.3385502958579882
2015-03-01,1.02,13.879563512796107,276269.395,371003.98,15608.55,269325.465,204070.045,54881.92,331.25,conventional,2015.0,GreatLakes,0,15,338,1.3385502958579882
2015-02-22,1.16,13.879563512796107,276269.395,371003.98,15608.55,269325.465,204070.045,54881.92,331.25,conventional,2015.0,GreatLakes,0,15,338,1.3385502958579882
2015-02-15,1.15,13.879563512796107,276269.395,371003.98,15608.55,269325.465,204070.045,54881.92,331.25,conventional,2015.0,GreatLakes,0,15,338,1.3385502958579882
2015-02-08,1.07,13.879563512796107,276269.395,371003.98,15608.55,269325.465,204070.045,54881.92,331.25,conventional,2015.0,GreatLakes,0,15,338,1.3385502958579882
2015-02-01,0.91,13.879563512796107,276269.395,371003.98,15608.55,269325.465,204070.045,54881.92,331.25,conventional,2015.0,GreatLakes,0,15,338,1.3385502958579882
2015-01-25,1.13,13.879563512796107,276269.395,371003.98,15608.55,269325.465,204070.045,54881.92,331.25,conventional,2015.0,GreatLakes,0,15,338,1.3385502958579882
2015-01-18,1.08,13.879563512796107,276269.395,371003.98,15608.55,269325.465,204070.045,54881.92,331.25,conventional,2015.0,GreatLakes,0,15,338,1.3385502958579882
2015-01-11,1.1,13.879563512796107,276269.395,371003.98,15608.55,269325.465,204070.045,54881.92,331.25,conventional,2015.0,GreatLakes,0,15,338,1.3385502958579882
2015-01-04,1.02,13.879563512796107,276269.395,371003.98,15608.55,269325.465,204070.045,54881.92,331.25,conventional,2015.0,GreatLakes,0,15,338,1.3385502958579882
