assignement2/avocado_encoded.csv
Date,AveragePrice,Total Volume,4046,4225,4770,Total Bags,Small Bags,Large Bags,XLarge Bags,type,year,region,type_label,region_ordinal,region_frequency,region_target
2015-12-27,1.16,12.064777190425188,22694.58,98629.2,149.11,52172.66,51396.6,776.06,0.0,conventional,2015.0,HarrisburgScranton,0,16,338,1.5132840236686393
2015-12-20,1.11,12.101751755940509,24111.34,100758.01,158.29,55158.59,53929.04,1229.55,0.0,conventional,2015.0,HarrisburgScranton,0,16,338,1.5132840236686393
2015-12-13,1.14,12.139182828929375,27053.78,107144.99,229.97,52629.91,51752.86,877.05,0.0,conventional,2015.0,HarrisburgScranton,0,16,338,1.5132840236686393
2015-12-06,1.1,12.05056881727705,25260.16,99013.86,118.19,46803.55,46345.26,458.29,0.0,conventional,2015.0,HarrisburgScranton,0,16,338,1.5132840236686393
2015-11-29,1.17,11.892076302978628,23707.06,82015.89,110.54,40269.85,39640.65,629.2,0.0,conventional,2015.0,HarrisburgScranton,0,16,338,1.5132840236686393
2015-11-22,1.16,11.998005066004154,26601.95,85742.43,198.26,49886.79,47519.78,2367.01,0.0,conventional,2015.0,HarrisburgScranton,0,16,338,1.5132840236686393
2015-11-15,1.09,12.154347047186414,25483.85,113515.58,93.58,50823.87,46939.57,3884.3,0.0,conventional,2015.0,HarrisburgScranton,0,16,338,1.5132840236686393
2015-11-08,1.09,12.27836707420758,27837.88,137670.52,169.5,49315.46,47637.88,1677.58,0.0,conventional,2015.0,HarrisburgScranton,0,16,338,1.5132840236686393
2015-11-01,1.13,12.30125268050239,28916.15,140625.82,173.18,50255.22,49340.53,914.69,0.0,conventional,2015.0,HarrisburgScranton,0,16,338,1.5132840236686393
2015-10-25,1.11,12.118757658819414,27595.5,101618.92,185.61,53876.65,52569.78,1306.87,0.0,conventional,2015.0,HarrisburgScranton,0,16,338,1.5132840236686393
2015-10-18,0.93,12.48455333984367,27640.26,186372.86,408.03,49802.07,48878.61,923.46,0.0,conventional,2015.0,HarrisburgScranton,0,16,338,1.5132840236686393
2015-10-11,1.05,12.32421526097444,32042.53,137367.2,267.77,55402.42,53610.63,1791.79,0.0,conventional,2015.0,HarrisburgScranton,0,16,338,1.5132840236686393
2015-10-04,1.16,12.146523841689005,32554.49,95392.4,323.79,60166.23,59227.5,938.73,0.0,conventional,2015.0,HarrisburgScranton,0,16,338,1.5132840236686393
2015-09-27,1.15,12.167743686645837,30410.27,108385.85,294.6,53387.54,51731.16,1656.38,0.0,conventional,2015.0,HarrisburgScranton,0,16,338,1.5132840236686393
2015-09-20,1.17,12.145872646048913,31925.36,101200.97,279.75,54908.16,53988.59,919.57,0.0,conventional,2015.0,HarrisburgScranton,0,16,338,1.5132840236686393
2015-09-13,1.07,12.448020600590976,33047.61,170884.4,294.21,50518.36,48537.65,1980.71,0.0,conventional,2015.0,HarrisburgScranton,0,16,338,1.5132840236686393
2015-09-06,1.19,12.326055881192618,37453.63,128772.37,465.01,58803.58,57426.04,1344.61,32.93,conventional,2015.0,HarrisburgScranton,0,16,338,1.5132840236686393
2015-08-30,1.18,12.300972832207894,34595.95,125106.29,614.86,59591.72,57205.13,1779.77,331.25,conventional,2015.0,HarrisburgScranton,0,16,338,1.5132840236686393
2015-08-23,1.1,12.313303086786881,37213.9,128402.42,584.81,56436.02,54580.78,1140.14,331.25,conventional,2015.0,HarrisburgScranton,0,16,338,1.5132840236686393
2015-08-16,1.09,12.420435559632804,37089.49,161018.66,402.5,49302.8,48581.44,714.85,6.51,conventional,2015.0,HarrisburgScranton,0,16,338,1.5132840236686393
2015-08-09,1.07,12.419473126911187,40320.2,149595.95,510.58,57148.33,56333.05,815.28,0.0,conventional,2015.0,HarrisburgScranton,0,16,338,1.5132840236686393
2015-08-02,1.1,12.397859101843213,40387.93,143352.05,733.22,57808.16,56786.27,1018.67,3.22,conventional,2015.0,HarrisburgScranton,0,16,338,1.5132840236686393
2015-07-26,1.17,12.324871032209867,39346.13,123455.52,480.44,61945.48,60632.24,1271.5,41.74,conventional,2015.0,HarrisburgScranton,0,16,338,1.5132840236686393
2015-07-19,1.19,12.344318526220881,42405.8,119272.94,1020.51,66951.32,65842.25,1051.54,57.53,conventional,2015.0,HarrisburgScranton,0,16,338,1.5132840236686393
2015-07-12,1.17,12.36153657695067,42200.05,119798.85,2740.31,68899.75,67025.83,1705.19,168.73,conventional,2015.0,HarrisburgScranton,0,16,338,1.5132840236686393
2015-07-05,1.19,12.527597582935606,49829.42,142250.13,3215.99,80549.34,78409.83,1623.22,331.25,conventional,2015.0,HarrisburgScranton,0,16,338,1.5132840236686393
2015-06-28,1.2,12.403029457602498,42688.0,124701.97,2556.6,73590.72,70488.1,2376.23,331.25,conventional,2015.0,HarrisburgScranton,0,16,338,1.5132840236686393
2015-06-21,1.19,12.450714836079278,44179.19,128614.97,3182.4,79455.29,76907.65,1624.65,331.25,conventional,2015.0,HarrisburgScranton,0,16,338,1.5132840236686393
2015-06-14,1.13,12.533864026601934,42766.16,140403.76,2028.31,92380.65,87952.58,2821.41,331.25,conventional,2015.0,HarrisburgScranton,0,16,338,1.5132840236686393
2015-06-07,1.21,12.489895104246152,40587.95,138950.26,675.56,85424.65,81417.34,3219.51,331.25,conventional,2015.0,HarrisburgScranton,0,16,338,1.5132840236686393
2015-05-31,1.22,12.468665114726214,42572.44,125281.89,804.17,91399.84,87880.67,2341.73,331.25,conventional,2015.0,HarrisburgScranton,0,16,338,1.5132840236686393
2015-05-24,1.21,12.506543541253645,43499.81,132429.7,777.66,93390.75,89913.88,2641.89,331.25,conventional,2015.0,HarrisburgScranton,0,16,338,1.5132840236686393
2015-05-17,1.19,12.44053019154463,44842.47,120942.94,487.01,86571.14,85065.22,1400.8,105.12,conventional,2015.0,HarrisburgScranton,0,16,338,1.5132840236686393
2015-05-10,1.19,12.608696153447307,53021.23,158314.43,585.43,87226.64,85161.38,2065.26,0.0,conventional,2015.0,HarrisburgScranton,0,16,338,1.5132840236686393
2015-05-03,1.17,12.452599191283527,46183.27,130134.66,527.56,79068.14,76930.85,2137.29,0.0,conventional,2015.0,HarrisburgScranton,0,16,338,1.5132840236686393
2015-04-26,1.21,12.364456339213698,45102.26,118533.62,415.14,70271.11,68210.88,2022.73,37.5,conventional,2015.0,HarrisburgScranton,0,16,338,1.5132840236686393
2015-04-19,1.17,12.377628796053886,45693.41,112023.17,501.77,79210.81,77244.93,1965.88,0.0,conventional,2015.0,HarrisburgScranton,0,16,338,1.5132840236686393
2015-04-12,1.18,12.2137705901798,35513.59,101051.47,400.34,64579.13,62948.16,1630.97,0.0,conventional,2015.0,HarrisburgScranton,0,16,338,1.5132840236686393
2015-04-05,1.21,12.284780585874927,35705.85,112157.42,485.39,68028.0,66320.66,1643.45,63.89,conventional,2015.0,HarrisburgScranton,0,16,338,1.5132840236686393
2015-03-29,1.14,12.192395792309515,31891.81,102587.16,418.1,62385.18,61035.96,1349.22,0.0,conventional,2015.0,HarrisburgScranton,0,16,338,1.5132840236686393
2015-03-22,1.08,12.297515128154584,28701.47,129731.5,481.59,60235.19,57777.32,2457.87,0.0,conventional,2015.0,HarrisburgScranton,0,16,338,1.5132840236686393
2015-03-15,1.2,12.158778187234821,31225.82,84433.44,470.53,74630.51,72181.56,2448.95,0.0,conventional,2015.0,HarrisburgScranton,0,16,338,1.5132840236686393
2015-03-08,1.15,12.166702305183303,38517.23,75750.79,334.13,77675.77,75825.42,1850.35,0.0,conventional,2015.0,HarrisburgScranton,0,16,338,1.5132840236686393
2015-03-01,1.07,12.34980123209902,28899.98,134019.55,614.07,67379.54,65870.9,1508.64,0.0,conventional,2015.0,HarrisburgScranton,0,16,338,1.5132840236686393
2015-02-22,1.2,12.160244338228953,32241.22,83702.91,506.96,74589.1,73386.08,1203.02,0.0,conventional,2015.0,HarrisburgScranton,0,16,338,1.5132840236686393
2015-02-15,1.22,12.142455140127367,28592.73,85311.1,503.53,73264.41,72146.24,1118.17,0.0,conventional,2015.0,HarrisburgScranton,0,16,338,1.5132840236686393
2015-02-08,1.02,12.387383775348015,35933.38,126557.74,722.59,76542.91,75408.57,1134.34,0.0,conventional,2015.0,HarrisburgScranton,0,16,338,1.5132840236686393
2015-02-01,1.06,12.553692798300345,42732.12,168621.69,851.33,70932.74,69529.64,1403.1,0.0,conventional,2015.0,HarrisburgScranton,0,16,338,1.5132840236686393
2015-01-25,1.17,12.235996138545506,33193.27,89075.29,426.35,83379.23,79720.85,3658.38,0.0,conventional,2015.0,HarrisburgScranton,0,16,338,1.5132840236686393
2015-01-18,1.24,12.11508435290237,30928.18,85410.46,535.87,65730.17,64180.88,1549.29,0.0,conventional,2015.0,HarrisburgScranton,0,16,338,1.5132840236686393
2015-01-11,1.26,12.0936665345206,34535.57,78778.96,582.3,64838.42,63840.09,998.33,0.0,conventional,2015.0,HarrisburgScranton,0,16,338,1.5132840236686393
2015-01-04,1.05,12.225581798394394,32679.84,121020.54,1286.19,48952.57,47583.64,1368.93,0.0,conventional,2015.0,HarrisburgScranton,0,16,338,1.5132840236686393
2015-12-27,1.27,12.40310862066502,4427.27,194438.24,169.66,44521.4,43577.26,944.14,0.0,conventional,2015.0,HartfordSpringfield,0,17,338,1.8139644970414184
2015-12-20,1.18,12.484297918072352,4806.75,212205.34,184.96,46958.69,45981.69,977.0,0.0,conventional,2015.0,HartfordSpringfield,0,17,338,1.8139644970414184
2015-12-13,1.24,12.382372608865605,4439.86,186550.43,332.83,47235.04,46493.47,741.57,0.0,conventional,2015.0,HartfordSpringfield,0,17,338,1.8139644970414184
2015-12-06,1.19,12.388170927400136,4269.91,199395.25,192.36,36087.9,35448.13,639.77,0.0,conventional,2015.0,HartfordSpringfield,0,17,338,1.8139644970414184
2015-11-29,1.32,12.272012715289463,3572.7,172790.41,169.1,37099.33,36423.45,675.88,0.0,conventional,2015.0,HartfordSpringfield,0,17,338,1.8139644970414184
2015-11-22,1.27,12.264776081874595,3720.08,176358.45,319.25,31693.36,30800.02,893.34,0.0,conventional,2015.0,HartfordSpringfield,0,17,338,1.8139644970414184
2015-11-15,1.12,12.525322314351692,4680.06,228183.77,197.29,42156.85,40290.46,1866.39,0.0,conventional,2015.0,HartfordSpringfield,0,17,338,1.8139644970414184
2015-11-08,1.16,12.641701744884354,5048.2,260745.71,171.88,43220.27,37770.33,5449.94,0.0,conventional,2015.0,HartfordSpringfield,0,17,338,1.8139644970414184
2015-11-01,1.16,12.69486131955959,4471.3,271817.93,288.44,49489.36,44831.2,4658.16,0.0,conventional,2015.0,HartfordSpringfield,0,17,338,1.8139644970414184
2015-10-25,1.2,12.364623743585836,3444.57,183080.97,300.22,47535.6,43920.24,3615.36,0.0,conventional,2015.0,HartfordSpringfield,0,17,338,1.8139644970414184
2015-10-18,0.93,12.918697081831265,4980.03,357183.34,594.12,45108.78,42004.56,3104.22,0.0,conventional,2015.0,HartfordSpringfield,0,17,338,1.8139644970414184
2015-10-11,1.38,12.484570597764433,4555.33,206738.06,491.68,52442.71,49064.3,3378.41,0.0,conventional,2015.0,HartfordSpringfield,0,17,338,1.8139644970414184
2015-10-04,1.3,12.478538067252044,5369.78,205512.49,287.31,51469.03,46352.66,5116.37,0.0,conventional,2015.0,HartfordSpringfield,0,17,338,1.8139644970414184
2015-09-27,1.29,12.41772089834308,3978.86,196807.93,248.86,46105.98,42271.23,3834.75,0.0,conventional,2015.0,HartfordSpringfield,0,17,338,1.8139644970414184
2015-09-20,1.25,12.394764452461141,3716.84,179938.31,270.67,57606.92,52877.17,4729.75,0.0,conventional,2015.0,HartfordSpringfield,0,17,338,1.8139644970414184
2015-09-13,1.11,12.740157298699465,4326.64,283221.2,206.25,53422.12,47929.52,5492.6,0.0,conventional,2015.0,HartfordSpringfield,0,17,338,1.8139644970414184
2015-09-06,1.27,12.547024796618444,3976.35,221997.7,497.89,54784.25,52839.06,1945.19,0.0,conventional,2015.0,HartfordSpringfield,0,17,338,1.8139644970414184
2015-08-30,1.26,12.587341606955038,3882.25,241162.58,593.94,47188.5,46616.28,572.22,0.0,conventional,2015.0,HartfordSpringfield,0,17,338,1.8139644970414184
2015-08-23,1.14,12.606505848143232,4337.08,248478.66,422.19,45255.29,44345.82,909.47,0.0,conventional,2015.0,HartfordSpringfield,0,17,338,1.8139644970414184
2015-08-16,1.12,12.768756465096862,4402.25,292976.9,886.72,52808.59,51496.76,1311.83,0.0,conventional,2015.0,HartfordSpringfield,0,17,338,1.8139644970414184
2015-08-09,1.12,12.778440352469133,4619.78,292318.39,706.64,56845.94,55625.9,1220.04,0.0,conventional,2015.0,HartfordSpringfield,0,17,338,1.8139644970414184
2015-08-02,1.16,12.686802202053626,4543.97,268797.64,1283.94,48824.22,47631.34,1192.88,0.0,conventional,2015.0,HartfordSpringfield,0,17,338,1.8139644970414184
2015-07-26,1.3,12.491441720063484,3579.93,205203.65,2171.08,55094.92,52815.8,2279.12,0.0,conventional,2015.0,HartfordSpringfield,0,17,338,1.8139644970414184
2015-07-19,1.32,12.461645051300325,3759.04,189919.51,5496.69,59063.86,56769.39,2294.47,0.0,conventional,2015.0,HartfordSpringfield,0,17,338,1.8139644970414184
2015-07-12,1.06,12.873345966101668,4947.35,299937.47,11286.35,73611.03,71429.27,2181.76,0.0,conventional,2015.0,HartfordSpringfield,0,17,338,1.8139644970414184
2015-07-05,1.25,12.733947757238655,4847.8,250696.56,11793.14,71726.72,67565.11,4161.61,0.0,conventional,2015.0,HartfordSpringfield,0,17,338,1.8139644970414184
2015-06-28,1.27,12.626837020718208,4253.95,226699.55,9682.22,63988.35,60622.57,3365.78,0.0,conventional,2015.0,HartfordSpringfield,0,17,338,1.8139644970414184
2015-06-21,1.25,12.741483090711426,4030.52,258200.71,10100.06,69297.55,67505.16,1792.39,0.0,conventional,2015.0,HartfordSpringfield,0,17,338,1.8139644970414184
2015-06-14,1.15,12.730913416686473,4926.58,253423.88,6839.64,72846.84,69607.77,3239.07,0.0,conventional,2015.0,HartfordSpringfield,0,17,338,1.8139644970414184
2015-06-07,1.29,12.77556951156724,4435.64,281285.58,219.26,67534.04,66052.8,1481.24,0.0,conventional,2015.0,HartfordSpringfield,0,17,338,1.8139644970414184
2015-05-31,1.33,12.674524508909785,4974.69,237651.14,142.52,76734.47,74809.0,1925.47,0.0,conventional,2015.0,HartfordSpringfield,0,17,338,1.8139644970414184
2015-05-24,1.34,12.66011078312463,4532.15,229800.24,177.56,80420.66,78505.66,1915.0,0.0,conventional,2015.0,HartfordSpringfield,0,17,338,1.8139644970414184
2015-05-17,1.2,12.790392669681792,4623.9,281567.1,249.3,72312.87,69888.23,2424.64,0.0,conventional,2015.0,HartfordSpringfield,0,17,338,1.8139644970414184
2015-05-10,1.25,12.823755515294096,5262.94,288462.56,390.91,76807.72,73455.49,3352.23,0.0,conventional,2015.0,HartfordSpringfield,0,17,338,1.8139644970414184
2015-05-03,1.25,12.70560482777354,4005.44,255378.5,539.0,69666.09,66957.03,2709.06,0.0,conventional,2015.0,HartfordSpringfield,0,17,338,1.8139644970414184
2015-04-26,1.36,12.532420301117536,4159.5,206008.87,229.9,66780.15,64008.53,2693.84,77.78,conventional,2015.0,HartfordSpringfield,0,17,338,1.8139644970414184
2015-04-19,1.35,12.510610839472662,3625.55,196720.42,175.12,70677.64,66844.17,3833.47,0.0,conventional,2015.0,HartfordSpringfield,0,17,338,1.8139644970414184
2015-04-12,1.25,12.43354437674572,3432.34,182584.86,133.93,64932.26,63103.19,1829.07,0.0,conventional,2015.0,HartfordSpringfield,0,17,338,1.8139644970414184
2015-04-05,1.33,12.417014902873545,4021.27,183801.36,194.45,58950.13,56550.7,2399.43,0.0,conventional,2015.0,HartfordSpringfield,0,17,338,1.8139644970414184
2015-03-29,1.22,12.394608685693115,3980.5,184277.87,217.08,53019.67,50509.85,2509.82,0.0,conventional,2015.0,HartfordSpringfield,0,17,338,1.8139644970414184
2015-03-22,1.11,12.58732142427377,5900.6,230143.88,139.93,56636.95,53990.12,2646.83,0.0,conventional,2015.0,HartfordSpringfield,0,17,338,1.8139644970414184
2015-03-15,1.4,12.32723963802965,6740.23,150490.66,160.54,68370.25,65306.48,3063.77,0.0,conventional,2015.0,HartfordSpringfield,0,17,338,1.8139644970414184
2015-03-08,1.43,12.256652065169769,3253.02,125712.73,145.3,81264.03,77718.63,3545.4,0.0,conventional,2015.0,HartfordSpringfield,0,17,338,1.8139644970414184
2015-03-01,1.12,12.660069312943845,4547.97,250129.65,271.71,59968.22,57600.88,2367.34,0.0,conventional,2015.0,HartfordSpringfield,0,17,338,1.8139644970414184
2015-02-22,1.38,12.302342909760464,3632.57,142741.2,285.7,73550.85,71330.51,2220.34,0.0,conventional,2015.0,HartfordSpringfield,0,17,338,1.8139644970414184
2015-02-15,1.39,12.315694961800865,3681.09,138690.77,216.75,80581.7,79026.53,1555.17,0.0,conventional,2015.0,HartfordSpringfield,0,17,338,1.8139644970414184
2015-02-08,1.09,12.806480905264346,6791.17,289098.22,215.13,68467.05,65594.58,2872.47,0.0,conventional,2015.0,HartfordSpringfield,0,17,338,1.8139644970414184
2015-02-01,1.32,12.604749129651573,4803.72,216923.02,364.83,75877.74,72234.63,3643.11,0.0,conventional,2015.0,HartfordSpringfield,0,17,338,1.8139644970414184
2015-01-25,1.35,12.393278546138992,4305.86,150044.76,231.99,86591.5,79402.42,7189.08,0.0,conventional,2015.0,HartfordSpringfield,0,17,338,1.8139644970414184
2015-01-18,1.39,12.342424650235742,3347.41,160683.8,286.52,64898.32,62671.58,2226.74,0.0,conventional,2015.0,HartfordSpringfield,0,17,338,1.8139644970414184
2015-01-11,1.38,12.357252416575045,4365.27,143001.84,223.15,85049.89,83319.8,1730.09,0.0,conventional,2015.0,HartfordSpringfield,0,17,338,1.8139644970414184
2015-01-04,1.06,12.7135199893289,6387.6,267593.62,165.35,58061.57,55401.31,2660.26,0.0,conventional,2015.0,HartfordSpringfield,0,17,338,1.8139644970414184
