assignement2/avocado_encoded.csv
Date,AveragePrice,Total Volume,4046,4225,4770,Total Bags,Small Bags,Large Bags,XLarge Bags,type,year,region,type_label,region_ordinal,region_frequency,region_target
2015-12-27,0.78,13.75841894895166,276269.395,288003.62,15608.55,140578.89,73711.94,36493.62,331.25,conventional,2015.0,Houston,0,18,338,1.0479289940828398
2015-12-20,0.75,13.73468727155174,276269.395,278067.11,15608.55,134472.15,72198.16,31520.66,331.25,conventional,2015.0,Houston,0,18,338,1.0479289940828398
2015-12-13,0.73,13.81426373099848,276269.395,371003.98,15608.55,118249.9,69011.01,48622.22,331.25,conventional,2015.0,Houston,0,18,338,1.0479289940828398
2015-12-06,0.74,13.805134765114985,276269.395,371003.98,7041.19,123301.75,61020.31,54881.92,0.0,conventional,2015.0,Houston,0,18,338,1.0479289940828398
2015-11-29,0.79,13.571177818021855,276269.395,289533.68,4334.89,97740.46,67880.28,29860.18,0.0,conventional,2015.0,Houston,0,18,338,1.0479289940828398
2015-11-22,0.73,13.724495496917095,276269.395,371003.98,6924.43,112776.26,70785.25,41991.01,0.0,conventional,2015.0,Houston,0,18,338,1.0479289940828398
2015-11-15,0.72,13.814312620723891,276269.395,332541.11,4611.0,131185.34,62414.66,54881.92,0.0,conventional,2015.0,Houston,0,18,338,1.0479289940828398
2015-11-08,0.75,13.799290572336506,276269.395,371003.98,15608.55,124311.49,56573.89,54881.92,0.0,conventional,2015.0,Houston,0,18,338,1.0479289940828398
2015-11-01,0.77,13.82328698304116,276269.395,365506.02,15608.55,135090.91,56198.27,54881.92,0.0,conventional,2015.0,Houston,0,18,338,1.0479289940828398
2015-10-25,0.88,13.746829687799847,276269.395,313129.29,15608.55,101889.59,57577.21,44260.6,51.78,conventional,2015.0,Houston,0,18,338,1.0479289940828398
2015-10-18,0.9,13.650416692633414,276269.395,242842.91,15608.55,87942.98,59835.83,28107.15,0.0,conventional,2015.0,Houston,0,18,338,1.0479289940828398
2015-10-11,0.79,13.851138777756882,276269.395,371003.98,15608.55,112924.68,62638.13,50286.55,0.0,conventional,2015.0,Houston,0,18,338,1.0479289940828398
2015-10-04,0.82,13.834611949255867,276269.395,371003.98,15608.55,128610.3,59751.0,54881.92,0.0,conventional,2015.0,Houston,0,18,338,1.0479289940828398
2015-09-27,0.86,13.784008631779592,276269.395,371003.98,15608.55,110005.86,61098.51,48907.35,0.0,conventional,2015.0,Houston,0,18,338,1.0479289940828398
2015-09-20,0.83,13.782190612984692,276269.395,371003.98,6959.5,97093.64,55198.32,41895.32,0.0,conventional,2015.0,Houston,0,18,338,1.0479289940828398
2015-09-13,0.89,13.879563512796107,276269.395,371003.98,5559.36,128197.69,55636.91,54881.92,0.0,conventional,2015.0,Houston,0,18,338,1.0479289940828398
2015-09-06,0.89,13.879563512796107,276269.395,371003.98,6230.7,128398.07,63724.96,54881.92,0.0,conventional,2015.0,Houston,0,18,338,1.0479289940828398
2015-08-30,0.88,13.738765497902556,276269.395,260761.33,4514.17,101800.73,72264.6,29536.13,0.0,conventional,2015.0,Houston,0,18,338,1.0479289940828398
2015-08-23,0.89,13.746339638484864,276269.395,321616.5,4323.68,97753.82,62733.47,35020.35,0.0,conventional,2015.0,Houston,0,18,338,1.0479289940828398
2015-08-16,0.92,13.783916779261935,276269.395,297434.65,3479.25,102019.4,65764.02,36255.38,0.0,conventional,2015.0,Houston,0,18,338,1.0479289940828398
2015-08-09,0.92,13.748462961060413,276269.395,356592.63,5288.3,98490.67,62834.44,35656.23,0.0,conventional,2015.0,Houston,0,18,338,1.0479289940828398
2015-08-02,0.9,13.76224468774868,276269.395,281941.22,3494.6,93996.27,60782.86,33213.41,0.0,conventional,2015.0,Houston,0,18,338,1.0479289940828398
2015-07-26,0.79,13.879563512796107,276269.395,371003.98,5096.53,115646.96,69845.31,45801.65,0.0,conventional,2015.0,Houston,0,18,338,1.0479289940828398
2015-07-19,0.78,13.879563512796107,276269.395,371003.98,4233.66,146607.39,73695.03,54881.92,0.0,conventional,2015.0,Houston,0,18,338,1.0479289940828398
2015-07-12,0.79,13.815118991312056,276269.395,307628.06,3226.08,129130.78,71467.17,54881.92,188.89,conventional,2015.0,Houston,0,18,338,1.0479289940828398
2015-07-05,0.79,13.879563512796107,276269.395,371003.98,3957.2,145201.69,98660.98,46540.71,0.0,conventional,2015.0,Houston,0,18,338,1.0479289940828398
2015-06-28,0.74,13.879563512796107,276269.395,337700.09,1935.65,182793.53,87444.74,54881.92,0.0,conventional,2015.0,Houston,0,18,338,1.0479289940828398
2015-06-21,0.74,13.879563512796107,276269.395,371003.98,2227.98,165540.77,84406.17,54881.92,0.0,conventional,2015.0,Houston,0,18,338,1.0479289940828398
2015-06-14,0.62,13.879563512796107,276269.395,371003.98,4700.1,164984.41,85200.08,54881.92,0.0,conventional,2015.0,Houston,0,18,338,1.0479289940828398
2015-06-07,0.72,13.879563512796107,276269.395,364707.14,3899.67,127682.54,72504.8,54881.92,0.0,conventional,2015.0,Houston,0,18,338,1.0479289940828398
2015-05-31,0.72,13.879563512796107,276269.395,371003.98,2927.27,119148.01,53981.67,54881.92,0.0,conventional,2015.0,Houston,0,18,338,1.0479289940828398
2015-05-24,0.83,13.879563512796107,276269.395,324447.92,5151.72,97641.42,58142.73,39498.69,0.0,conventional,2015.0,Houston,0,18,338,1.0479289940828398
2015-05-17,0.82,13.840847441016633,276269.395,263395.46,3241.06,82512.33,47881.9,34630.43,0.0,conventional,2015.0,Houston,0,18,338,1.0479289940828398
2015-05-10,0.76,13.879563512796107,276269.395,371003.98,3776.21,119273.42,49686.88,54881.92,0.0,conventional,2015.0,Houston,0,18,338,1.0479289940828398
2015-05-03,0.74,13.879563512796107,276269.395,371003.98,4521.86,138113.52,55875.33,54881.92,0.0,conventional,2015.0,Houston,0,18,338,1.0479289940828398
2015-04-26,0.79,13.879563512796107,276269.395,295785.8,5527.28,91745.87,58557.13,33188.74,0.0,conventional,2015.0,Houston,0,18,338,1.0479289940828398
2015-04-19,0.82,13.746197102953058,276269.395,250464.55,3898.56,112472.41,78217.04,34255.37,0.0,conventional,2015.0,Houston,0,18,338,1.0479289940828398
2015-04-12,0.79,13.879563512796107,276269.395,353794.42,3936.53,107051.39,97144.19,9907.2,0.0,conventional,2015.0,Houston,0,18,338,1.0479289940828398
2015-04-05,0.83,13.879563512796107,276269.395,371003.98,4878.2,139400.33,132586.15,6814.18,0.0,conventional,2015.0,Houston,0,18,338,1.0479289940828398
2015-03-29,0.79,13.879563512796107,276269.395,371003.98,4633.28,128755.71,122988.43,5767.28,0.0,conventional,2015.0,Houston,0,18,338,1.0479289940828398
2015-03-22,0.8,13.851519165903639,276269.395,371003.98,5199.15,122875.54,71977.68,50897.86,0.0,conventional,2015.0,Houston,0,18,338,1.0479289940828398
2015-03-15,0.77,13.857778326050072,276269.395,371003.98,5000.2,110522.1,62352.87,48169.23,0.0,conventional,2015.0,Houston,0,18,338,1.0479289940828398
2015-03-08,0.78,13.879563512796107,276269.395,371003.98,5321.52,135735.59,60498.92,54881.92,0.0,conventional,2015.0,Houston,0,18,338,1.0479289940828398
2015-03-01,0.87,13.806802210130801,276269.395,371003.98,4149.71,114118.74,63264.46,50854.28,0.0,conventional,2015.0,Houston,0,18,338,1.0479289940828398
2015-02-22,0.82,13.794091539811973,276269.395,346617.64,6532.39,105622.79,73227.41,32395.38,0.0,conventional,2015.0,Houston,0,18,338,1.0479289940828398
2015-02-15,0.73,13.876030440178061,276269.395,364817.51,5598.15,120148.78,83840.62,36308.16,0.0,conventional,2015.0,Houston,0,18,338,1.0479289940828398
2015-02-08,0.7,13.879563512796107,276269.395,371003.98,5175.33,114519.05,103507.51,11011.54,0.0,conventional,2015.0,Houston,0,18,338,1.0479289940828398
2015-02-01,0.72,13.879563512796107,276269.395,371003.98,8063.4,134420.71,86145.18,48275.53,0.0,conventional,2015.0,Houston,0,18,338,1.0479289940828398
2015-01-25,0.77,13.799291680159836,276269.395,309974.97,4231.47,120289.18,95546.28,24742.9,0.0,conventional,2015.0,Houston,0,18,338,1.0479289940828398
2015-01-18,0.77,13.833208186991602,276269.395,371003.98,9353.74,120280.76,107320.39,12960.37,0.0,conventional,2015.0,Houston,0,18,338,1.0479289940828398
2015-01-11,0.78,13.875732887107155,276269.395,371003.98,4094.47,152918.86,126995.76,25923.1,0.0,conventional,2015.0,Houston,0,18,338,1.0479289940828398
2015-01-04,0.71,13.876597773943999,276269.395,371003.98,4378.92,115837.55,90299.85,25537.7,0.0,conventional,2015.0,Houston,0,18,338,1.0479289940828398
2015-12-27,1.04,11.720728672575504,4647.28,69384.73,11206.4,37857.68,20644.64,11524.06,331.25,conventional,2015.0,Indianapolis,0,19,338,1.313994082840236
2015-12-20,1.1,11.66439839138518,3702.2,67983.94,9327.71,35339.83,18144.63,12133.67,331.25,conventional,2015.0,Indianapolis,0,19,338,1.313994082840236
2015-12-13,1.03,11.738816358880285,4904.51,69984.32,11398.44,39055.62,21259.82,15580.08,331.25,conventional,2015.0,Indianapolis,0,19,338,1.313994082840236
2015-12-06,0.92,11.889589371784766,4067.0,89452.99,13570.12,38650.33,19365.92,17733.68,331.25,conventional,2015.0,Indianapolis,0,19,338,1.313994082840236
2015-11-29,1.08,11.594002191707895,3079.44,65254.08,10854.59,29256.3,17455.74,9975.21,331.25,conventional,2015.0,Indianapolis,0,19,338,1.313994082840236
2015-11-22,1.11,11.656034495244056,3979.57,68939.61,9639.94,32825.44,20313.48,11041.51,331.25,conventional,2015.0,Indianapolis,0,19,338,1.313994082840236
2015-11-15,1.08,11.729806326517318,3478.99,71346.37,12795.08,36598.17,22294.87,11753.19,331.25,conventional,2015.0,Indianapolis,0,19,338,1.313994082840236
2015-11-08,0.96,11.90361900873424,4337.57,84844.19,15608.55,38397.37,19246.38,15189.72,331.25,conventional,2015.0,Indianapolis,0,19,338,1.313994082840236
2015-11-01,1.01,11.901316436064846,5224.61,84968.04,15608.55,40333.83,20800.04,16206.13,331.25,conventional,2015.0,Indianapolis,0,19,338,1.313994082840236
2015-10-25,1.02,11.92873514963885,4333.17,89943.26,15608.55,40696.01,18548.38,19394.8,331.25,conventional,2015.0,Indianapolis,0,19,338,1.313994082840236
2015-10-18,0.97,11.97957673132138,4397.88,102117.87,12142.13,40805.64,24129.91,15546.0,331.25,conventional,2015.0,Indianapolis,0,19,338,1.313994082840236
2015-10-11,1.1,11.766401732569474,4270.64,75604.83,13860.26,35112.95,21300.25,11566.09,331.25,conventional,2015.0,Indianapolis,0,19,338,1.313994082840236
2015-10-04,0.98,11.847109442665634,3645.9,87385.31,13528.83,35118.97,18727.08,14546.97,331.25,conventional,2015.0,Indianapolis,0,19,338,1.313994082840236
2015-09-27,1.04,11.845759089865394,2961.25,85578.17,15608.55,34774.67,19742.24,12078.24,331.25,conventional,2015.0,Indianapolis,0,19,338,1.313994082840236
2015-09-20,0.91,12.133306180845109,3942.44,116683.58,15608.55,41170.1,18045.98,18135.33,331.25,conventional,2015.0,Indianapolis,0,19,338,1.313994082840236
2015-09-13,0.87,12.214147853101382,3668.07,130327.72,15608.55,49656.88,22010.51,24284.79,331.25,conventional,2015.0,Indianapolis,0,19,338,1.313994082840236
2015-09-06,1.11,11.96150932004234,3361.77,92568.64,15608.55,44015.86,25163.49,15845.63,331.25,conventional,2015.0,Indianapolis,0,19,338,1.313994082840236
2015-08-30,1.17,11.898646808049795,3709.1,86767.95,15531.08,41058.35,23305.32,15000.54,331.25,conventional,2015.0,Indianapolis,0,19,338,1.313994082840236
2015-08-23,1.22,11.790073978774572,4293.59,77251.43,10288.24,40101.97,23701.08,14786.36,331.25,conventional,2015.0,Indianapolis,0,19,338,1.313994082840236
2015-08-16,1.14,11.983308834605456,5270.74,90141.76,15608.55,44629.48,23010.0,17605.07,331.25,conventional,2015.0,Indianapolis,0,19,338,1.313994082840236
2015-08-09,1.2,11.907571524332411,3553.34,91631.6,12389.35,40810.6,24883.56,14289.69,331.25,conventional,2015.0,Indianapolis,0,19,338,1.313994082840236
2015-08-02,1.21,11.930873733213609,3914.24,94006.28,13847.9,40114.79,22812.1,14978.27,331.25,conventional,2015.0,Indianapolis,0,19,338,1.313994082840236
2015-07-26,1.22,11.880878649778442,3840.1,84797.31,7897.34,47941.69,27526.1,19119.03,331.25,conventional,2015.0,Indianapolis,0,19,338,1.313994082840236
2015-07-19,1.07,12.032703714125981,4866.47,101983.73,15100.98,46213.29,25201.47,18741.75,331.25,conventional,2015.0,Indianapolis,0,19,338,1.313994082840236
2015-07-12,1.05,11.991842935128671,4181.35,101947.17,7053.06,48250.01,27061.56,20240.11,331.25,conventional,2015.0,Indianapolis,0,19,338,1.313994082840236
2015-07-05,1.05,12.15854818751665,4890.33,119457.27,13495.86,52872.97,30631.37,21037.53,331.25,conventional,2015.0,Indianapolis,0,19,338,1.313994082840236
2015-06-28,0.95,12.197375585504934,5514.89,121148.6,9267.12,62336.52,34863.23,26114.84,331.25,conventional,2015.0,Indianapolis,0,19,338,1.313994082840236
2015-06-21,1.03,12.231741172005545,7214.14,124628.24,14564.3,58792.48,33861.06,23155.13,331.25,conventional,2015.0,Indianapolis,0,19,338,1.313994082840236
2015-06-14,1.15,12.064199874422721,10382.27,97079.96,13744.21,52338.89,33478.56,17581.12,331.25,conventional,2015.0,Indianapolis,0,19,338,1.313994082840236
2015-06-07,1.28,11.955889227416073,16121.1,80781.48,10648.98,48179.03,30541.64,15866.46,331.25,conventional,2015.0,Indianapolis,0,19,338,1.313994082840236
2015-05-31,1.37,11.869332182939589,13199.86,80053.62,6630.76,42933.59,26714.31,15126.47,331.25,conventional,2015.0,Indianapolis,0,19,338,1.313994082840236
2015-05-24,1.29,12.036463759229644,19662.17,92856.9,14814.07,41464.83,26023.27,12630.31,331.25,conventional,2015.0,Indianapolis,0,19,338,1.313994082840236
2015-05-17,1.26,12.008096045509456,18666.08,89510.92,15608.55,39737.03,21260.58,16314.28,331.25,conventional,2015.0,Indianapolis,0,19,338,1.313994082840236
2015-05-10,1.06,12.183486385520833,16899.58,127193.06,5271.2,46168.54,23578.29,22228.41,331.25,conventional,2015.0,Indianapolis,0,19,338,1.313994082840236
2015-05-03,1.13,12.094531010497231,18025.82,113204.3,7488.56,40171.15,21559.51,17453.1,331.25,conventional,2015.0,Indianapolis,0,19,338,1.313994082840236
2015-04-26,1.24,11.973512459046914,12319.28,88398.02,15608.55,41141.09,23192.65,14397.12,331.25,conventional,2015.0,Indianapolis,0,19,338,1.313994082840236
2015-04-19,1.08,12.09572359669415,12091.85,106308.89,10136.69,50565.87,35778.37,13533.9,331.25,conventional,2015.0,Indianapolis,0,19,338,1.313994082840236
2015-04-12,1.15,11.894256201309284,13496.9,86722.03,2457.5,43745.75,33143.47,10414.35,187.93,conventional,2015.0,Indianapolis,0,19,338,1.313994082840236
2015-04-05,1.17,11.92676309218424,12623.45,95213.63,2843.96,40579.11,33761.92,6720.88,96.31,conventional,2015.0,Indianapolis,0,19,338,1.313994082840236
2015-03-29,1.09,11.990956723902912,5382.76,97691.27,8095.81,50118.75,37465.78,11727.21,331.25,conventional,2015.0,Indianapolis,0,19,338,1.313994082840236
2015-03-22,1.11,11.986415571883214,3961.0,102319.13,15542.64,38735.04,19721.51,16305.28,331.25,conventional,2015.0,Indianapolis,0,19,338,1.313994082840236
2015-03-15,1.21,11.852881412133492,4942.49,88080.11,5551.28,41913.69,24140.96,16954.05,331.25,conventional,2015.0,Indianapolis,0,19,338,1.313994082840236
2015-03-08,1.07,11.985671455503548,6082.65,97697.59,10846.32,45811.82,27937.4,15551.62,331.25,conventional,2015.0,Indianapolis,0,19,338,1.313994082840236
2015-03-01,1.13,12.040947322337427,4876.24,110740.95,14372.16,39567.14,22401.71,14728.68,331.25,conventional,2015.0,Indianapolis,0,19,338,1.313994082840236
2015-02-22,1.34,11.755887643452619,4269.36,80442.92,5161.84,37626.92,22828.92,13884.93,331.25,conventional,2015.0,Indianapolis,0,19,338,1.313994082840236
2015-02-15,1.3,11.709879608054164,5833.67,75495.03,4664.15,35774.97,22442.7,12428.29,331.25,conventional,2015.0,Indianapolis,0,19,338,1.313994082840236
2015-02-08,0.98,11.975356872169186,7650.86,109166.71,8455.43,33519.02,18968.55,12562.27,331.25,conventional,2015.0,Indianapolis,0,19,338,1.313994082840236
2015-02-01,0.92,12.410455551296618,7245.61,181784.28,14761.53,41561.14,20669.59,18130.75,331.25,conventional,2015.0,Indianapolis,0,19,338,1.313994082840236
2015-01-25,1.06,11.914883028830907,3642.56,108152.4,724.5,36954.33,21963.56,14952.61,38.16,conventional,2015.0,Indianapolis,0,19,338,1.313994082840236
2015-01-18,1.14,11.913852424575188,2910.77,103890.9,2048.78,40469.37,22405.47,17913.92,149.98,conventional,2015.0,Indianapolis,0,19,338,1.313994082840236
2015-01-11,1.25,11.839477515998187,3024.88,100509.97,1771.71,33310.48,18466.87,14765.56,78.05,conventional,2015.0,Indianapolis,0,19,338,1.313994082840236
2015-01-04,1.02,11.983748445955632,4007.41,118435.79,1201.5,36485.45,20325.41,16160.04,0.0,conventional,2015.0,Indianapolis,0,19,338,1.313994082840236
