assignement2/avocado_encoded.csv
Date,AveragePrice,Total Volume,4046,4225,4770,Total Bags,Small Bags,Large Bags,XLarge Bags,type,year,region,type_label,region_ordinal,region_frequency,region_target
2015-12-27,0.99,11.797982896062312,91470.46,7688.79,514.7,33308.89,15300.85,18008.04,0.0,conventional,2015.0,Jacksonville,0,20,338,1.5089053254437876
2015-12-20,1.19,11.471443461024995,63053.15,6544.15,241.09,26097.27,16151.43,9940.6,5.24,conventional,2015.0,Jacksonville,0,20,338,1.5089053254437876
2015-12-13,0.96,11.849663094942937,100533.31,8913.72,199.12,30390.01,11312.69,19064.31,13.01,conventional,2015.0,Jacksonville,0,20,338,1.5089053254437876
2015-12-06,1.19,11.44398398501985,65041.02,7716.82,703.2,19876.09,8770.31,11105.78,0.0,conventional,2015.0,Jacksonville,0,20,338,1.5089053254437876
2015-11-29,0.96,11.705507040632666,85341.93,7840.61,266.31,27787.69,7638.25,20149.44,0.0,conventional,2015.0,Jacksonville,0,20,338,1.5089053254437876
2015-11-22,0.98,11.655308230854768,77130.61,8054.18,301.94,29814.06,10738.71,19075.35,0.0,conventional,2015.0,Jacksonville,0,20,338,1.5089053254437876
2015-11-15,1.25,11.418615334949383,57764.9,7319.36,998.99,24915.8,12498.87,12406.71,10.22,conventional,2015.0,Jacksonville,0,20,338,1.5089053254437876
2015-11-08,1.25,11.456320086413367,62219.27,7707.94,411.4,24157.08,12761.19,11395.89,0.0,conventional,2015.0,Jacksonville,0,20,338,1.5089053254437876
2015-11-01,0.97,11.998806872496305,110439.42,11892.01,995.43,39232.86,14379.48,24853.38,0.0,conventional,2015.0,Jacksonville,0,20,338,1.5089053254437876
2015-10-25,1.22,11.493726029717145,61125.82,8956.16,796.53,27218.86,19339.98,7878.88,0.0,conventional,2015.0,Jacksonville,0,20,338,1.5089053254437876
2015-10-18,1.25,11.436052951915373,57713.02,9666.15,834.92,24385.7,14116.28,10269.42,0.0,conventional,2015.0,Jacksonville,0,20,338,1.5089053254437876
2015-10-11,0.99,11.862710125331814,93556.4,12101.67,1201.18,35015.95,14261.06,20754.89,0.0,conventional,2015.0,Jacksonville,0,20,338,1.5089053254437876
2015-10-04,0.99,11.939154894661096,102479.0,13922.67,537.65,36206.89,14925.09,21281.8,0.0,conventional,2015.0,Jacksonville,0,20,338,1.5089053254437876
2015-09-27,1.27,11.433088977698471,52301.92,14641.98,1047.02,24334.81,14588.26,9746.55,0.0,conventional,2015.0,Jacksonville,0,20,338,1.5089053254437876
2015-09-20,0.99,11.968381856884582,97864.33,21665.96,447.77,37710.23,17060.74,20649.49,0.0,conventional,2015.0,Jacksonville,0,20,338,1.5089053254437876
2015-09-13,1.24,11.541239706659713,55192.87,19471.72,461.14,27745.16,18430.6,9314.56,0.0,conventional,2015.0,Jacksonville,0,20,338,1.5089053254437876
2015-09-06,0.98,12.099815672619032,109912.85,23440.35,1561.01,44923.5,20609.55,24313.95,0.0,conventional,2015.0,Jacksonville,0,20,338,1.5089053254437876
2015-08-30,1.26,11.662293296621053,64015.75,19572.08,657.28,31863.89,20460.51,11403.38,0.0,conventional,2015.0,Jacksonville,0,20,338,1.5089053254437876
2015-08-23,1.25,11.62470285836017,60641.9,19269.77,731.09,31182.63,20588.04,10594.59,0.0,conventional,2015.0,Jacksonville,0,20,338,1.5089053254437876
2015-08-16,1.25,11.585470659479986,60507.19,16156.31,697.22,30162.42,19619.87,10514.58,27.97,conventional,2015.0,Jacksonville,0,20,338,1.5089053254437876
2015-08-09,0.99,12.148029093011715,121358.64,22750.53,668.99,43942.61,21556.41,22386.2,0.0,conventional,2015.0,Jacksonville,0,20,338,1.5089053254437876
2015-08-02,1.24,11.629223398408016,63302.99,19717.01,759.06,28552.99,19135.05,9417.94,0.0,conventional,2015.0,Jacksonville,0,20,338,1.5089053254437876
2015-07-26,1.25,11.63512778784277,69032.32,19637.03,619.03,23708.89,18522.5,5186.39,0.0,conventional,2015.0,Jacksonville,0,20,338,1.5089053254437876
2015-07-19,1.0,12.065328445898269,111744.79,24068.98,647.13,37280.4,17718.5,19561.9,0.0,conventional,2015.0,Jacksonville,0,20,338,1.5089053254437876
2015-07-12,1.22,11.61697552235256,62590.29,18465.56,584.22,29324.53,19289.35,10035.18,0.0,conventional,2015.0,Jacksonville,0,20,338,1.5089053254437876
2015-07-05,0.95,12.264158753928431,132207.91,27446.0,1193.27,51113.07,31922.01,19191.06,0.0,conventional,2015.0,Jacksonville,0,20,338,1.5089053254437876
2015-06-28,1.16,11.818503495237456,78066.95,19522.69,866.73,37283.57,29903.31,7380.26,0.0,conventional,2015.0,Jacksonville,0,20,338,1.5089053254437876
2015-06-21,0.95,12.165835479964125,118742.11,23814.65,1147.34,48407.22,26218.22,22189.0,0.0,conventional,2015.0,Jacksonville,0,20,338,1.5089053254437876
2015-06-14,1.2,11.771649342030056,72175.96,13979.81,2356.55,41014.29,30968.84,10045.45,0.0,conventional,2015.0,Jacksonville,0,20,338,1.5089053254437876
2015-06-07,0.98,12.1568708466508,132109.76,13656.8,710.02,43920.22,24338.56,19581.66,0.0,conventional,2015.0,Jacksonville,0,20,338,1.5089053254437876
2015-05-31,1.24,11.760616681785118,86553.01,7980.5,615.86,32956.06,22617.48,10338.58,0.0,conventional,2015.0,Jacksonville,0,20,338,1.5089053254437876
2015-05-24,1.0,12.18286471275708,139484.96,13258.26,1049.26,41618.38,20782.4,20835.98,0.0,conventional,2015.0,Jacksonville,0,20,338,1.5089053254437876
2015-05-17,1.22,11.702977563975846,81751.17,8351.79,524.46,30302.84,19947.77,10355.07,0.0,conventional,2015.0,Jacksonville,0,20,338,1.5089053254437876
2015-05-10,1.24,11.740907292924687,85005.28,8543.63,625.5,31430.84,22038.43,9392.41,0.0,conventional,2015.0,Jacksonville,0,20,338,1.5089053254437876
2015-05-03,0.96,12.447116309624635,185046.86,16450.96,1347.25,51669.25,25088.83,26430.42,150.0,conventional,2015.0,Jacksonville,0,20,338,1.5089053254437876
2015-04-26,1.21,11.75931754278178,87231.57,9218.89,595.04,30893.61,21798.68,9094.93,0.0,conventional,2015.0,Jacksonville,0,20,338,1.5089053254437876
2015-04-19,1.17,11.73444313525592,81015.05,8893.31,650.56,34237.01,24494.31,9742.7,0.0,conventional,2015.0,Jacksonville,0,20,338,1.5089053254437876
2015-04-12,0.99,12.106094618257224,132039.44,13392.51,645.1,34893.41,17504.21,17389.2,0.0,conventional,2015.0,Jacksonville,0,20,338,1.5089053254437876
2015-04-05,1.1,11.896454186937088,105691.56,11012.21,848.18,29192.42,16686.17,12506.25,0.0,conventional,2015.0,Jacksonville,0,20,338,1.5089053254437876
2015-03-29,1.2,11.599571950395026,74529.93,8432.63,861.41,25226.14,17583.62,7642.52,0.0,conventional,2015.0,Jacksonville,0,20,338,1.5089053254437876
2015-03-22,0.96,12.131193160452266,136390.88,13642.52,613.36,34923.3,19581.38,15341.92,0.0,conventional,2015.0,Jacksonville,0,20,338,1.5089053254437876
2015-03-15,1.27,11.609413677893714,76237.55,8987.99,999.8,23903.32,17130.38,6772.94,0.0,conventional,2015.0,Jacksonville,0,20,338,1.5089053254437876
2015-03-08,1.24,11.630603606236498,77300.18,8997.99,745.39,25443.64,19549.59,5894.05,0.0,conventional,2015.0,Jacksonville,0,20,338,1.5089053254437876
2015-03-01,1.01,12.027278699394994,121358.37,13685.85,570.69,31639.73,17059.55,14580.18,0.0,conventional,2015.0,Jacksonville,0,20,338,1.5089053254437876
2015-02-22,1.1,11.703956484048385,79840.95,10684.39,1447.09,29076.27,21773.29,7302.98,0.0,conventional,2015.0,Jacksonville,0,20,338,1.5089053254437876
2015-02-15,1.24,11.563402301146464,70695.14,9457.72,595.88,24427.51,15354.4,9073.11,0.0,conventional,2015.0,Jacksonville,0,20,338,1.5089053254437876
2015-02-08,1.21,11.4278222662499,62181.18,9886.68,375.65,19397.24,11016.44,8380.8,0.0,conventional,2015.0,Jacksonville,0,20,338,1.5089053254437876
2015-02-01,0.92,12.379654581182756,171139.21,22525.96,1299.6,42945.86,20816.49,22129.37,0.0,conventional,2015.0,Jacksonville,0,20,338,1.5089053254437876
2015-01-25,1.2,11.607704139914505,66985.59,14505.13,523.89,27925.94,16753.47,11172.47,0.0,conventional,2015.0,Jacksonville,0,20,338,1.5089053254437876
2015-01-18,1.27,11.507884380025766,57479.2,16442.71,513.69,25060.56,14684.19,10376.37,0.0,conventional,2015.0,Jacksonville,0,20,338,1.5089053254437876
2015-01-11,1.2,11.510504236160006,57635.74,17025.48,529.41,24566.54,14862.7,9703.84,0.0,conventional,2015.0,Jacksonville,0,20,338,1.5089053254437876
2015-01-04,0.97,11.941506919623675,105203.79,19147.78,468.7,28686.57,13653.15,15033.42,0.0,conventional,2015.0,Jacksonville,0,20,338,1.5089053254437876
2015-12-27,0.83,12.5869312823377,135799.94,93317.46,4977.64,58612.1,34675.97,23936.13,0.0,conventional,2015.0,LasVegas,0,21,338,1.3756508875739655
2015-12-20,0.96,12.355766451089051,96355.05,77086.11,4749.61,54103.94,34992.96,19110.98,0.0,conventional,2015.0,LasVegas,0,21,338,1.3756508875739655
2015-12-13,0.95,12.283590707427356,101042.61,68490.51,4942.71,41643.52,33834.13,7809.39,0.0,conventional,2015.0,LasVegas,0,21,338,1.3756508875739655
2015-12-06,0.89,12.405029359328232,94777.64,107758.8,10794.34,30694.05,30201.26,492.79,0.0,conventional,2015.0,LasVegas,0,21,338,1.3756508875739655
2015-11-29,0.95,12.233092353211243,88653.67,81160.21,5227.59,30435.14,29475.24,959.9,0.0,conventional,2015.0,LasVegas,0,21,338,1.3756508875739655
2015-11-22,0.98,12.28296965683866,87241.86,91574.86,3926.84,33241.61,31653.96,1587.65,0.0,conventional,2015.0,LasVegas,0,21,338,1.3756508875739655
2015-11-15,0.95,12.420362881649446,100856.23,106817.36,4614.58,35507.27,33636.41,1870.86,0.0,conventional,2015.0,LasVegas,0,21,338,1.3756508875739655
2015-11-08,0.92,12.376866428795536,119810.22,74648.59,5456.06,37333.35,36573.68,759.67,0.0,conventional,2015.0,LasVegas,0,21,338,1.3756508875739655
2015-11-01,0.99,12.347639219447432,87202.7,94900.43,12912.69,35398.62,34277.25,1121.37,0.0,conventional,2015.0,LasVegas,0,21,338,1.3756508875739655
2015-10-25,0.98,12.409699539854795,79873.47,115618.11,14217.03,35458.53,33684.23,1774.3,0.0,conventional,2015.0,LasVegas,0,21,338,1.3756508875739655
2015-10-18,0.91,12.540274556912287,108979.09,126743.26,4681.66,38960.02,37274.27,1685.75,0.0,conventional,2015.0,LasVegas,0,21,338,1.3756508875739655
2015-10-11,0.94,12.501389089367164,62866.32,155590.5,13357.96,36894.51,33903.57,2990.94,0.0,conventional,2015.0,LasVegas,0,21,338,1.3756508875739655
2015-10-04,0.97,12.502738740525436,69916.72,154943.93,5551.93,38659.62,30931.87,7727.75,0.0,conventional,2015.0,LasVegas,0,21,338,1.3756508875739655
2015-09-27,0.97,12.516958759785734,63209.79,170341.44,4057.49,35317.04,31037.22,4279.82,0.0,conventional,2015.0,LasVegas,0,21,338,1.3756508875739655
2015-09-20,0.97,12.557603079138909,70945.65,163822.19,5225.21,44254.15,35941.12,8313.03,0.0,conventional,2015.0,LasVegas,0,21,338,1.3756508875739655
2015-09-13,0.88,12.757067061726376,82171.46,179103.0,11064.14,74655.89,31703.25,42952.64,0.0,conventional,2015.0,LasVegas,0,21,338,1.3756508875739655
2015-09-06,1.02,12.647950907487918,123361.73,128141.12,7149.5,52471.92,38692.25,13779.67,0.0,conventional,2015.0,LasVegas,0,21,338,1.3756508875739655
2015-08-30,1.09,12.557821069071041,114660.27,124423.82,6958.54,38266.54,37518.56,747.98,0.0,conventional,2015.0,LasVegas,0,21,338,1.3756508875739655
2015-08-23,1.06,12.472601801705796,131414.8,84541.6,4561.64,40566.09,38541.74,2024.35,0.0,conventional,2015.0,LasVegas,0,21,338,1.3756508875739655
2015-08-16,0.96,12.6596145205433,110442.18,136169.01,7799.26,60363.91,48127.04,12236.87,0.0,conventional,2015.0,LasVegas,0,21,338,1.3756508875739655
2015-08-09,0.96,12.774561069245383,117882.58,163299.76,8925.51,63010.39,41697.82,21312.57,0.0,conventional,2015.0,LasVegas,0,21,338,1.3756508875739655
2015-08-02,1.09,12.515181063099293,137413.89,79606.69,6250.99,49169.44,38914.95,10254.49,0.0,conventional,2015.0,LasVegas,0,21,338,1.3756508875739655
2015-07-26,1.06,12.514543990736327,137702.81,75823.92,8654.82,50085.95,41514.45,8571.5,0.0,conventional,2015.0,LasVegas,0,21,338,1.3756508875739655
2015-07-19,1.03,12.504855550120974,131325.7,78566.88,5011.33,54738.47,44134.02,10604.45,0.0,conventional,2015.0,LasVegas,0,21,338,1.3756508875739655
2015-07-12,1.02,12.53475907987227,136319.06,83225.67,5024.08,53258.63,41822.44,11436.19,0.0,conventional,2015.0,LasVegas,0,21,338,1.3756508875739655
2015-07-05,1.05,12.715105383035686,147937.64,100709.15,6281.59,77806.86,63540.12,14266.74,0.0,conventional,2015.0,LasVegas,0,21,338,1.3756508875739655
2015-06-28,1.01,12.589325852371033,138921.52,86492.67,4334.64,63660.06,52651.46,11008.6,0.0,conventional,2015.0,LasVegas,0,21,338,1.3756508875739655
2015-06-21,0.9,12.732692284596947,128876.23,126683.91,4219.33,78859.33,58695.06,20164.27,0.0,conventional,2015.0,LasVegas,0,21,338,1.3756508875739655
2015-06-14,0.88,12.872878083807572,145932.79,161219.75,3768.89,78678.44,45747.4,32931.04,0.0,conventional,2015.0,LasVegas,0,21,338,1.3756508875739655
2015-06-07,1.02,12.723955548019662,146782.32,112611.12,5234.25,71065.39,47209.35,23856.04,0.0,conventional,2015.0,LasVegas,0,21,338,1.3756508875739655
2015-05-31,1.03,12.562846264600356,134269.07,84841.82,8253.99,58376.6,41385.11,16991.49,0.0,conventional,2015.0,LasVegas,0,21,338,1.3756508875739655
2015-05-24,0.98,12.58813298641901,152869.01,83857.08,4566.03,51766.98,40849.99,10916.99,0.0,conventional,2015.0,LasVegas,0,21,338,1.3756508875739655
2015-05-17,0.95,12.541988370184464,144311.49,84178.93,3609.37,47743.43,34337.21,13406.22,0.0,conventional,2015.0,LasVegas,0,21,338,1.3756508875739655
2015-05-10,0.98,12.691845472347195,148053.33,117101.65,4266.19,55663.97,36501.34,19162.63,0.0,conventional,2015.0,LasVegas,0,21,338,1.3756508875739655
2015-05-03,0.94,12.916178658730633,146068.11,188533.85,6101.01,66137.41,37775.36,28362.05,0.0,conventional,2015.0,LasVegas,0,21,338,1.3756508875739655
2015-04-26,0.88,12.721048863649695,133307.7,132942.52,5032.11,63436.41,39250.19,24170.94,15.28,conventional,2015.0,LasVegas,0,21,338,1.3756508875739655
2015-04-19,0.82,12.72641761619998,206745.02,66506.38,7618.69,55650.51,34413.09,21237.42,0.0,conventional,2015.0,LasVegas,0,21,338,1.3756508875739655
2015-04-12,0.76,12.820768948698895,245368.93,69484.66,4229.89,50734.51,32104.77,18629.74,0.0,conventional,2015.0,LasVegas,0,21,338,1.3756508875739655
2015-04-05,0.81,12.79485129047958,226614.58,76597.83,6194.31,50949.57,38773.41,12176.16,0.0,conventional,2015.0,LasVegas,0,21,338,1.3756508875739655
2015-03-29,0.84,12.777192267050722,194240.37,104621.47,7463.43,47723.32,39098.87,8624.45,0.0,conventional,2015.0,LasVegas,0,21,338,1.3756508875739655
2015-03-22,0.9,12.648285668354347,151597.02,115109.24,5684.01,38838.17,38187.21,650.96,0.0,conventional,2015.0,LasVegas,0,21,338,1.3756508875739655
2015-03-15,1.07,12.474768400664107,112120.65,108345.08,5897.76,35286.92,34915.51,371.41,0.0,conventional,2015.0,LasVegas,0,21,338,1.3756508875739655
2015-03-08,1.01,12.581242828191245,114868.1,132275.9,5339.34,38563.47,38263.99,299.48,0.0,conventional,2015.0,LasVegas,0,21,338,1.3756508875739655
2015-03-01,1.05,12.58805532015242,92829.75,151163.75,12440.57,36602.27,35745.05,857.22,0.0,conventional,2015.0,LasVegas,0,21,338,1.3756508875739655
2015-02-22,1.16,12.399718671125395,98669.04,103066.3,4731.85,36265.13,36112.87,152.26,0.0,conventional,2015.0,LasVegas,0,21,338,1.3756508875739655
2015-02-15,1.12,12.450845625111372,101363.74,111729.04,3869.22,38503.26,38196.57,306.69,0.0,conventional,2015.0,LasVegas,0,21,338,1.3756508875739655
2015-02-08,1.01,12.67223035745767,108258.88,162192.25,4610.86,43708.68,42743.96,964.72,0.0,conventional,2015.0,LasVegas,0,21,338,1.3756508875739655
2015-02-01,0.94,12.821863803959268,144461.66,185057.29,4255.15,36449.01,35205.21,1243.8,0.0,conventional,2015.0,LasVegas,0,21,338,1.3756508875739655
2015-01-25,1.06,12.427258241299816,114584.67,98937.17,3874.78,32113.37,31833.66,279.71,0.0,conventional,2015.0,LasVegas,0,21,338,1.3756508875739655
2015-01-18,1.06,12.359596371720212,100191.96,94930.69,4887.89,33175.55,32897.59,277.96,0.0,conventional,2015.0,LasVegas,0,21,338,1.3756508875739655
2015-01-11,0.93,12.5226427127582,126092.05,101653.19,9591.88,37144.36,36874.44,269.92,0.0,conventional,2015.0,LasVegas,0,21,338,1.3756508875739655
2015-01-04,0.8,12.669373706415453,134003.07,120628.37,4591.23,58638.68,58126.59,512.09,0.0,conventional,2015.0,LasVegas,0,21,338,1.3756508875739655
