assignement2/avocado_encoded.csv
Date,AveragePrice,Total Volume,4046,4225,4770,Total Bags,Small Bags,Large Bags,XLarge Bags,type,year,region,type_label,region_ordinal,region_frequency,region_target
2015-12-27,0.8,13.879563512796107,276269.395,371003.98,15608.55,269325.465,204070.045,54881.92,331.25,conventional,2015.0,LosAngeles,0,22,338,1.216005917159763
2015-12-20,0.85,13.879563512796107,276269.395,371003.98,15608.55,269325.465,204070.045,54881.92,331.25,conventional,2015.0,LosAngeles,0,22,338,1.216005917159763
2015-12-13,0.74,13.879563512796107,276269.395,371003.98,15608.55,269325.465,204070.045,54881.92,331.25,conventional,2015.0,LosAngeles,0,22,338,1.216005917159763
2015-12-06,0.66,13.879563512796107,276269.395,371003.98,15608.55,269325.465,204070.045,54881.92,331.25,conventional,2015.0,LosAngeles,0,22,338,1.216005917159763
2015-11-29,0.83,13.879563512796107,276269.395,371003.98,15608.55,269325.465,204070.045,54881.92,331.25,conventional,2015.0,LosAngeles,0,22,338,1.216005917159763
2015-11-22,0.81,13.879563512796107,276269.395,371003.98,15608.55,269325.465,204070.045,54881.92,331.25,conventional,2015.0,LosAngeles,0,22,338,1.216005917159763
2015-11-15,0.74,13.879563512796107,276269.395,371003.98,15608.55,269325.465,204070.045,44152.29,331.25,conventional,2015.0,LosAngeles,0,22,338,1.216005917159763
2015-11-08,0.84,13.879563512796107,276269.395,371003.98,15608.55,269325.465,204070.045,29335.02,331.25,conventional,2015.0,LosAngeles,0,22,338,1.216005917159763
2015-11-01,0.89,13.879563512796107,276269.395,371003.98,15608.55,269325.465,204070.045,13371.54,331.25,conventional,2015.0,LosAngeles,0,22,338,1.216005917159763
2015-10-25,0.95,13.879563512796107,276269.395,371003.98,15608.55,269325.465,204070.045,3774.75,331.25,conventional,2015.0,LosAngeles,0,22,338,1.216005917159763
2015-10-18,0.89,13.879563512796107,276269.395,371003.98,15608.55,269325.465,204070.045,6303.21,331.25,conventional,2015.0,LosAngeles,0,22,338,1.216005917159763
2015-10-11,0.92,13.879563512796107,276269.395,371003.98,15608.55,269325.465,204070.045,13203.35,331.25,conventional,2015.0,LosAngeles,0,22,338,1.216005917159763
2015-10-04,0.98,13.879563512796107,276269.395,371003.98,15608.55,269325.465,204070.045,17899.44,331.25,conventional,2015.0,LosAngeles,0,22,338,1.216005917159763
2015-09-27,0.9,13.879563512796107,276269.395,371003.98,15608.55,269325.465,204070.045,9642.69,331.25,conventional,2015.0,LosAngeles,0,22,338,1.216005917159763
2015-09-20,0.99,13.879563512796107,276269.395,371003.98,15608.55,269325.465,204070.045,12275.43,331.25,conventional,2015.0,LosAngeles,0,22,338,1.216005917159763
2015-09-13,0.98,13.879563512796107,276269.395,371003.98,15608.55,269325.465,204070.045,54881.92,331.25,conventional,2015.0,LosAngeles,0,22,338,1.216005917159763
2015-09-06,0.92,13.879563512796107,276269.395,371003.98,15608.55,269325.465,204070.045,26701.71,331.25,conventional,2015.0,LosAngeles,0,22,338,1.216005917159763
2015-08-30,0.9,13.879563512796107,276269.395,371003.98,15608.55,269325.465,204070.045,3503.63,331.25,conventional,2015.0,LosAngeles,0,22,338,1.216005917159763
2015-08-23,1.03,13.879563512796107,276269.395,371003.98,15608.55,269325.465,204070.045,3994.61,331.25,conventional,2015.0,LosAngeles,0,22,338,1.216005917159763
2015-08-16,0.93,13.879563512796107,276269.395,371003.98,15608.55,269325.465,204070.045,760.09,331.25,conventional,2015.0,LosAngeles,0,22,338,1.216005917159763
2015-08-09,0.94,13.879563512796107,276269.395,371003.98,15608.55,269325.465,204070.045,4251.42,331.25,conventional,2015.0,LosAngeles,0,22,338,1.216005917159763
2015-08-02,1.0,13.879563512796107,276269.395,371003.98,15608.55,269325.465,204070.045,2991.1,331.25,conventional,2015.0,LosAngeles,0,22,338,1.216005917159763
2015-07-26,0.95,13.879563512796107,276269.395,371003.98,15608.55,269325.465,204070.045,2936.81,331.25,conventional,2015.0,LosAngeles,0,22,338,1.216005917159763
2015-07-19,1.02,13.879563512796107,276269.395,371003.98,15608.55,269325.465,204070.045,13264.37,331.25,conventional,2015.0,LosAngeles,0,22,338,1.216005917159763
2015-07-12,1.03,13.879563512796107,276269.395,371003.98,15608.55,269325.465,204070.045,11398.26,331.25,conventional,2015.0,LosAngeles,0,22,338,1.216005917159763
2015-07-05,0.96,13.879563512796107,276269.395,371003.98,15608.55,269325.465,204070.045,17234.66,331.25,conventional,2015.0,LosAngeles,0,22,338,1.216005917159763
2015-06-28,0.94,13.879563512796107,276269.395,371003.98,15608.55,269325.465,204070.045,13953.67,331.25,conventional,2015.0,LosAngeles,0,22,338,1.216005917159763
2015-06-21,0.91,13.879563512796107,276269.395,371003.98,15608.55,269325.465,204070.045,15484.32,331.25,conventional,2015.0,LosAngeles,0,22,338,1.216005917159763
2015-06-14,0.79,13.879563512796107,276269.395,371003.98,15608.55,269325.465,204070.045,14619.41,331.25,conventional,2015.0,LosAngeles,0,22,338,1.216005917159763
2015-06-07,0.84,13.879563512796107,276269.395,371003.98,15608.55,269325.465,204070.045,14651.88,331.25,conventional,2015.0,LosAngeles,0,22,338,1.216005917159763
2015-05-31,0.85,13.879563512796107,276269.395,371003.98,15608.55,269325.465,204070.045,14480.99,331.25,conventional,2015.0,LosAngeles,0,22,338,1.216005917159763
2015-05-24,0.97,13.879563512796107,276269.395,371003.98,15608.55,269325.465,204070.045,14885.79,331.25,conventional,2015.0,LosAngeles,0,22,338,1.216005917159763
2015-05-17,0.98,13.879563512796107,276269.395,371003.98,15608.55,269325.465,204070.045,11067.18,331.25,conventional,2015.0,LosAngeles,0,22,338,1.216005917159763
2015-05-10,0.78,13.879563512796107,276269.395,371003.98,15608.55,269325.465,204070.045,10675.7,331.25,conventional,2015.0,LosAngeles,0,22,338,1.216005917159763
2015-05-03,0.78,13.879563512796107,276269.395,371003.98,15608.55,269325.465,204070.045,11566.37,331.25,conventional,2015.0,LosAngeles,0,22,338,1.216005917159763
2015-04-26,1.02,13.879563512796107,276269.395,371003.98,15608.55,269325.465,204070.045,15427.14,331.25,conventional,2015.0,LosAngeles,0,22,338,1.216005917159763
2015-04-19,0.93,13.879563512796107,276269.395,371003.98,15608.55,269325.465,204070.045,45364.01,331.25,conventional,2015.0,LosAngeles,0,22,338,1.216005917159763
2015-04-12,0.93,13.879563512796107,276269.395,371003.98,15608.55,269325.465,204070.045,50472.61,331.25,conventional,2015.0,LosAngeles,0,22,338,1.216005917159763
2015-04-05,1.01,13.879563512796107,276269.395,371003.98,15608.55,269325.465,204070.045,36929.22,331.25,conventional,2015.0,LosAngeles,0,22,338,1.216005917159763
2015-03-29,1.0,13.879563512796107,276269.395,371003.98,15608.55,269325.465,204070.045,36844.97,331.25,conventional,2015.0,LosAngeles,0,22,338,1.216005917159763
2015-03-22,1.01,13.879563512796107,276269.395,371003.98,15608.55,269325.465,204070.045,17691.29,331.25,conventional,2015.0,LosAngeles,0,22,338,1.216005917159763
2015-03-15,0.94,13.879563512796107,276269.395,371003.98,15608.55,269325.465,204070.045,16220.47,331.25,conventional,2015.0,LosAngeles,0,22,338,1.216005917159763
2015-03-08,0.86,13.879563512796107,276269.395,371003.98,15608.55,269325.465,204070.045,15650.13,331.25,conventional,2015.0,LosAngeles,0,22,338,1.216005917159763
2015-03-01,0.75,13.879563512796107,276269.395,371003.98,15608.55,269325.465,204070.045,23570.43,331.25,conventional,2015.0,LosAngeles,0,22,338,1.216005917159763
2015-02-22,0.83,13.879563512796107,276269.395,371003.98,15608.55,269325.465,204070.045,25218.02,331.25,conventional,2015.0,LosAngeles,0,22,338,1.216005917159763
2015-02-15,0.83,13.879563512796107,276269.395,371003.98,15608.55,269325.465,204070.045,35034.18,331.25,conventional,2015.0,LosAngeles,0,22,338,1.216005917159763
2015-02-08,0.9,13.879563512796107,276269.395,371003.98,15608.55,269325.465,204070.045,44327.49,331.25,conventional,2015.0,LosAngeles,0,22,338,1.216005917159763
2015-02-01,0.74,13.879563512796107,276269.395,371003.98,15608.55,269325.465,204070.045,31108.07,331.25,conventional,2015.0,LosAngeles,0,22,338,1.216005917159763
2015-01-25,0.96,13.879563512796107,276269.395,371003.98,15608.55,269325.465,204070.045,36398.19,331.25,conventional,2015.0,LosAngeles,0,22,338,1.216005917159763
2015-01-18,0.89,13.879563512796107,276269.395,371003.98,15608.55,269325.465,204070.045,26671.18,331.25,conventional,2015.0,LosAngeles,0,22,338,1.216005917159763
2015-01-11,0.85,13.879563512796107,276269.395,371003.98,15608.55,251246.65,204070.045,25111.74,331.25,conventional,2015.0,LosAngeles,0,22,338,1.216005917159763
2015-01-04,0.85,13.879563512796107,276269.395,371003.98,15608.55,255504.05,204070.045,36981.72,331.25,conventional,2015.0,LosAngeles,0,22,338,1.216005917159763
2015-12-27,1.04,11.029324854316055,1377.63,37760.21,3204.01,19313.09,11289.8,7288.66,331.25,conventional,2015.0,Louisville,0,23,338,1.286686390532545
2015-12-20,1.05,10.941011893318855,1703.96,30942.26,2554.61,21242.6,11290.59,9360.13,331.25,conventional,2015.0,Louisville,0,23,338,1.286686390532545
2015-12-13,0.91,11.24563173060551,1830.69,47375.43,1613.63,25724.07,11718.37,13677.35,328.35,conventional,2015.0,Louisville,0,23,338,1.286686390532545
2015-12-06,0.83,11.545183049405301,2186.88,65644.34,4604.01,30842.12,10619.03,19216.17,331.25,conventional,2015.0,Louisville,0,23,338,1.286686390532545
2015-11-29,0.97,10.9796618142911,1290.11,34019.62,2342.95,21015.03,10740.29,9710.74,331.25,conventional,2015.0,Louisville,0,23,338,1.286686390532545
2015-11-22,1.01,11.01817592571384,1319.83,33164.09,3367.31,23120.13,12082.22,10219.32,331.25,conventional,2015.0,Louisville,0,23,338,1.286686390532545
2015-11-15,1.04,10.982194708654575,1374.81,33868.95,1787.47,21785.27,12910.54,8473.25,331.25,conventional,2015.0,Louisville,0,23,338,1.286686390532545
2015-11-08,0.93,11.37286560822299,2052.89,52494.09,6709.02,25673.62,10817.81,12978.02,331.25,conventional,2015.0,Louisville,0,23,338,1.286686390532545
2015-11-01,0.89,11.549929010484409,3443.02,60544.64,5446.36,34334.65,11070.08,21945.2,331.25,conventional,2015.0,Louisville,0,23,338,1.286686390532545
2015-10-25,1.06,11.076023867869596,2031.83,36450.26,4127.43,21992.98,11226.36,9879.33,331.25,conventional,2015.0,Louisville,0,23,338,1.286686390532545
2015-10-18,1.03,11.213086192319482,1772.55,46436.42,2941.09,22942.67,12347.11,10100.74,331.25,conventional,2015.0,Louisville,0,23,338,1.286686390532545
2015-10-11,1.03,11.219058840876551,2060.03,44941.49,4873.81,22661.26,11836.73,10132.33,331.25,conventional,2015.0,Louisville,0,23,338,1.286686390532545
2015-10-04,1.11,11.053398285578528,1596.38,39700.73,4198.9,17661.21,10607.98,6299.47,331.25,conventional,2015.0,Louisville,0,23,338,1.286686390532545
2015-09-27,1.18,11.018326146436909,1456.28,40352.61,4205.02,14966.61,8797.15,5225.48,331.25,conventional,2015.0,Louisville,0,23,338,1.286686390532545
2015-09-20,1.05,11.171360220976648,1645.41,40184.52,7294.86,21939.92,9084.99,10942.97,331.25,conventional,2015.0,Louisville,0,23,338,1.286686390532545
2015-09-13,0.98,11.36117970766387,1730.17,56765.08,5424.16,22000.26,9468.95,11295.37,331.25,conventional,2015.0,Louisville,0,23,338,1.286686390532545
2015-09-06,0.98,11.49430354836077,2188.71,65116.35,3287.09,27561.89,10648.23,16180.34,331.25,conventional,2015.0,Louisville,0,23,338,1.286686390532545
2015-08-30,1.13,11.158615436698424,4909.59,40377.06,5962.35,18915.74,10816.15,6584.54,331.25,conventional,2015.0,Louisville,0,23,338,1.286686390532545
2015-08-23,1.15,11.087270914762684,2607.26,39932.88,1974.24,20818.82,10968.34,9442.4,331.25,conventional,2015.0,Louisville,0,23,338,1.286686390532545
2015-08-16,1.09,11.27629005649522,5051.31,45325.78,7750.34,20799.47,11076.0,7718.56,331.25,conventional,2015.0,Louisville,0,23,338,1.286686390532545
2015-08-09,1.08,11.333725710277472,3152.23,52753.42,4025.84,23661.4,12114.64,10835.71,331.25,conventional,2015.0,Louisville,0,23,338,1.286686390532545
2015-08-02,0.93,11.420126279978097,2141.86,59505.29,3666.88,25822.62,11522.64,13604.5,331.25,conventional,2015.0,Louisville,0,23,338,1.286686390532545
2015-07-26,0.88,11.508379246561821,1965.35,64026.49,2057.87,31495.7,13129.21,17841.09,331.25,conventional,2015.0,Louisville,0,23,338,1.286686390532545
2015-07-19,1.08,11.25808947182353,5812.67,44739.72,4934.99,22015.98,13721.17,7346.56,331.25,conventional,2015.0,Louisville,0,23,338,1.286686390532545
2015-07-12,1.13,11.194027059998927,2051.9,43381.39,1678.98,25581.67,13950.77,11355.84,275.06,conventional,2015.0,Louisville,0,23,338,1.286686390532545
2015-07-05,1.15,11.311416073456405,1948.65,49319.51,3205.65,27274.78,16460.65,10376.77,331.25,conventional,2015.0,Louisville,0,23,338,1.286686390532545
2015-06-28,1.15,11.145214706968822,2289.22,41216.44,1060.8,24664.28,15247.78,9197.48,219.02,conventional,2015.0,Louisville,0,23,338,1.286686390532545
2015-06-21,1.17,11.26796527710406,3338.54,44777.85,6132.64,24023.54,15669.16,7104.77,331.25,conventional,2015.0,Louisville,0,23,338,1.286686390532545
2015-06-14,1.07,11.318918418004493,2241.94,50907.67,3570.35,25644.25,15803.53,9422.58,331.25,conventional,2015.0,Louisville,0,23,338,1.286686390532545
2015-06-07,1.01,11.501525835390847,8145.6,62401.26,4540.35,23778.3,12423.77,10432.41,331.25,conventional,2015.0,Louisville,0,23,338,1.286686390532545
2015-05-31,1.0,11.433301244718615,7195.55,58910.38,1622.81,24616.59,11607.93,12647.23,331.25,conventional,2015.0,Louisville,0,23,338,1.286686390532545
2015-05-24,1.05,11.284375575711994,2581.31,55999.82,1616.65,19369.88,10358.52,8634.83,331.25,conventional,2015.0,Louisville,0,23,338,1.286686390532545
2015-05-17,1.2,11.205559462177506,2114.98,48390.37,4737.13,18294.66,8983.07,8235.74,331.25,conventional,2015.0,Louisville,0,23,338,1.286686390532545
2015-05-10,1.1,11.355656612023568,2278.4,60221.59,606.53,22339.91,9533.88,12740.14,65.89,conventional,2015.0,Louisville,0,23,338,1.286686390532545
2015-05-03,1.03,11.467420752787927,2031.68,66286.54,2641.74,24590.55,8761.52,15348.83,331.25,conventional,2015.0,Louisville,0,23,338,1.286686390532545
2015-04-26,1.21,11.093514564773441,2070.06,42192.26,2780.63,18699.45,9812.43,8286.28,331.25,conventional,2015.0,Louisville,0,23,338,1.286686390532545
2015-04-19,1.01,11.471687550633984,2113.76,62591.27,5341.52,25912.53,19572.82,5205.38,331.25,conventional,2015.0,Louisville,0,23,338,1.286686390532545
2015-04-12,0.97,11.387783808452056,2761.77,61733.99,340.98,23399.45,19990.04,3351.93,57.48,conventional,2015.0,Louisville,0,23,338,1.286686390532545
2015-04-05,1.08,11.23357260809381,1833.31,49893.14,565.69,23334.16,15903.95,7424.19,6.02,conventional,2015.0,Louisville,0,23,338,1.286686390532545
2015-03-29,1.0,11.448952970276126,2639.24,64264.48,1117.0,25781.36,22498.91,3113.19,169.26,conventional,2015.0,Louisville,0,23,338,1.286686390532545
2015-03-22,0.99,11.462708117859545,2464.06,62778.34,7475.66,22383.21,7992.82,12576.61,331.25,conventional,2015.0,Louisville,0,23,338,1.286686390532545
2015-03-15,1.21,10.948542582473552,2010.14,36582.61,1294.26,16983.09,9906.76,6777.06,299.27,conventional,2015.0,Louisville,0,23,338,1.286686390532545
2015-03-08,1.18,11.046592689887547,2777.27,38415.34,1615.17,19921.07,11944.24,7667.38,309.45,conventional,2015.0,Louisville,0,23,338,1.286686390532545
2015-03-01,1.02,11.272483021896525,1553.83,53158.82,6909.13,17005.21,7537.07,7839.58,331.25,conventional,2015.0,Louisville,0,23,338,1.286686390532545
2015-02-22,1.01,11.584728318091589,3122.61,77315.21,1217.83,25787.7,9789.94,15762.59,235.17,conventional,2015.0,Louisville,0,23,338,1.286686390532545
2015-02-15,1.13,11.296493962374251,3843.22,50486.3,1394.17,24814.08,11567.45,12926.67,319.96,conventional,2015.0,Louisville,0,23,338,1.286686390532545
2015-02-08,1.0,11.374295611540491,6359.25,59424.49,1307.44,19962.84,10210.07,9464.13,288.64,conventional,2015.0,Louisville,0,23,338,1.286686390532545
2015-02-01,0.9,11.740108685821172,5378.31,83854.56,5155.25,31116.86,8618.05,21296.75,331.25,conventional,2015.0,Louisville,0,23,338,1.286686390532545
2015-01-25,1.02,11.369474752440267,2283.0,63038.53,234.29,21079.53,8875.65,12189.0,14.88,conventional,2015.0,Louisville,0,23,338,1.286686390532545
2015-01-18,1.06,11.357220327599617,2250.1,63826.82,426.73,19076.5,10228.66,8804.67,43.17,conventional,2015.0,Louisville,0,23,338,1.286686390532545
2015-01-11,1.05,11.226980017046122,2299.74,53313.74,237.88,19278.0,7964.88,11299.66,13.46,conventional,2015.0,Louisville,0,23,338,1.286686390532545
2015-01-04,0.92,11.524498043624039,1991.63,75090.16,283.88,23797.31,7769.36,16027.95,0.0,conventional,2015.0,Louisville,0,23,338,1.286686390532545
