assignement2/avocado_encoded.csv
Date,AveragePrice,Total Volume,4046,4225,4770,Total Bags,Small Bags,Large Bags,XLarge Bags,type,year,region,type_label,region_ordinal,region_frequency,region_target
2015-12-27,0.99,13.208661690224119,276269.395,44652.25,54.44,112404.73,53606.13,54881.92,0.0,conventional,2015.0,MiamiFtLauderdale,0,24,338,1.4253254437869822
2015-12-20,1.21,12.767215010510846,238269.18,32386.55,92.33,79785.65,50138.45,29624.11,23.09,conventional,2015.0,MiamiFtLauderdale,0,24,338,1.4253254437869822
2015-12-13,0.97,13.17934553348957,276269.395,49363.2,85.47,92802.85,38463.54,54339.31,0.0,conventional,2015.0,MiamiFtLauderdale,0,24,338,1.4253254437869822
2015-12-06,1.25,12.738213311140195,247061.97,34861.19,83.27,58507.18,25297.27,33209.91,0.0,conventional,2015.0,MiamiFtLauderdale,0,24,338,1.4253254437869822
2015-11-29,0.98,13.060954120342155,276269.395,42435.51,70.13,78304.23,27392.48,50911.75,0.0,conventional,2015.0,MiamiFtLauderdale,0,24,338,1.4253254437869822
2015-11-22,0.98,13.12115717022886,276269.395,47195.19,72.44,92251.87,32763.43,54881.92,5.83,conventional,2015.0,MiamiFtLauderdale,0,24,338,1.4253254437869822
2015-11-15,1.22,12.818545093731053,258624.78,42921.48,21.31,67428.91,34369.92,33058.99,0.0,conventional,2015.0,MiamiFtLauderdale,0,24,338,1.4253254437869822
2015-11-08,1.22,12.704013739087324,223219.98,37562.72,21.15,68261.19,36440.1,31818.17,2.92,conventional,2015.0,MiamiFtLauderdale,0,24,338,1.4253254437869822
2015-11-01,0.98,13.246405256682985,276269.395,54992.76,32.81,95034.3,37980.05,54881.92,2.93,conventional,2015.0,MiamiFtLauderdale,0,24,338,1.4253254437869822
2015-10-25,1.25,12.63484355138685,212163.19,35901.59,42.02,58966.05,33429.62,25527.63,8.8,conventional,2015.0,MiamiFtLauderdale,0,24,338,1.4253254437869822
2015-10-18,1.24,12.718701582349365,224505.79,42454.42,24.92,66948.85,40518.51,26421.51,8.83,conventional,2015.0,MiamiFtLauderdale,0,24,338,1.4253254437869822
2015-10-11,1.0,13.196329605227087,276269.395,59335.78,21.6,94106.57,39787.55,54316.07,2.95,conventional,2015.0,MiamiFtLauderdale,0,24,338,1.4253254437869822
2015-10-04,0.99,13.254037466307619,276269.395,63182.62,48.48,95953.46,47869.19,48084.27,0.0,conventional,2015.0,MiamiFtLauderdale,0,24,338,1.4253254437869822
2015-09-27,1.31,12.669961115242565,200219.37,57857.02,40.63,59931.1,35358.56,24572.54,0.0,conventional,2015.0,MiamiFtLauderdale,0,24,338,1.4253254437869822
2015-09-20,0.98,13.235369349930878,276269.395,76606.11,58.29,102119.7,47692.12,54427.58,0.0,conventional,2015.0,MiamiFtLauderdale,0,24,338,1.4253254437869822
2015-09-13,1.26,12.710111994533985,197328.71,64770.61,17.92,68960.66,42655.4,26305.26,0.0,conventional,2015.0,MiamiFtLauderdale,0,24,338,1.4253254437869822
2015-09-06,0.98,13.365039386188805,276269.395,80524.31,13.63,114243.13,49819.37,54881.92,0.0,conventional,2015.0,MiamiFtLauderdale,0,24,338,1.4253254437869822
2015-08-30,1.24,12.800043703148074,212188.58,66569.74,73.73,83400.23,59815.95,23581.37,2.91,conventional,2015.0,MiamiFtLauderdale,0,24,338,1.4253254437869822
2015-08-23,1.24,12.82806291833625,218751.04,70677.18,63.85,83033.23,58853.12,24165.63,14.48,conventional,2015.0,MiamiFtLauderdale,0,24,338,1.4253254437869822
2015-08-16,1.24,12.794719412660525,213812.79,61634.91,31.89,84829.18,62035.11,22794.07,0.0,conventional,2015.0,MiamiFtLauderdale,0,24,338,1.4253254437869822
2015-08-09,0.97,13.393646061965704,276269.395,86740.57,81.16,118286.41,61527.63,54881.92,0.0,conventional,2015.0,MiamiFtLauderdale,0,24,338,1.4253254437869822
2015-08-02,1.22,12.82573783104876,219518.15,66230.77,66.26,85844.97,63761.3,22083.67,0.0,conventional,2015.0,MiamiFtLauderdale,0,24,338,1.4253254437869822
2015-07-26,1.24,12.84780891952337,233056.82,63065.93,76.64,83754.92,63018.58,20736.34,0.0,conventional,2015.0,MiamiFtLauderdale,0,24,338,1.4253254437869822
2015-07-19,0.96,13.348450591887765,276269.395,96849.49,98.68,93289.73,55330.18,37959.55,0.0,conventional,2015.0,MiamiFtLauderdale,0,24,338,1.4253254437869822
2015-07-12,1.24,12.905966292422347,235985.01,79717.36,87.27,86917.07,61873.39,24836.74,206.94,conventional,2015.0,MiamiFtLauderdale,0,24,338,1.4253254437869822
2015-07-05,0.98,13.484438223592868,276269.395,101119.61,193.76,132960.51,72566.19,54881.92,0.0,conventional,2015.0,MiamiFtLauderdale,0,24,338,1.4253254437869822
2015-06-28,1.21,13.003515875404615,259852.13,79482.73,262.36,104373.38,76411.06,27962.32,0.0,conventional,2015.0,MiamiFtLauderdale,0,24,338,1.4253254437869822
2015-06-21,0.96,13.41415243961612,276269.395,90433.46,5433.8,128508.67,74032.13,54476.54,0.0,conventional,2015.0,MiamiFtLauderdale,0,24,338,1.4253254437869822
2015-06-14,1.26,12.989740463416664,273373.33,55875.2,9215.34,99432.77,72754.69,26678.08,0.0,conventional,2015.0,MiamiFtLauderdale,0,24,338,1.4253254437869822
2015-06-07,0.99,13.435535870941901,276269.395,60937.0,103.99,119601.11,65839.19,53761.92,0.0,conventional,2015.0,MiamiFtLauderdale,0,24,338,1.4253254437869822
2015-05-31,1.27,12.94600739115774,276269.395,35493.31,57.9,86843.58,61102.87,25740.71,0.0,conventional,2015.0,MiamiFtLauderdale,0,24,338,1.4253254437869822
2015-05-24,1.01,13.537522862820268,276269.395,62989.67,72.94,123093.37,62451.72,54881.92,0.0,conventional,2015.0,MiamiFtLauderdale,0,24,338,1.4253254437869822
2015-05-17,1.24,13.01834498292104,276269.395,36762.19,136.17,90466.64,64400.34,26066.3,0.0,conventional,2015.0,MiamiFtLauderdale,0,24,338,1.4253254437869822
2015-05-10,1.28,12.984360585815713,276269.395,37151.03,58.42,82813.29,60376.64,22436.65,0.0,conventional,2015.0,MiamiFtLauderdale,0,24,338,1.4253254437869822
2015-05-03,0.98,13.729326940105688,276269.395,81078.28,35.99,145921.28,68322.23,54881.92,331.25,conventional,2015.0,MiamiFtLauderdale,0,24,338,1.4253254437869822
2015-04-26,1.25,13.07321107367028,276269.395,41476.06,120.02,92640.24,63701.43,28442.98,331.25,conventional,2015.0,MiamiFtLauderdale,0,24,338,1.4253254437869822
2015-04-19,1.23,12.980860778966019,276269.395,38958.56,41.04,88144.38,58121.16,30023.22,0.0,conventional,2015.0,MiamiFtLauderdale,0,24,338,1.4253254437869822
2015-04-12,1.0,13.448165822279586,276269.395,63130.09,59.84,103947.32,47627.94,54881.92,0.0,conventional,2015.0,MiamiFtLauderdale,0,24,338,1.4253254437869822
2015-04-05,1.11,13.143615698484547,276269.395,48767.27,91.39,91331.2,49707.36,41286.34,331.25,conventional,2015.0,MiamiFtLauderdale,0,24,338,1.4253254437869822
2015-03-29,1.25,12.821438646732561,261045.75,32977.11,87.26,75955.62,47569.63,28385.99,0.0,conventional,2015.0,MiamiFtLauderdale,0,24,338,1.4253254437869822
2015-03-22,0.97,13.373799298304707,276269.395,58232.21,165.2,104472.39,51350.08,53122.31,0.0,conventional,2015.0,MiamiFtLauderdale,0,24,338,1.4253254437869822
2015-03-15,1.33,12.825888844308874,272270.43,35374.87,145.85,63925.13,38984.8,24940.33,0.0,conventional,2015.0,MiamiFtLauderdale,0,24,338,1.4253254437869822
2015-03-08,1.3,12.783563882817864,253963.7,32888.65,62.9,69396.41,47346.87,22049.54,0.0,conventional,2015.0,MiamiFtLauderdale,0,24,338,1.4253254437869822
2015-03-01,1.01,13.380125004429553,276269.395,60307.81,41.65,102048.78,45516.03,54881.92,0.0,conventional,2015.0,MiamiFtLauderdale,0,24,338,1.4253254437869822
2015-02-22,1.24,12.820774329695276,256141.1,35032.65,67.64,78578.59,51870.47,26708.12,0.0,conventional,2015.0,MiamiFtLauderdale,0,24,338,1.4253254437869822
2015-02-15,1.29,12.775700176860132,243991.59,34941.84,77.29,74509.99,38771.73,35738.26,0.0,conventional,2015.0,MiamiFtLauderdale,0,24,338,1.4253254437869822
2015-02-08,1.25,12.760565332766824,249833.46,35897.43,34.5,62445.11,36164.82,26280.29,0.0,conventional,2015.0,MiamiFtLauderdale,0,24,338,1.4253254437869822
2015-02-01,0.95,13.532221210022302,276269.395,74532.61,82.04,111768.82,48097.17,54881.92,0.0,conventional,2015.0,MiamiFtLauderdale,0,24,338,1.4253254437869822
2015-01-25,1.27,12.89434976155339,276269.395,41120.06,65.81,66921.2,35279.75,31641.45,0.0,conventional,2015.0,MiamiFtLauderdale,0,24,338,1.4253254437869822
2015-01-18,1.3,12.91198596605692,276269.395,42798.99,42.64,77092.27,41312.0,35780.27,0.0,conventional,2015.0,MiamiFtLauderdale,0,24,338,1.4253254437869822
2015-01-11,1.28,12.744896602211325,242922.42,36043.54,38.69,63792.34,35069.71,28722.63,0.0,conventional,2015.0,MiamiFtLauderdale,0,24,338,1.4253254437869822
2015-01-04,0.97,13.199759916290136,276269.395,54844.33,39.07,86680.79,38505.18,48175.61,0.0,conventional,2015.0,MiamiFtLauderdale,0,24,338,1.4253254437869822
2015-12-27,1.05,13.879563512796107,276269.395,371003.98,15608.55,269325.465,204070.045,35717.26,331.25,conventional,2015.0,Midsouth,0,25,338,1.4047633136094666
2015-12-20,1.05,13.879563512796107,276269.395,371003.98,15608.55,269325.465,204070.045,38523.1,331.25,conventional,2015.0,Midsouth,0,25,338,1.4047633136094666
2015-12-13,1.03,13.879563512796107,276269.395,371003.98,15608.55,269325.465,204070.045,54881.92,331.25,conventional,2015.0,Midsouth,0,25,338,1.4047633136094666
2015-12-06,1.0,13.879563512796107,276269.395,371003.98,15608.55,269325.465,204070.045,54881.92,331.25,conventional,2015.0,Midsouth,0,25,338,1.4047633136094666
2015-11-29,1.05,13.879563512796107,276269.395,371003.98,15608.55,269325.465,204070.045,40738.63,331.25,conventional,2015.0,Midsouth,0,25,338,1.4047633136094666
2015-11-22,1.06,13.879563512796107,276269.395,371003.98,15608.55,269325.465,204070.045,41724.4,331.25,conventional,2015.0,Midsouth,0,25,338,1.4047633136094666
2015-11-15,1.02,13.879563512796107,276269.395,371003.98,15608.55,269325.465,204070.045,40843.12,331.25,conventional,2015.0,Midsouth,0,25,338,1.4047633136094666
2015-11-08,1.04,13.879563512796107,276269.395,371003.98,15608.55,269325.465,204070.045,52180.99,331.25,conventional,2015.0,Midsouth,0,25,338,1.4047633136094666
2015-11-01,1.08,13.879563512796107,276269.395,371003.98,15608.55,269325.465,204070.045,54881.92,331.25,conventional,2015.0,Midsouth,0,25,338,1.4047633136094666
2015-10-25,1.13,13.879563512796107,276269.395,371003.98,15608.55,269325.465,204070.045,54881.92,331.25,conventional,2015.0,Midsouth,0,25,338,1.4047633136094666
2015-10-18,1.05,13.879563512796107,276269.395,371003.98,15608.55,269325.465,204070.045,50778.19,331.25,conventional,2015.0,Midsouth,0,25,338,1.4047633136094666
2015-10-11,1.13,13.879563512796107,276269.395,371003.98,15608.55,269325.465,204070.045,54881.92,331.25,conventional,2015.0,Midsouth,0,25,338,1.4047633136094666
2015-10-04,1.18,13.879563512796107,276269.395,371003.98,15608.55,269325.465,204070.045,54881.92,331.25,conventional,2015.0,Midsouth,0,25,338,1.4047633136094666
2015-09-27,1.11,13.879563512796107,276269.395,371003.98,15608.55,269325.465,204070.045,43807.49,331.25,conventional,2015.0,Midsouth,0,25,338,1.4047633136094666
2015-09-20,1.13,13.879563512796107,276269.395,371003.98,15608.55,269325.465,204070.045,54881.92,331.25,conventional,2015.0,Midsouth,0,25,338,1.4047633136094666
2015-09-13,1.09,13.879563512796107,276269.395,371003.98,15608.55,269325.465,204070.045,54881.92,331.25,conventional,2015.0,Midsouth,0,25,338,1.4047633136094666
2015-09-06,1.08,13.879563512796107,276269.395,371003.98,15608.55,269325.465,204070.045,54881.92,331.25,conventional,2015.0,Midsouth,0,25,338,1.4047633136094666
2015-08-30,1.18,13.879563512796107,276269.395,371003.98,15608.55,269325.465,204070.045,36845.26,331.25,conventional,2015.0,Midsouth,0,25,338,1.4047633136094666
2015-08-23,1.12,13.879563512796107,276269.395,371003.98,15608.55,269325.465,204070.045,41707.37,331.25,conventional,2015.0,Midsouth,0,25,338,1.4047633136094666
2015-08-16,1.14,13.879563512796107,276269.395,371003.98,15608.55,269325.465,204070.045,36597.11,331.25,conventional,2015.0,Midsouth,0,25,338,1.4047633136094666
2015-08-09,1.15,13.879563512796107,276269.395,371003.98,15608.55,269325.465,204070.045,48069.52,331.25,conventional,2015.0,Midsouth,0,25,338,1.4047633136094666
2015-08-02,1.14,13.879563512796107,276269.395,371003.98,15608.55,269325.465,204070.045,46004.95,331.25,conventional,2015.0,Midsouth,0,25,338,1.4047633136094666
2015-07-26,1.15,13.879563512796107,276269.395,371003.98,15608.55,269325.465,204070.045,53809.21,331.25,conventional,2015.0,Midsouth,0,25,338,1.4047633136094666
2015-07-19,1.14,13.879563512796107,276269.395,371003.98,15608.55,269325.465,204070.045,41646.75,331.25,conventional,2015.0,Midsouth,0,25,338,1.4047633136094666
2015-07-12,1.13,13.879563512796107,276269.395,371003.98,15608.55,269325.465,204070.045,44652.53,331.25,conventional,2015.0,Midsouth,0,25,338,1.4047633136094666
2015-07-05,1.13,13.879563512796107,276269.395,371003.98,15608.55,269325.465,204070.045,53154.69,331.25,conventional,2015.0,Midsouth,0,25,338,1.4047633136094666
2015-06-28,1.14,13.879563512796107,276269.395,371003.98,15608.55,269325.465,204070.045,37287.39,331.25,conventional,2015.0,Midsouth,0,25,338,1.4047633136094666
2015-06-21,1.13,13.879563512796107,276269.395,371003.98,15608.55,269325.465,204070.045,45536.54,331.25,conventional,2015.0,Midsouth,0,25,338,1.4047633136094666
2015-06-14,1.09,13.879563512796107,276269.395,371003.98,15608.55,269325.465,204070.045,40769.55,331.25,conventional,2015.0,Midsouth,0,25,338,1.4047633136094666
2015-06-07,1.14,13.879563512796107,276269.395,371003.98,15608.55,269325.465,204070.045,54881.92,331.25,conventional,2015.0,Midsouth,0,25,338,1.4047633136094666
2015-05-31,1.14,13.879563512796107,276269.395,371003.98,15608.55,269325.465,204070.045,54881.92,331.25,conventional,2015.0,Midsouth,0,25,338,1.4047633136094666
2015-05-24,1.14,13.879563512796107,276269.395,371003.98,15608.55,269325.465,204070.045,54881.92,331.25,conventional,2015.0,Midsouth,0,25,338,1.4047633136094666
2015-05-17,1.18,13.879563512796107,276269.395,371003.98,15608.55,269325.465,204070.045,44437.39,331.25,conventional,2015.0,Midsouth,0,25,338,1.4047633136094666
2015-05-10,1.17,13.879563512796107,276269.395,371003.98,15608.55,269325.465,204070.045,54881.92,331.25,conventional,2015.0,Midsouth,0,25,338,1.4047633136094666
2015-05-03,1.07,13.879563512796107,276269.395,371003.98,15608.55,269325.465,204070.045,54881.92,331.25,conventional,2015.0,Midsouth,0,25,338,1.4047633136094666
2015-04-26,1.2,13.879563512796107,276269.395,371003.98,15608.55,269325.465,204070.045,39078.44,331.25,conventional,2015.0,Midsouth,0,25,338,1.4047633136094666
2015-04-19,1.18,13.879563512796107,276269.395,371003.98,15608.55,269325.465,204070.045,37167.77,331.25,conventional,2015.0,Midsouth,0,25,338,1.4047633136094666
2015-04-12,1.13,13.879563512796107,276269.395,371003.98,15608.55,269325.465,204070.045,44745.79,99.14,conventional,2015.0,Midsouth,0,25,338,1.4047633136094666
2015-04-05,1.19,13.879563512796107,276269.395,371003.98,15608.55,269325.465,204070.045,42910.27,331.25,conventional,2015.0,Midsouth,0,25,338,1.4047633136094666
2015-03-29,1.18,13.879563512796107,276269.395,371003.98,15608.55,269325.465,204070.045,35421.43,331.25,conventional,2015.0,Midsouth,0,25,338,1.4047633136094666
2015-03-22,1.11,13.879563512796107,276269.395,371003.98,15608.55,269325.465,204070.045,53740.87,331.25,conventional,2015.0,Midsouth,0,25,338,1.4047633136094666
2015-03-15,1.19,13.879563512796107,276269.395,371003.98,15608.55,269325.465,204070.045,34641.93,331.25,conventional,2015.0,Midsouth,0,25,338,1.4047633136094666
2015-03-08,1.21,13.879563512796107,276269.395,371003.98,15608.55,269325.465,204070.045,33275.04,331.25,conventional,2015.0,Midsouth,0,25,338,1.4047633136094666
2015-03-01,1.14,13.879563512796107,276269.395,371003.98,15608.55,269325.465,204070.045,37011.94,331.25,conventional,2015.0,Midsouth,0,25,338,1.4047633136094666
2015-02-22,1.1,13.879563512796107,276269.395,371003.98,15608.55,269325.465,204070.045,46783.55,331.25,conventional,2015.0,Midsouth,0,25,338,1.4047633136094666
2015-02-15,1.17,13.879563512796107,276269.395,371003.98,15608.55,269325.465,204070.045,54881.92,331.25,conventional,2015.0,Midsouth,0,25,338,1.4047633136094666
2015-02-08,1.06,13.879563512796107,276269.395,371003.98,15608.55,269325.465,204070.045,54881.92,331.25,conventional,2015.0,Midsouth,0,25,338,1.4047633136094666
2015-02-01,0.99,13.879563512796107,276269.395,371003.98,15608.55,269325.465,204070.045,54881.92,331.25,conventional,2015.0,Midsouth,0,25,338,1.4047633136094666
2015-01-25,1.15,13.879563512796107,276269.395,371003.98,15608.55,269325.465,204070.045,54881.92,20.35,conventional,2015.0,Midsouth,0,25,338,1.4047633136094666
2015-01-18,1.19,13.879563512796107,276269.395,371003.98,15608.55,269325.465,204070.045,54881.92,57.84,conventional,2015.0,Midsouth,0,25,338,1.4047633136094666
2015-01-11,1.17,13.879563512796107,276269.395,371003.98,15608.55,269325.465,204070.045,54881.92,14.07,conventional,2015.0,Midsouth,0,25,338,1.4047633136094666
2015-01-04,1.1,13.879563512796107,276269.395,371003.98,15608.55,269325.465,204070.045,54881.92,314.8,conventional,2015.0,Midsouth,0,25,338,1.4047633136094666
