assignement2/avocado_encoded.csv
Date,AveragePrice,Total Volume,4046,4225,4770,Total Bags,Small Bags,Large Bags,XLarge Bags,type,year,region,type_label,region_ordinal,region_frequency,region_target
2015-12-27,0.96,11.725379203281728,79508.7,8706.29,4748.08,30706.82,23563.06,7140.43,3.33,conventional,2015.0,Nashville,0,26,338,1.2121005917159768
2015-12-20,0.99,11.754887316152034,87309.07,7415.81,4356.81,28291.87,23562.1,4722.17,7.6,conventional,2015.0,Nashville,0,26,338,1.2121005917159768
2015-12-13,0.91,11.940979771791987,103097.4,11175.45,6145.91,33007.18,23065.69,9806.94,134.55,conventional,2015.0,Nashville,0,26,338,1.2121005917159768
2015-12-06,1.0,11.782878019249383,88033.66,9655.78,5447.67,27852.12,22956.94,4797.18,98.0,conventional,2015.0,Nashville,0,26,338,1.2121005917159768
2015-11-29,0.95,11.694585719818908,77155.36,9407.46,5435.02,27921.83,20470.74,7440.75,10.34,conventional,2015.0,Nashville,0,26,338,1.2121005917159768
2015-11-22,0.96,11.753253238155002,79960.92,10083.16,5985.48,31136.03,23717.19,7157.13,261.71,conventional,2015.0,Nashville,0,26,338,1.2121005917159768
2015-11-15,1.04,11.733444775975896,77510.5,11869.33,5903.53,29388.04,24126.65,5261.39,0.0,conventional,2015.0,Nashville,0,26,338,1.2121005917159768
2015-11-08,1.03,11.81677916885937,87957.9,11807.4,4873.39,30867.39,25641.93,5225.46,0.0,conventional,2015.0,Nashville,0,26,338,1.2121005917159768
2015-11-01,0.94,11.97866576914688,97774.21,20102.72,5054.46,36386.93,24437.2,11949.73,0.0,conventional,2015.0,Nashville,0,26,338,1.2121005917159768
2015-10-25,0.91,11.909425573959766,89991.51,20511.16,4334.1,33823.49,25000.22,8823.27,0.0,conventional,2015.0,Nashville,0,26,338,1.2121005917159768
2015-10-18,0.91,12.115321338257038,114107.69,29076.74,6047.46,33416.07,23996.08,9419.99,0.0,conventional,2015.0,Nashville,0,26,338,1.2121005917159768
2015-10-11,0.96,12.029673118849876,83621.05,35428.18,7009.22,41597.15,23793.78,17803.37,0.0,conventional,2015.0,Nashville,0,26,338,1.2121005917159768
2015-10-04,0.96,11.967123783245025,78331.45,30106.11,6363.08,42689.39,26267.85,16376.41,45.13,conventional,2015.0,Nashville,0,26,338,1.2121005917159768
2015-09-27,1.04,11.98635148116312,93381.62,25445.0,6807.92,34912.98,25432.19,9435.58,45.21,conventional,2015.0,Nashville,0,26,338,1.2121005917159768
2015-09-20,0.95,12.194256003200667,108519.0,32478.82,9286.56,47365.2,27175.41,19540.16,331.25,conventional,2015.0,Nashville,0,26,338,1.2121005917159768
2015-09-13,1.05,11.948743881622677,76424.28,25095.26,9786.12,43316.14,31983.6,11023.29,309.25,conventional,2015.0,Nashville,0,26,338,1.2121005917159768
2015-09-06,0.97,12.078117675718426,92988.8,30510.75,9638.66,42839.39,27102.45,15494.02,242.92,conventional,2015.0,Nashville,0,26,338,1.2121005917159768
2015-08-30,1.09,11.864670125008676,82766.98,21072.35,7912.88,30401.34,24581.81,5819.53,0.0,conventional,2015.0,Nashville,0,26,338,1.2121005917159768
2015-08-23,0.97,12.052783636025056,112284.06,19284.06,10060.87,29946.36,25633.87,4312.49,0.0,conventional,2015.0,Nashville,0,26,338,1.2121005917159768
2015-08-16,0.96,12.140527110857963,126796.3,18393.32,13672.42,28448.24,22867.47,5354.02,226.75,conventional,2015.0,Nashville,0,26,338,1.2121005917159768
2015-08-09,0.98,12.080574046317007,105537.27,20560.4,10196.35,40116.38,30602.26,8883.04,331.25,conventional,2015.0,Nashville,0,26,338,1.2121005917159768
2015-08-02,1.08,11.93037256807652,87160.08,19863.22,9366.36,35417.45,30724.37,4552.23,140.85,conventional,2015.0,Nashville,0,26,338,1.2121005917159768
2015-07-26,1.07,11.913471092251172,85386.58,19400.24,9807.32,34668.75,29923.8,4702.51,42.44,conventional,2015.0,Nashville,0,26,338,1.2121005917159768
2015-07-19,0.98,12.134898665010462,113404.36,19371.52,9567.97,43915.12,34877.55,8680.3,331.25,conventional,2015.0,Nashville,0,26,338,1.2121005917159768
2015-07-12,1.09,11.938146009718627,90781.1,17434.57,9746.41,35029.7,29736.49,5171.88,121.33,conventional,2015.0,Nashville,0,26,338,1.2121005917159768
2015-07-05,0.97,12.215026539510912,121473.02,25125.21,10804.25,44395.34,35733.99,8482.0,179.35,conventional,2015.0,Nashville,0,26,338,1.2121005917159768
2015-06-28,1.06,11.982820713342967,90881.66,19436.14,8297.63,41366.23,36900.28,3662.58,331.25,conventional,2015.0,Nashville,0,26,338,1.2121005917159768
2015-06-21,0.96,12.148251829997715,111226.04,17917.39,8103.01,51516.37,41015.0,9725.53,331.25,conventional,2015.0,Nashville,0,26,338,1.2121005917159768
2015-06-14,1.03,12.05701256160516,103389.69,17224.17,7010.57,44678.04,38948.35,5729.69,0.0,conventional,2015.0,Nashville,0,26,338,1.2121005917159768
2015-06-07,0.96,12.151992260284365,128293.7,10385.79,10508.18,40282.52,31059.24,8944.38,278.9,conventional,2015.0,Nashville,0,26,338,1.2121005917159768
2015-05-31,1.04,12.021038252320766,117285.11,8351.55,11839.0,28738.48,24244.27,4413.3,80.91,conventional,2015.0,Nashville,0,26,338,1.2121005917159768
2015-05-24,0.98,12.180712323821675,140921.85,9348.72,14228.41,30491.73,22090.48,7942.08,331.25,conventional,2015.0,Nashville,0,26,338,1.2121005917159768
2015-05-17,1.07,11.914390115239934,100832.21,8161.87,10852.62,29553.43,25235.57,4310.3,7.56,conventional,2015.0,Nashville,0,26,338,1.2121005917159768
2015-05-10,1.07,12.018102686504829,114337.07,9079.59,13932.74,28377.52,23620.06,4406.92,331.25,conventional,2015.0,Nashville,0,26,338,1.2121005917159768
2015-05-03,0.98,12.314092621685905,159791.64,13149.16,15608.55,33653.27,23216.64,10436.63,0.0,conventional,2015.0,Nashville,0,26,338,1.2121005917159768
2015-04-26,1.08,12.023097615268936,117295.03,8599.82,15608.55,24976.5,21480.56,3495.94,0.0,conventional,2015.0,Nashville,0,26,338,1.2121005917159768
2015-04-19,1.11,11.854031946869867,91537.59,7598.5,12377.93,29135.28,22422.52,6712.76,0.0,conventional,2015.0,Nashville,0,26,338,1.2121005917159768
2015-04-12,1.0,11.973455422867602,111682.33,9658.98,12737.74,24411.32,14353.71,10057.61,0.0,conventional,2015.0,Nashville,0,26,338,1.2121005917159768
2015-04-05,1.06,11.95166434329608,104270.46,8266.56,14141.74,28395.27,21583.06,6812.21,0.0,conventional,2015.0,Nashville,0,26,338,1.2121005917159768
2015-03-29,1.07,11.927036092639394,102824.72,8307.47,14079.54,26089.72,19540.62,6549.1,0.0,conventional,2015.0,Nashville,0,26,338,1.2121005917159768
2015-03-22,1.01,12.06670264133721,122204.32,9195.02,13155.99,29424.89,22501.23,6833.78,89.88,conventional,2015.0,Nashville,0,26,338,1.2121005917159768
2015-03-15,1.08,11.783369690762274,86390.93,6821.52,11458.43,26382.77,21886.31,3381.7,331.25,conventional,2015.0,Nashville,0,26,338,1.2121005917159768
2015-03-08,1.08,11.913313707578087,104187.91,7723.68,10813.59,26514.22,22958.63,3555.59,0.0,conventional,2015.0,Nashville,0,26,338,1.2121005917159768
2015-03-01,0.99,12.040162678841627,121799.85,9712.84,10894.89,27015.92,20732.64,6153.5,129.78,conventional,2015.0,Nashville,0,26,338,1.2121005917159768
2015-02-22,1.05,11.90608314645634,101095.06,10053.42,13693.83,23321.89,20671.7,2645.2,4.99,conventional,2015.0,Nashville,0,26,338,1.2121005917159768
2015-02-15,1.03,11.943753075063892,109047.7,9817.42,11085.73,23901.18,21186.15,2715.03,0.0,conventional,2015.0,Nashville,0,26,338,1.2121005917159768
2015-02-08,0.94,12.05379701503202,125785.83,8119.73,9717.73,28126.02,25896.73,2229.29,0.0,conventional,2015.0,Nashville,0,26,338,1.2121005917159768
2015-02-01,0.94,12.308053481499085,160834.57,13445.84,15608.55,29612.86,23898.35,5714.51,0.0,conventional,2015.0,Nashville,0,26,338,1.2121005917159768
2015-01-25,1.07,11.855496707641782,95428.54,8371.74,11082.07,25973.12,24183.43,1789.69,0.0,conventional,2015.0,Nashville,0,26,338,1.2121005917159768
2015-01-18,1.08,11.873850843002169,97216.47,8423.57,12187.72,25636.88,23520.54,2116.34,0.0,conventional,2015.0,Nashville,0,26,338,1.2121005917159768
2015-01-11,1.07,11.917277954347663,103822.6,9098.86,11665.78,25244.96,22478.92,2766.04,0.0,conventional,2015.0,Nashville,0,26,338,1.2121005917159768
2015-01-04,1.0,11.996361906166833,113865.83,11083.58,11699.03,25514.31,19681.13,5611.51,221.67,conventional,2015.0,Nashville,0,26,338,1.2121005917159768
2015-12-27,0.91,12.142415282725215,105570.93,18655.62,284.7,63153.04,53908.72,9224.82,19.5,conventional,2015.0,NewOrleansMobile,0,27,338,1.3047928994082851
2015-12-20,0.92,12.164927786394749,110266.94,18630.27,255.72,62784.09,57100.55,5619.06,64.48,conventional,2015.0,NewOrleansMobile,0,27,338,1.3047928994082851
2015-12-13,0.86,12.226944309046596,119689.49,31214.29,437.88,52875.54,44564.8,8310.74,0.0,conventional,2015.0,NewOrleansMobile,0,27,338,1.3047928994082851
2015-12-06,0.94,12.130250435679462,117854.69,21553.04,325.0,45662.47,41822.8,3839.67,0.0,conventional,2015.0,NewOrleansMobile,0,27,338,1.3047928994082851
2015-11-29,0.9,12.077298718199945,96662.75,23572.73,298.68,55299.38,49172.32,6127.06,0.0,conventional,2015.0,NewOrleansMobile,0,27,338,1.3047928994082851
2015-11-22,0.94,12.165646301896448,112638.84,18822.53,388.83,60224.78,53791.54,6426.96,6.28,conventional,2015.0,NewOrleansMobile,0,27,338,1.3047928994082851
2015-11-15,0.98,12.184753141357744,113570.58,21747.26,335.0,60127.39,56099.0,4028.39,0.0,conventional,2015.0,NewOrleansMobile,0,27,338,1.3047928994082851
2015-11-08,0.96,12.194580310900035,122265.65,21552.54,692.39,53203.11,49206.68,3996.43,0.0,conventional,2015.0,NewOrleansMobile,0,27,338,1.3047928994082851
2015-11-01,0.97,12.229492008858228,129683.8,16059.69,486.47,58508.19,50413.78,8082.05,12.36,conventional,2015.0,NewOrleansMobile,0,27,338,1.3047928994082851
2015-10-25,1.01,12.160978831433821,117736.07,17516.63,646.78,55281.08,51959.11,3321.97,0.0,conventional,2015.0,NewOrleansMobile,0,27,338,1.3047928994082851
2015-10-18,1.02,12.238365715959866,124894.03,18241.03,1003.78,62424.19,58060.12,4364.07,0.0,conventional,2015.0,NewOrleansMobile,0,27,338,1.3047928994082851
2015-10-11,1.0,12.291233586518636,135769.89,16126.01,1155.54,64726.02,56426.31,8293.55,6.16,conventional,2015.0,NewOrleansMobile,0,27,338,1.3047928994082851
2015-10-04,1.0,12.312633974922516,133195.58,20601.83,1171.5,67519.32,59907.03,7612.29,0.0,conventional,2015.0,NewOrleansMobile,0,27,338,1.3047928994082851
2015-09-27,1.06,12.205619742985293,123528.92,17616.44,1515.75,57247.33,53115.57,4131.76,0.0,conventional,2015.0,NewOrleansMobile,0,27,338,1.3047928994082851
2015-09-20,1.0,12.319483782795064,135003.95,24187.24,1608.76,63217.52,56901.55,6309.86,6.11,conventional,2015.0,NewOrleansMobile,0,27,338,1.3047928994082851
2015-09-13,1.02,12.300369903411346,140509.91,18106.55,1713.51,59446.3,54335.47,5110.83,0.0,conventional,2015.0,NewOrleansMobile,0,27,338,1.3047928994082851
2015-09-06,0.99,12.42261654698468,155273.07,18010.18,2204.32,72866.95,64673.2,8193.75,0.0,conventional,2015.0,NewOrleansMobile,0,27,338,1.3047928994082851
2015-08-30,1.03,12.36439569462055,144651.98,14746.53,2416.44,72492.97,68104.04,4376.84,12.09,conventional,2015.0,NewOrleansMobile,0,27,338,1.3047928994082851
2015-08-23,1.04,12.390732549591286,152247.87,18687.77,2886.6,66738.62,61777.91,4942.58,18.13,conventional,2015.0,NewOrleansMobile,0,27,338,1.3047928994082851
2015-08-16,1.04,12.441775793867212,151208.53,16681.65,7405.88,77862.64,72975.89,4844.44,42.31,conventional,2015.0,NewOrleansMobile,0,27,338,1.3047928994082851
2015-08-09,1.0,12.515268160410773,171948.43,10121.42,11932.03,78462.86,71332.39,7130.47,0.0,conventional,2015.0,NewOrleansMobile,0,27,338,1.3047928994082851
2015-08-02,1.04,12.423888912027122,157656.04,8025.5,11763.0,71226.18,66186.24,5015.77,24.17,conventional,2015.0,NewOrleansMobile,0,27,338,1.3047928994082851
2015-07-26,1.03,12.464433406662211,171672.53,10443.49,12343.88,64500.27,61569.83,2930.44,0.0,conventional,2015.0,NewOrleansMobile,0,27,338,1.3047928994082851
2015-07-19,0.98,12.462884291937867,167068.14,8930.71,11720.44,70840.03,62702.44,8131.55,6.04,conventional,2015.0,NewOrleansMobile,0,27,338,1.3047928994082851
2015-07-12,1.05,12.388017631430206,149305.77,11069.26,11822.33,67711.28,62705.51,4999.72,6.05,conventional,2015.0,NewOrleansMobile,0,27,338,1.3047928994082851
2015-07-05,1.01,12.603110208092211,185225.73,9201.65,15050.73,88003.25,81157.38,6839.81,6.06,conventional,2015.0,NewOrleansMobile,0,27,338,1.3047928994082851
2015-06-28,1.03,12.473042710074534,163193.51,10737.56,8080.05,79188.15,75120.4,4043.46,24.29,conventional,2015.0,NewOrleansMobile,0,27,338,1.3047928994082851
2015-06-21,0.93,12.590436445421025,182416.44,8803.83,7161.74,95352.92,86878.25,8474.67,0.0,conventional,2015.0,NewOrleansMobile,0,27,338,1.3047928994082851
2015-06-14,1.02,12.477057415669474,166072.0,10920.46,268.71,84988.85,80570.6,4418.25,0.0,conventional,2015.0,NewOrleansMobile,0,27,338,1.3047928994082851
2015-06-07,0.99,12.573700605583966,186502.94,8769.22,297.49,93290.27,85387.95,7902.32,0.0,conventional,2015.0,NewOrleansMobile,0,27,338,1.3047928994082851
2015-05-31,1.04,12.410214930772511,164856.45,8536.94,319.0,71581.14,67111.69,4469.45,0.0,conventional,2015.0,NewOrleansMobile,0,27,338,1.3047928994082851
2015-05-24,1.03,12.488383456047151,175841.33,10463.04,235.0,78697.8,71635.79,7062.01,0.0,conventional,2015.0,NewOrleansMobile,0,27,338,1.3047928994082851
2015-05-17,0.96,12.458403784563274,172610.15,9661.21,262.0,74870.07,69919.72,4950.35,0.0,conventional,2015.0,NewOrleansMobile,0,27,338,1.3047928994082851
2015-05-10,1.05,12.454075702824351,176480.19,7959.95,321.0,71530.63,67176.21,4354.42,0.0,conventional,2015.0,NewOrleansMobile,0,27,338,1.3047928994082851
2015-05-03,0.93,12.63998461103745,204609.56,13133.92,299.55,90612.57,81127.8,9484.77,0.0,conventional,2015.0,NewOrleansMobile,0,27,338,1.3047928994082851
2015-04-26,0.96,12.490276638971464,179543.83,9195.1,288.0,76712.86,72727.69,3985.17,0.0,conventional,2015.0,NewOrleansMobile,0,27,338,1.3047928994082851
2015-04-19,0.93,12.481761700890068,172951.25,12171.55,373.11,77990.72,74117.3,3873.42,0.0,conventional,2015.0,NewOrleansMobile,0,27,338,1.3047928994082851
2015-04-12,0.97,12.370361714905524,168050.37,7155.35,294.0,60210.27,53843.01,6367.26,0.0,conventional,2015.0,NewOrleansMobile,0,27,338,1.3047928994082851
2015-04-05,0.99,12.379280338618086,166893.13,7766.84,250.0,62911.64,57555.16,5167.59,188.89,conventional,2015.0,NewOrleansMobile,0,27,338,1.3047928994082851
2015-03-29,0.97,12.376614299240586,161509.61,9472.68,77.75,66128.37,62564.2,3564.17,0.0,conventional,2015.0,NewOrleansMobile,0,27,338,1.3047928994082851
2015-03-22,0.9,12.551416378088925,196325.14,8985.9,179.21,77003.82,68626.59,8377.23,0.0,conventional,2015.0,NewOrleansMobile,0,27,338,1.3047928994082851
2015-03-15,1.09,12.36178205276757,159683.23,11363.11,183.95,62466.03,58352.29,4113.74,0.0,conventional,2015.0,NewOrleansMobile,0,27,338,1.3047928994082851
2015-03-08,1.06,12.422291435934932,163007.69,12379.43,269.87,72616.8,69335.51,3281.29,0.0,conventional,2015.0,NewOrleansMobile,0,27,338,1.3047928994082851
2015-03-01,1.08,12.32275805679502,138924.43,16229.64,384.82,69213.28,62740.63,6472.65,0.0,conventional,2015.0,NewOrleansMobile,0,27,338,1.3047928994082851
2015-02-22,0.92,12.45361811352826,178792.99,10819.78,346.88,66214.87,62873.75,3341.12,0.0,conventional,2015.0,NewOrleansMobile,0,27,338,1.3047928994082851
2015-02-15,1.02,12.346138932892046,155288.64,11863.71,253.04,62663.62,60468.24,2195.38,0.0,conventional,2015.0,NewOrleansMobile,0,27,338,1.3047928994082851
2015-02-08,0.93,12.396966893247885,169656.18,8648.32,202.67,63558.12,61345.53,2212.59,0.0,conventional,2015.0,NewOrleansMobile,0,27,338,1.3047928994082851
2015-02-01,0.81,12.815057668036632,271075.59,11860.86,426.32,84349.1,76463.29,7885.81,0.0,conventional,2015.0,NewOrleansMobile,0,27,338,1.3047928994082851
2015-01-25,0.94,12.511529776443092,188798.96,12771.98,352.52,69524.6,66085.94,3438.66,0.0,conventional,2015.0,NewOrleansMobile,0,27,338,1.3047928994082851
2015-01-18,1.03,12.497499397908173,179991.12,23263.42,213.64,64197.94,61302.5,2895.44,0.0,conventional,2015.0,NewOrleansMobile,0,27,338,1.3047928994082851
2015-01-11,0.97,12.385194714417045,165505.1,10680.54,231.54,62815.17,59593.91,3221.26,0.0,conventional,2015.0,NewOrleansMobile,0,27,338,1.3047928994082851
2015-01-04,0.94,12.313816613507507,148384.22,14085.72,218.63,60062.94,54422.22,5640.72,0.0,conventional,2015.0,NewOrleansMobile,0,27,338,1.3047928994082851
