assignement2/avocado_encoded.csv
Date,AveragePrice,Total Volume,4046,4225,4770,Total Bags,Small Bags,Large Bags,XLarge Bags,type,year,region,type_label,region_ordinal,region_frequency,region_target
2015-12-27,1.17,13.879563512796107,13711.19,371003.98,894.58,242666.68,204070.045,34191.25,4.44,conventional,2015.0,NewYork,0,28,338,1.7271301775147925
2015-12-20,1.23,13.879563512796107,13998.35,371003.98,803.83,257139.12,204070.045,44523.92,0.0,conventional,2015.0,NewYork,0,28,338,1.7271301775147925
2015-12-13,1.12,13.879563512796107,15990.38,371003.98,1657.92,261652.47,204070.045,39205.85,0.0,conventional,2015.0,NewYork,0,28,338,1.7271301775147925
2015-12-06,1.2,13.879563512796107,15730.1,371003.98,892.62,164640.74,136643.23,27997.51,0.0,conventional,2015.0,NewYork,0,28,338,1.7271301775147925
2015-11-29,1.16,13.814680853854995,13652.41,371003.98,863.58,170082.08,139508.76,30573.32,0.0,conventional,2015.0,NewYork,0,28,338,1.7271301775147925
2015-11-22,1.14,13.879563512796107,15004.7,371003.98,1227.89,190226.47,156660.8,33558.6,7.07,conventional,2015.0,NewYork,0,28,338,1.7271301775147925
2015-11-15,1.04,13.879563512796107,23669.62,371003.98,929.57,225327.84,196060.17,29267.67,0.0,conventional,2015.0,NewYork,0,28,338,1.7271301775147925
2015-11-08,1.13,13.879563512796107,20146.29,371003.98,753.78,269325.465,198024.18,54881.92,0.0,conventional,2015.0,NewYork,0,28,338,1.7271301775147925
2015-11-01,1.06,13.879563512796107,24197.61,371003.98,1226.57,238141.21,183727.03,54399.03,15.15,conventional,2015.0,NewYork,0,28,338,1.7271301775147925
2015-10-25,1.23,13.862438856603953,18035.94,371003.98,540.63,239305.85,192750.44,46555.41,0.0,conventional,2015.0,NewYork,0,28,338,1.7271301775147925
2015-10-18,0.97,13.879563512796107,23873.63,371003.98,1173.01,232925.94,181854.71,51069.15,2.08,conventional,2015.0,NewYork,0,28,338,1.7271301775147925
2015-10-11,1.28,13.879563512796107,14859.09,371003.98,721.46,269325.465,204070.045,54881.92,0.0,conventional,2015.0,NewYork,0,28,338,1.7271301775147925
2015-10-04,1.26,13.879563512796107,19623.48,371003.98,1078.17,261493.0,204070.045,53386.89,0.0,conventional,2015.0,NewYork,0,28,338,1.7271301775147925
2015-09-27,1.16,13.879563512796107,15448.68,371003.98,983.6,243521.35,185973.17,54881.92,0.0,conventional,2015.0,NewYork,0,28,338,1.7271301775147925
2015-09-20,1.18,13.879563512796107,16098.34,371003.98,801.09,262288.13,204070.045,47970.64,0.0,conventional,2015.0,NewYork,0,28,338,1.7271301775147925
2015-09-13,1.16,13.879563512796107,20526.41,371003.98,1030.24,249522.08,181277.74,54881.92,7.16,conventional,2015.0,NewYork,0,28,338,1.7271301775147925
2015-09-06,1.22,13.879563512796107,19894.27,371003.98,1295.45,245037.41,201210.17,43820.11,7.13,conventional,2015.0,NewYork,0,28,338,1.7271301775147925
2015-08-30,1.22,13.879563512796107,18628.2,371003.98,1530.58,248566.36,204070.045,39872.77,88.86,conventional,2015.0,NewYork,0,28,338,1.7271301775147925
2015-08-23,1.1,13.879563512796107,22589.42,371003.98,822.48,231864.49,197249.71,34604.15,10.63,conventional,2015.0,NewYork,0,28,338,1.7271301775147925
2015-08-16,1.14,13.879563512796107,19663.39,371003.98,1727.95,223383.83,188594.0,34787.84,1.99,conventional,2015.0,NewYork,0,28,338,1.7271301775147925
2015-08-09,1.1,13.879563512796107,23326.28,371003.98,976.16,249029.47,204070.045,30313.62,0.0,conventional,2015.0,NewYork,0,28,338,1.7271301775147925
2015-08-02,1.14,13.879563512796107,21768.56,371003.98,1330.65,251358.48,204070.045,34664.8,0.0,conventional,2015.0,NewYork,0,28,338,1.7271301775147925
2015-07-26,1.28,13.879563512796107,19228.22,371003.98,1321.69,269325.465,204070.045,46589.71,0.0,conventional,2015.0,NewYork,0,28,338,1.7271301775147925
2015-07-19,1.37,13.879563512796107,20811.41,371003.98,2324.14,269325.465,204070.045,48382.38,3.5,conventional,2015.0,NewYork,0,28,338,1.7271301775147925
2015-07-12,1.27,13.879563512796107,22742.33,371003.98,5130.14,269325.465,204070.045,47542.37,331.25,conventional,2015.0,NewYork,0,28,338,1.7271301775147925
2015-07-05,1.18,13.879563512796107,23947.74,371003.98,5470.64,269325.465,204070.045,54881.92,93.8,conventional,2015.0,NewYork,0,28,338,1.7271301775147925
2015-06-28,1.36,13.879563512796107,17714.92,371003.98,3347.48,269325.465,204070.045,54881.92,41.57,conventional,2015.0,NewYork,0,28,338,1.7271301775147925
2015-06-21,1.28,13.879563512796107,18711.02,371003.98,5159.36,269325.465,204070.045,43147.53,55.28,conventional,2015.0,NewYork,0,28,338,1.7271301775147925
2015-06-14,1.32,13.879563512796107,23161.35,371003.98,3548.03,269325.465,204070.045,54881.92,117.6,conventional,2015.0,NewYork,0,28,338,1.7271301775147925
2015-06-07,1.32,13.879563512796107,24734.98,371003.98,2235.54,269325.465,204070.045,54881.92,76.01,conventional,2015.0,NewYork,0,28,338,1.7271301775147925
2015-05-31,1.43,13.879563512796107,24958.8,371003.98,1368.92,269325.465,204070.045,54881.92,10.36,conventional,2015.0,NewYork,0,28,338,1.7271301775147925
2015-05-24,1.37,13.879563512796107,21741.7,371003.98,1724.03,269325.465,204070.045,54881.92,10.35,conventional,2015.0,NewYork,0,28,338,1.7271301775147925
2015-05-17,1.43,13.879563512796107,21866.23,371003.98,1648.45,269325.465,204070.045,54881.92,0.0,conventional,2015.0,NewYork,0,28,338,1.7271301775147925
2015-05-10,1.22,13.879563512796107,27734.02,371003.98,4590.52,269325.465,204070.045,54881.92,0.0,conventional,2015.0,NewYork,0,28,338,1.7271301775147925
2015-05-03,1.32,13.879563512796107,23447.41,371003.98,4554.01,269325.465,204070.045,54881.92,331.25,conventional,2015.0,NewYork,0,28,338,1.7271301775147925
2015-04-26,1.44,13.879563512796107,20400.34,371003.98,2618.1,269325.465,204070.045,54881.92,331.25,conventional,2015.0,NewYork,0,28,338,1.7271301775147925
2015-04-19,1.42,13.879563512796107,20252.47,371003.98,2366.85,269325.465,204070.045,54881.92,0.0,conventional,2015.0,NewYork,0,28,338,1.7271301775147925
2015-04-12,1.43,13.879563512796107,18928.26,371003.98,1846.37,269325.465,204070.045,54881.92,0.0,conventional,2015.0,NewYork,0,28,338,1.7271301775147925
2015-04-05,1.41,13.879563512796107,20081.53,371003.98,2011.01,269325.465,204070.045,54881.92,331.25,conventional,2015.0,NewYork,0,28,338,1.7271301775147925
2015-03-29,1.36,13.879563512796107,21780.45,371003.98,1812.92,269325.465,204070.045,54881.92,0.0,conventional,2015.0,NewYork,0,28,338,1.7271301775147925
2015-03-22,1.33,13.879563512796107,22713.33,371003.98,1650.73,269325.465,204070.045,54881.92,0.0,conventional,2015.0,NewYork,0,28,338,1.7271301775147925
2015-03-15,1.45,13.879563512796107,22591.72,371003.98,1923.63,269325.465,204070.045,54881.92,0.0,conventional,2015.0,NewYork,0,28,338,1.7271301775147925
2015-03-08,1.36,13.879563512796107,31886.43,371003.98,2109.98,269325.465,204070.045,54881.92,0.0,conventional,2015.0,NewYork,0,28,338,1.7271301775147925
2015-03-01,1.18,13.879563512796107,19919.91,371003.98,2849.43,269325.465,204070.045,54881.92,0.0,conventional,2015.0,NewYork,0,28,338,1.7271301775147925
2015-02-22,1.33,13.879563512796107,18716.23,371003.98,2885.0,269325.465,204070.045,54881.92,0.0,conventional,2015.0,NewYork,0,28,338,1.7271301775147925
2015-02-15,1.36,13.813071024721319,17342.31,371003.98,2659.51,269325.465,204070.045,48408.81,0.0,conventional,2015.0,NewYork,0,28,338,1.7271301775147925
2015-02-08,1.11,13.879563512796107,26781.64,371003.98,2996.36,269325.465,204070.045,54881.92,0.0,conventional,2015.0,NewYork,0,28,338,1.7271301775147925
2015-02-01,1.36,13.879563512796107,22622.87,371003.98,3251.93,269325.465,204070.045,54881.92,0.0,conventional,2015.0,NewYork,0,28,338,1.7271301775147925
2015-01-25,1.36,13.879563512796107,18101.89,371003.98,3184.12,269325.465,204070.045,54881.92,0.0,conventional,2015.0,NewYork,0,28,338,1.7271301775147925
2015-01-18,1.37,13.85883970455056,18945.56,371003.98,3039.37,269325.465,204070.045,54881.92,0.0,conventional,2015.0,NewYork,0,28,338,1.7271301775147925
2015-01-11,1.34,13.83357327052552,15880.8,371003.98,2315.72,269325.465,204070.045,54881.92,0.0,conventional,2015.0,NewYork,0,28,338,1.7271301775147925
2015-01-04,1.09,13.879563512796107,23641.0,371003.98,1871.07,249495.69,178683.01,54881.92,0.0,conventional,2015.0,NewYork,0,28,338,1.7271301775147925
2015-12-27,1.2,13.879563512796107,69920.54,371003.98,15608.55,269325.465,204070.045,46305.06,331.25,conventional,2015.0,Northeast,0,29,338,1.6019230769230774
2015-12-20,1.2,13.879563512796107,72576.52,371003.98,14909.65,269325.465,204070.045,54881.92,331.25,conventional,2015.0,Northeast,0,29,338,1.6019230769230774
2015-12-13,1.09,13.879563512796107,81055.1,371003.98,4716.39,269325.465,204070.045,51734.84,3.51,conventional,2015.0,Northeast,0,29,338,1.6019230769230774
2015-12-06,1.14,13.879563512796107,85444.57,371003.98,3341.42,269325.465,204070.045,40901.19,8.81,conventional,2015.0,Northeast,0,29,338,1.6019230769230774
2015-11-29,1.22,13.879563512796107,71191.69,371003.98,3025.26,269325.465,204070.045,41582.34,0.0,conventional,2015.0,Northeast,0,29,338,1.6019230769230774
2015-11-22,1.16,13.879563512796107,79006.95,371003.98,4067.05,269325.465,204070.045,44833.83,5.36,conventional,2015.0,Northeast,0,29,338,1.6019230769230774
2015-11-15,1.09,13.879563512796107,89242.5,371003.98,3393.33,269325.465,204070.045,48853.72,0.0,conventional,2015.0,Northeast,0,29,338,1.6019230769230774
2015-11-08,1.1,13.879563512796107,86385.14,371003.98,4491.79,269325.465,204070.045,54881.92,0.0,conventional,2015.0,Northeast,0,29,338,1.6019230769230774
2015-11-01,1.09,13.879563512796107,95355.74,371003.98,4729.26,269325.465,204070.045,54881.92,19.25,conventional,2015.0,Northeast,0,29,338,1.6019230769230774
2015-10-25,1.15,13.879563512796107,88907.0,371003.98,3363.89,269325.465,204070.045,54881.92,0.0,conventional,2015.0,Northeast,0,29,338,1.6019230769230774
2015-10-18,0.99,13.879563512796107,93569.28,371003.98,5421.22,269325.465,204070.045,54881.92,1.74,conventional,2015.0,Northeast,0,29,338,1.6019230769230774
2015-10-11,1.23,13.879563512796107,88376.7,371003.98,4364.98,269325.465,204070.045,54881.92,1.73,conventional,2015.0,Northeast,0,29,338,1.6019230769230774
2015-10-04,1.21,13.879563512796107,99666.72,371003.98,5434.32,269325.465,204070.045,54881.92,0.0,conventional,2015.0,Northeast,0,29,338,1.6019230769230774
2015-09-27,1.13,13.879563512796107,86278.88,371003.98,4785.85,269325.465,204070.045,54881.92,0.0,conventional,2015.0,Northeast,0,29,338,1.6019230769230774
2015-09-20,1.21,13.879563512796107,86196.27,371003.98,4293.65,269325.465,204070.045,54881.92,0.0,conventional,2015.0,Northeast,0,29,338,1.6019230769230774
2015-09-13,1.14,13.879563512796107,95839.65,371003.98,4616.79,269325.465,204070.045,54881.92,6.14,conventional,2015.0,Northeast,0,29,338,1.6019230769230774
2015-09-06,1.18,13.879563512796107,99311.62,371003.98,6693.26,269325.465,204070.045,54881.92,98.06,conventional,2015.0,Northeast,0,29,338,1.6019230769230774
2015-08-30,1.2,13.879563512796107,93227.99,371003.98,11075.1,269325.465,204070.045,54881.92,331.25,conventional,2015.0,Northeast,0,29,338,1.6019230769230774
2015-08-23,1.13,13.879563512796107,107907.11,371003.98,7167.44,269325.465,204070.045,54881.92,331.25,conventional,2015.0,Northeast,0,29,338,1.6019230769230774
2015-08-16,1.17,13.879563512796107,97139.95,371003.98,8138.99,269325.465,204070.045,54881.92,13.96,conventional,2015.0,Northeast,0,29,338,1.6019230769230774
2015-08-09,1.1,13.879563512796107,105393.94,371003.98,9116.57,269325.465,204070.045,54881.92,0.0,conventional,2015.0,Northeast,0,29,338,1.6019230769230774
2015-08-02,1.19,13.879563512796107,104772.22,371003.98,11726.4,269325.465,204070.045,51131.53,3.06,conventional,2015.0,Northeast,0,29,338,1.6019230769230774
2015-07-26,1.28,13.879563512796107,102482.55,371003.98,14864.77,269325.465,204070.045,54881.92,45.79,conventional,2015.0,Northeast,0,29,338,1.6019230769230774
2015-07-19,1.27,13.879563512796107,107602.07,371003.98,15608.55,269325.465,204070.045,54881.92,70.11,conventional,2015.0,Northeast,0,29,338,1.6019230769230774
2015-07-12,1.2,13.879563512796107,110242.95,371003.98,15608.55,269325.465,204070.045,54881.92,331.25,conventional,2015.0,Northeast,0,29,338,1.6019230769230774
2015-07-05,1.24,13.879563512796107,122190.4,371003.98,15608.55,269325.465,204070.045,54881.92,331.25,conventional,2015.0,Northeast,0,29,338,1.6019230769230774
2015-06-28,1.3,13.879563512796107,105387.01,371003.98,15608.55,269325.465,204070.045,54881.92,331.25,conventional,2015.0,Northeast,0,29,338,1.6019230769230774
2015-06-21,1.27,13.879563512796107,106859.5,371003.98,15608.55,269325.465,204070.045,54881.92,331.25,conventional,2015.0,Northeast,0,29,338,1.6019230769230774
2015-06-14,1.2,13.879563512796107,112693.47,371003.98,15608.55,269325.465,204070.045,54881.92,331.25,conventional,2015.0,Northeast,0,29,338,1.6019230769230774
2015-06-07,1.27,13.879563512796107,109587.85,371003.98,7058.9,269325.465,204070.045,54881.92,331.25,conventional,2015.0,Northeast,0,29,338,1.6019230769230774
2015-05-31,1.34,13.879563512796107,116068.2,371003.98,5488.64,269325.465,204070.045,54881.92,331.25,conventional,2015.0,Northeast,0,29,338,1.6019230769230774
2015-05-24,1.26,13.879563512796107,112425.95,371003.98,7774.83,269325.465,204070.045,54881.92,331.25,conventional,2015.0,Northeast,0,29,338,1.6019230769230774
2015-05-17,1.33,13.879563512796107,114065.77,371003.98,5593.26,269325.465,204070.045,54881.92,152.99,conventional,2015.0,Northeast,0,29,338,1.6019230769230774
2015-05-10,1.21,13.879563512796107,134556.37,371003.98,10220.82,269325.465,204070.045,54881.92,0.0,conventional,2015.0,Northeast,0,29,338,1.6019230769230774
2015-05-03,1.24,13.879563512796107,129459.52,371003.98,13487.57,269325.465,204070.045,54881.92,331.25,conventional,2015.0,Northeast,0,29,338,1.6019230769230774
2015-04-26,1.36,13.879563512796107,110930.88,371003.98,7040.21,269325.465,204070.045,54881.92,331.25,conventional,2015.0,Northeast,0,29,338,1.6019230769230774
2015-04-19,1.31,13.879563512796107,110954.74,371003.98,6389.9,269325.465,204070.045,54881.92,0.0,conventional,2015.0,Northeast,0,29,338,1.6019230769230774
2015-04-12,1.33,13.879563512796107,93987.65,371003.98,5306.97,269325.465,204070.045,54881.92,0.0,conventional,2015.0,Northeast,0,29,338,1.6019230769230774
2015-04-05,1.34,13.879563512796107,97887.72,371003.98,6203.7,269325.465,204070.045,54881.92,331.25,conventional,2015.0,Northeast,0,29,338,1.6019230769230774
2015-03-29,1.26,13.879563512796107,96169.31,371003.98,5707.16,269325.465,204070.045,54881.92,2.9,conventional,2015.0,Northeast,0,29,338,1.6019230769230774
2015-03-22,1.22,13.879563512796107,118765.0,371003.98,5436.84,269325.465,204070.045,54881.92,0.0,conventional,2015.0,Northeast,0,29,338,1.6019230769230774
2015-03-15,1.34,13.879563512796107,111777.91,371003.98,5531.34,269325.465,204070.045,54881.92,0.0,conventional,2015.0,Northeast,0,29,338,1.6019230769230774
2015-03-08,1.27,13.879563512796107,113602.19,371003.98,7864.97,269325.465,204070.045,54881.92,1.63,conventional,2015.0,Northeast,0,29,338,1.6019230769230774
2015-03-01,1.15,13.879563512796107,88609.28,371003.98,7317.59,269325.465,204070.045,54881.92,0.0,conventional,2015.0,Northeast,0,29,338,1.6019230769230774
2015-02-22,1.29,13.879563512796107,92283.05,371003.98,7049.52,269325.465,204070.045,54881.92,0.0,conventional,2015.0,Northeast,0,29,338,1.6019230769230774
2015-02-15,1.29,13.879563512796107,88056.2,371003.98,7773.07,269325.465,204070.045,54881.92,0.0,conventional,2015.0,Northeast,0,29,338,1.6019230769230774
2015-02-08,1.09,13.879563512796107,128978.49,371003.98,7219.81,269325.465,204070.045,54881.92,1.64,conventional,2015.0,Northeast,0,29,338,1.6019230769230774
2015-02-01,1.23,13.879563512796107,133613.0,371003.98,9191.41,269325.465,204070.045,54881.92,0.0,conventional,2015.0,Northeast,0,29,338,1.6019230769230774
2015-01-25,1.27,13.879563512796107,96761.81,371003.98,7923.65,269325.465,204070.045,54881.92,0.0,conventional,2015.0,Northeast,0,29,338,1.6019230769230774
2015-01-18,1.32,13.879563512796107,91803.09,371003.98,7215.59,269325.465,204070.045,54881.92,0.0,conventional,2015.0,Northeast,0,29,338,1.6019230769230774
2015-01-11,1.28,13.879563512796107,97343.55,371003.98,6915.47,269325.465,204070.045,54881.92,0.0,conventional,2015.0,Northeast,0,29,338,1.6019230769230774
2015-01-04,1.09,13.879563512796107,126640.65,371003.98,7580.38,269325.465,204070.045,54881.92,0.0,conventional,2015.0,Northeast,0,29,338,1.6019230769230774
