assignement2/avocado_encoded.csv
Date,AveragePrice,Total Volume,4046,4225,4770,Total Bags,Small Bags,Large Bags,XLarge Bags,type,year,region,type_label,region_ordinal,region_frequency,region_target
2015-12-27,1.21,12.626752815304814,2601.32,250270.9,12123.24,39602.96,39602.96,0.0,0.0,conventional,2015.0,NorthernNewEngland,0,30,338,1.4773964497041419
2015-12-20,1.17,12.55957483159145,2616.13,232459.75,3820.83,45911.51,45911.51,0.0,0.0,conventional,2015.0,NorthernNewEngland,0,30,338,1.4773964497041419
2015-12-13,0.95,12.917756529894149,2970.12,369076.25,116.84,35319.62,35319.62,0.0,0.0,conventional,2015.0,NorthernNewEngland,0,30,338,1.4773964497041419
2015-12-06,1.11,12.621683741917,3320.11,261503.41,94.18,38140.59,38140.59,0.0,0.0,conventional,2015.0,NorthernNewEngland,0,30,338,1.4773964497041419
2015-11-29,1.25,12.29997683739652,2897.91,181977.84,88.58,34725.57,34725.57,0.0,0.0,conventional,2015.0,NorthernNewEngland,0,30,338,1.4773964497041419
2015-11-22,1.08,12.521650244543206,2770.62,230517.24,140.77,40780.57,40777.1,3.47,0.0,conventional,2015.0,NorthernNewEngland,0,30,338,1.4773964497041419
2015-11-15,1.07,12.567296656754715,2589.55,237255.49,90.93,47080.01,46867.66,212.35,0.0,conventional,2015.0,NorthernNewEngland,0,30,338,1.4773964497041419
2015-11-08,0.96,13.100814417356348,2347.38,371003.98,132.37,33770.89,33362.0,408.89,0.0,conventional,2015.0,NorthernNewEngland,0,30,338,1.4773964497041419
2015-11-01,1.07,12.766435440100937,3271.4,281498.53,209.48,65281.14,65081.14,200.0,0.0,conventional,2015.0,NorthernNewEngland,0,30,338,1.4773964497041419
2015-10-25,1.08,12.656773226419388,2599.46,268057.07,158.24,43066.49,42475.38,591.11,0.0,conventional,2015.0,NorthernNewEngland,0,30,338,1.4773964497041419
2015-10-18,1.0,12.905369378771761,3274.11,361448.46,192.81,37551.02,36297.69,1253.33,0.0,conventional,2015.0,NorthernNewEngland,0,30,338,1.4773964497041419
2015-10-11,1.19,12.537078755779733,3616.8,231543.02,204.79,43108.05,43001.38,106.67,0.0,conventional,2015.0,NorthernNewEngland,0,30,338,1.4773964497041419
2015-10-04,1.12,12.605598584973777,3978.7,253346.07,248.25,40649.51,40431.73,217.78,0.0,conventional,2015.0,NorthernNewEngland,0,30,338,1.4773964497041419
2015-09-27,0.98,13.035941477548,2768.16,371003.98,265.22,28024.32,27515.43,508.89,0.0,conventional,2015.0,NorthernNewEngland,0,30,338,1.4773964497041419
2015-09-20,1.17,12.684574251968947,2413.3,270775.68,291.7,49249.26,48164.82,1084.44,0.0,conventional,2015.0,NorthernNewEngland,0,30,338,1.4773964497041419
2015-09-13,1.09,12.782984420361498,1752.73,301172.05,277.25,52903.22,52023.22,880.0,0.0,conventional,2015.0,NorthernNewEngland,0,30,338,1.4773964497041419
2015-09-06,1.01,13.138647646058645,2506.81,371003.98,377.7,48438.75,48349.86,88.89,0.0,conventional,2015.0,NorthernNewEngland,0,30,338,1.4773964497041419
2015-08-30,1.13,12.886965497571582,2834.15,337184.98,457.24,54650.81,54650.81,0.0,0.0,conventional,2015.0,NorthernNewEngland,0,30,338,1.4773964497041419
2015-08-23,1.18,12.899476718090543,2487.19,338130.6,608.29,58875.69,58875.69,0.0,0.0,conventional,2015.0,NorthernNewEngland,0,30,338,1.4773964497041419
2015-08-16,1.23,12.828037953344284,2067.21,304465.27,775.0,65208.52,65208.52,0.0,0.0,conventional,2015.0,NorthernNewEngland,0,30,338,1.4773964497041419
2015-08-09,1.03,13.269450546415186,2513.38,371003.98,815.98,52404.14,52400.81,3.33,0.0,conventional,2015.0,NorthernNewEngland,0,30,338,1.4773964497041419
2015-08-02,1.25,12.941042727535875,2279.1,347110.01,1637.61,66056.2,66056.2,0.0,0.0,conventional,2015.0,NorthernNewEngland,0,30,338,1.4773964497041419
2015-07-26,1.25,12.906177713750868,2558.33,324258.79,2452.04,73522.7,73518.43,4.27,0.0,conventional,2015.0,NorthernNewEngland,0,30,338,1.4773964497041419
2015-07-19,1.03,13.295396732089491,3108.09,371003.98,6851.58,62451.94,62434.86,17.08,0.0,conventional,2015.0,NorthernNewEngland,0,30,338,1.4773964497041419
2015-07-12,1.1,13.14062795977047,3111.08,341891.96,15371.77,148840.39,148811.62,28.77,0.0,conventional,2015.0,NorthernNewEngland,0,30,338,1.4773964497041419
2015-07-05,1.15,13.19309017410707,2968.62,338863.42,15608.55,176818.96,176636.74,182.22,0.0,conventional,2015.0,NorthernNewEngland,0,30,338,1.4773964497041419
2015-06-28,1.14,13.023210929532896,2582.77,282587.99,15156.27,152474.29,152425.4,48.89,0.0,conventional,2015.0,NorthernNewEngland,0,30,338,1.4773964497041419
2015-06-21,1.18,12.961928345670794,2279.37,300069.61,14779.66,108756.94,108756.94,0.0,0.0,conventional,2015.0,NorthernNewEngland,0,30,338,1.4773964497041419
2015-06-14,1.04,13.195104545907359,2804.46,362082.5,10744.54,162093.57,162093.57,0.0,0.0,conventional,2015.0,NorthernNewEngland,0,30,338,1.4773964497041419
2015-06-07,1.17,12.965049162204961,2096.21,314308.78,37.43,110774.35,110774.35,0.0,0.0,conventional,2015.0,NorthernNewEngland,0,30,338,1.4773964497041419
2015-05-31,1.2,12.932897464365732,2523.96,313153.31,61.25,97960.94,97960.94,0.0,0.0,conventional,2015.0,NorthernNewEngland,0,30,338,1.4773964497041419
2015-05-24,1.04,13.146418596658814,2624.76,371003.98,53.34,137204.86,137204.86,0.0,0.0,conventional,2015.0,NorthernNewEngland,0,30,338,1.4773964497041419
2015-05-17,1.15,12.953910097960895,2745.99,287792.49,29.88,131916.01,131904.74,11.27,0.0,conventional,2015.0,NorthernNewEngland,0,30,338,1.4773964497041419
2015-05-10,1.05,13.268086231236616,2739.66,371003.98,78.56,71634.08,71253.97,380.11,0.0,conventional,2015.0,NorthernNewEngland,0,30,338,1.4773964497041419
2015-05-03,1.16,12.813085409912471,2322.24,304233.27,59.55,60372.3,60354.57,17.73,0.0,conventional,2015.0,NorthernNewEngland,0,30,338,1.4773964497041419
2015-04-26,1.24,12.65037451488639,1960.76,253562.76,79.62,56276.09,56259.03,17.06,0.0,conventional,2015.0,NorthernNewEngland,0,30,338,1.4773964497041419
2015-04-19,1.13,12.755818802784653,2156.47,284389.27,78.27,59937.61,59936.64,0.97,0.0,conventional,2015.0,NorthernNewEngland,0,30,338,1.4773964497041419
2015-04-12,1.16,12.632162363275885,2160.72,214309.89,58.52,89721.5,89699.64,21.86,0.0,conventional,2015.0,NorthernNewEngland,0,30,338,1.4773964497041419
2015-04-05,1.19,12.641565151573387,2352.11,252306.55,82.02,54403.15,54288.7,114.45,0.0,conventional,2015.0,NorthernNewEngland,0,30,338,1.4773964497041419
2015-03-29,1.07,12.930331305799038,2452.76,371003.98,57.27,37964.11,37036.33,927.78,0.0,conventional,2015.0,NorthernNewEngland,0,30,338,1.4773964497041419
2015-03-22,1.19,12.550215565662524,4556.72,229492.52,55.64,48050.17,47856.09,194.08,0.0,conventional,2015.0,NorthernNewEngland,0,30,338,1.4773964497041419
2015-03-15,1.15,12.61769807317962,6236.37,247092.81,90.6,48433.02,48390.8,42.22,0.0,conventional,2015.0,NorthernNewEngland,0,30,338,1.4773964497041419
2015-03-08,1.09,12.57059328634082,2507.83,234532.06,15.02,50908.82,50606.6,302.22,0.0,conventional,2015.0,NorthernNewEngland,0,30,338,1.4773964497041419
2015-03-01,1.05,12.781783889562865,2266.45,310490.26,41.26,42880.02,42880.02,0.0,0.0,conventional,2015.0,NorthernNewEngland,0,30,338,1.4773964497041419
2015-02-22,1.13,12.484158294246276,2875.24,217477.35,23.63,43742.64,43735.97,6.67,0.0,conventional,2015.0,NorthernNewEngland,0,30,338,1.4773964497041419
2015-02-15,1.11,12.572505060141587,2897.82,232117.81,33.13,53466.02,53303.8,162.22,0.0,conventional,2015.0,NorthernNewEngland,0,30,338,1.4773964497041419
2015-02-08,1.03,12.804733966440564,4606.01,308443.03,33.62,50852.58,50014.8,837.78,0.0,conventional,2015.0,NorthernNewEngland,0,30,338,1.4773964497041419
2015-02-01,1.06,12.930606422916368,4353.96,361694.45,34.23,46670.1,46576.76,93.34,0.0,conventional,2015.0,NorthernNewEngland,0,30,338,1.4773964497041419
2015-01-25,1.06,12.579745389854304,3806.65,233232.89,24.12,53547.65,53543.21,4.44,0.0,conventional,2015.0,NorthernNewEngland,0,30,338,1.4773964497041419
2015-01-18,1.12,12.64175559432976,3012.79,241380.95,38.05,64770.92,64770.92,0.0,0.0,conventional,2015.0,NorthernNewEngland,0,30,338,1.4773964497041419
2015-01-11,1.06,12.659432374071011,4578.25,265252.09,22.9,44863.79,44863.79,0.0,0.0,conventional,2015.0,NorthernNewEngland,0,30,338,1.4773964497041419
2015-01-04,1.05,12.681762483853454,4966.76,264351.96,14.68,52490.37,52490.37,0.0,0.0,conventional,2015.0,NorthernNewEngland,0,30,338,1.4773964497041419
2015-12-27,0.99,12.6306033119803,211102.9,20765.29,124.04,73781.31,40641.55,33139.76,0.0,conventional,2015.0,Orlando,0,31,338,1.5036982248520703
2015-12-20,1.21,12.206451623708867,131152.6,15794.56,122.07,53005.58,36258.03,16747.55,0.0,conventional,2015.0,Orlando,0,31,338,1.5036982248520703
2015-12-13,0.96,12.644658231466355,217679.37,24260.86,168.63,67992.66,31407.15,36585.51,0.0,conventional,2015.0,Orlando,0,31,338,1.5036982248520703
2015-12-06,1.2,12.201385779311789,135222.96,21555.66,121.93,42163.27,24098.62,18064.65,0.0,conventional,2015.0,Orlando,0,31,338,1.5036982248520703
2015-11-29,0.96,12.47871011332206,190361.54,21007.77,37.82,51276.67,21536.82,29739.85,0.0,conventional,2015.0,Orlando,0,31,338,1.5036982248520703
2015-11-22,0.98,12.494822460242247,184441.61,21585.56,120.55,60802.83,27114.53,33688.3,0.0,conventional,2015.0,Orlando,0,31,338,1.5036982248520703
2015-11-15,1.24,12.20964794651774,129533.08,20681.56,109.39,50391.31,27742.9,22648.41,0.0,conventional,2015.0,Orlando,0,31,338,1.5036982248520703
2015-11-08,1.24,12.220743894500707,132375.83,21007.3,92.19,49479.56,31369.94,18109.62,0.0,conventional,2015.0,Orlando,0,31,338,1.5036982248520703
2015-11-01,0.97,12.707067121540408,228073.04,29350.55,80.56,72567.19,33748.18,38819.01,0.0,conventional,2015.0,Orlando,0,31,338,1.5036982248520703
2015-10-25,1.25,12.256132431959493,138110.06,24182.08,91.29,47882.36,29737.38,18128.16,16.82,conventional,2015.0,Orlando,0,31,338,1.5036982248520703
2015-10-18,1.24,12.22845752417902,131126.38,24094.4,71.02,49234.66,32915.51,16319.15,0.0,conventional,2015.0,Orlando,0,31,338,1.5036982248520703
2015-10-11,1.0,12.637964211842801,211056.18,30064.22,105.62,66806.6,31968.47,34838.13,0.0,conventional,2015.0,Orlando,0,31,338,1.5036982248520703
2015-10-04,1.0,12.715892123300998,224769.27,34085.54,60.86,74081.45,37192.16,36886.48,2.81,conventional,2015.0,Orlando,0,31,338,1.5036982248520703
2015-09-27,1.28,12.218289267790036,114107.06,41995.26,142.31,46212.68,29149.95,17062.73,0.0,conventional,2015.0,Orlando,0,31,338,1.5036982248520703
2015-09-20,0.99,12.70589587431756,201392.27,51930.95,119.94,76241.81,36956.49,39285.32,0.0,conventional,2015.0,Orlando,0,31,338,1.5036982248520703
2015-09-13,1.23,12.308400191381553,113374.88,51291.97,43.61,56837.79,37653.91,19183.88,0.0,conventional,2015.0,Orlando,0,31,338,1.5036982248520703
2015-09-06,0.99,12.836647424206085,232502.52,56930.16,82.75,86221.59,43014.65,43206.94,0.0,conventional,2015.0,Orlando,0,31,338,1.5036982248520703
2015-08-30,1.25,12.381163330803876,123335.43,51487.73,173.11,63273.58,44694.9,18578.68,0.0,conventional,2015.0,Orlando,0,31,338,1.5036982248520703
2015-08-23,1.21,12.341158891243895,113657.5,51869.47,81.78,63317.35,47516.81,15800.54,0.0,conventional,2015.0,Orlando,0,31,338,1.5036982248520703
2015-08-16,1.23,12.389171774936173,128769.54,46941.6,91.62,64382.93,45260.21,19122.72,0.0,conventional,2015.0,Orlando,0,31,338,1.5036982248520703
2015-08-09,0.99,12.870180434931278,249265.95,57952.32,99.51,81232.5,47242.5,33990.0,0.0,conventional,2015.0,Orlando,0,31,338,1.5036982248520703
2015-08-02,1.24,12.391815509638615,130990.19,49482.92,88.69,60259.72,43472.9,16786.82,0.0,conventional,2015.0,Orlando,0,31,338,1.5036982248520703
2015-07-26,1.22,12.38773961312736,128204.96,51179.38,71.27,60386.34,44878.7,15507.64,0.0,conventional,2015.0,Orlando,0,31,338,1.5036982248520703
2015-07-19,0.98,12.80417852263531,226313.4,57749.18,61.06,79609.51,42477.4,37132.11,0.0,conventional,2015.0,Orlando,0,31,338,1.5036982248520703
2015-07-12,1.22,12.411173970333092,133073.61,53986.68,73.35,58395.25,41732.15,16663.1,0.0,conventional,2015.0,Orlando,0,31,338,1.5036982248520703
2015-07-05,0.97,12.948796228712125,258450.62,66371.81,83.04,95423.88,58523.36,36900.52,0.0,conventional,2015.0,Orlando,0,31,338,1.5036982248520703
2015-06-28,1.15,12.534854457927375,144510.58,52467.4,118.88,80757.08,62186.73,18570.35,0.0,conventional,2015.0,Orlando,0,31,338,1.5036982248520703
2015-06-21,0.96,12.884198036853741,243576.61,57122.76,726.55,92609.27,55420.02,37189.25,0.0,conventional,2015.0,Orlando,0,31,338,1.5036982248520703
2015-06-14,1.22,12.453521417334953,141946.09,36946.34,2083.82,75173.5,56501.85,18663.64,8.01,conventional,2015.0,Orlando,0,31,338,1.5036982248520703
2015-06-07,0.98,12.877888854971285,271323.04,33611.14,561.66,86061.13,48219.72,37841.41,0.0,conventional,2015.0,Orlando,0,31,338,1.5036982248520703
2015-05-31,1.26,12.429382143074546,174419.44,19641.65,73.35,55906.05,38303.2,17602.85,0.0,conventional,2015.0,Orlando,0,31,338,1.5036982248520703
2015-05-24,1.0,12.904187964427846,276269.395,29758.0,160.42,76278.08,37157.88,39120.2,0.0,conventional,2015.0,Orlando,0,31,338,1.5036982248520703
2015-05-17,1.23,12.401913075839984,168886.63,19797.32,173.63,54407.98,38066.02,16341.96,0.0,conventional,2015.0,Orlando,0,31,338,1.5036982248520703
2015-05-10,1.23,12.456963611941536,185586.2,19590.84,138.92,51717.03,35990.16,15726.87,0.0,conventional,2015.0,Orlando,0,31,338,1.5036982248520703
2015-05-03,0.98,13.125508147427595,276269.395,36610.76,165.6,95445.05,40398.41,54823.03,223.61,conventional,2015.0,Orlando,0,31,338,1.5036982248520703
2015-04-26,1.23,12.458032859690931,179052.54,21351.58,93.98,56809.87,38167.83,18294.82,331.25,conventional,2015.0,Orlando,0,31,338,1.5036982248520703
2015-04-19,1.23,12.353536460886069,157931.42,18812.23,205.89,54827.73,35504.7,19323.03,0.0,conventional,2015.0,Orlando,0,31,338,1.5036982248520703
2015-04-12,0.99,12.83565379193376,275283.48,28203.4,96.79,71780.19,31886.66,39893.53,0.0,conventional,2015.0,Orlando,0,31,338,1.5036982248520703
2015-04-05,1.1,12.613804050313606,211116.53,25858.76,103.76,63600.61,34091.52,29143.81,331.25,conventional,2015.0,Orlando,0,31,338,1.5036982248520703
2015-03-29,1.25,12.287313634977254,150612.51,18785.42,128.97,47398.55,29215.6,18182.95,0.0,conventional,2015.0,Orlando,0,31,338,1.5036982248520703
2015-03-22,0.98,12.803549541455832,260635.0,29682.52,141.02,73045.9,37453.09,35592.81,0.0,conventional,2015.0,Orlando,0,31,338,1.5036982248520703
2015-03-15,1.27,12.329390027291009,154931.57,21353.84,115.89,49846.38,34513.35,15333.03,0.0,conventional,2015.0,Orlando,0,31,338,1.5036982248520703
2015-03-08,1.27,12.297159328003714,149785.3,19868.22,86.78,49331.49,33996.64,15334.85,0.0,conventional,2015.0,Orlando,0,31,338,1.5036982248520703
2015-03-01,1.0,12.664130425136356,227527.01,26599.79,114.63,61957.64,31707.62,30250.02,0.0,conventional,2015.0,Orlando,0,31,338,1.5036982248520703
2015-02-22,1.18,12.332556651055127,151270.02,22481.35,66.79,53147.1,36700.48,16446.62,0.0,conventional,2015.0,Orlando,0,31,338,1.5036982248520703
2015-02-15,1.26,12.229854013795226,139189.15,21210.42,37.33,44375.38,20733.73,23641.65,0.0,conventional,2015.0,Orlando,0,31,338,1.5036982248520703
2015-02-08,1.23,12.227822199862745,137587.02,24318.2,99.17,42392.17,18229.35,24162.82,0.0,conventional,2015.0,Orlando,0,31,338,1.5036982248520703
2015-02-01,0.95,13.100578827796989,276269.395,50048.43,180.21,80264.72,26854.75,53409.97,0.0,conventional,2015.0,Orlando,0,31,338,1.5036982248520703
2015-01-25,1.28,12.26430424163731,133616.3,29418.39,91.59,48864.81,22591.61,26273.2,0.0,conventional,2015.0,Orlando,0,31,338,1.5036982248520703
2015-01-18,1.33,12.160444170450106,112722.12,34703.28,83.8,43569.17,18914.84,24654.33,0.0,conventional,2015.0,Orlando,0,31,338,1.5036982248520703
2015-01-11,1.29,12.216199148982849,119336.02,39236.11,52.44,43410.02,18762.45,24647.57,0.0,conventional,2015.0,Orlando,0,31,338,1.5036982248520703
2015-01-04,1.0,12.548967747037384,190743.27,38265.21,75.22,52719.49,19933.7,32785.79,0.0,conventional,2015.0,Orlando,0,31,338,1.5036982248520703
