assignement2/avocado_encoded.csv
Date,AveragePrice,Total Volume,4046,4225,4770,Total Bags,Small Bags,Large Bags,XLarge Bags,type,year,region,type_label,region_ordinal,region_frequency,region_target
2015-12-27,1.25,12.639632312878096,9778.07,208945.03,530.89,89292.89,82776.35,6513.36,3.18,conventional,2015.0,Philadelphia,0,32,338,1.6321301775147927
2015-12-20,1.33,12.634095177766252,9646.13,198361.8,532.68,98302.52,88587.5,9715.02,0.0,conventional,2015.0,Philadelphia,0,32,338,1.6321301775147927
2015-12-13,1.18,12.772437521334178,12500.24,244536.03,683.27,94649.63,87738.34,6908.05,3.24,conventional,2015.0,Philadelphia,0,32,338,1.6321301775147927
2015-12-06,1.18,12.75678318489508,16536.57,254808.6,540.52,75010.31,67405.8,7596.24,8.27,conventional,2015.0,Philadelphia,0,32,338,1.6321301775147927
2015-11-29,1.23,12.524863701566444,11335.64,195284.31,533.71,67938.12,62262.05,5676.07,0.0,conventional,2015.0,Philadelphia,0,32,338,1.6321301775147927
2015-11-22,1.23,12.676261663840293,12680.14,226193.52,591.76,80592.91,74840.49,5752.42,0.0,conventional,2015.0,Philadelphia,0,32,338,1.6321301775147927
2015-11-15,1.17,12.803669532460775,13989.06,263608.21,604.6,85346.19,78169.59,7176.6,0.0,conventional,2015.0,Philadelphia,0,32,338,1.6321301775147927
2015-11-08,1.27,12.83450742316932,13866.99,268320.02,479.7,92267.09,76143.42,16123.67,0.0,conventional,2015.0,Philadelphia,0,32,338,1.6321301775147927
2015-11-01,1.13,13.234919442888918,15179.56,371003.98,570.57,90086.72,78873.23,11206.74,6.75,conventional,2015.0,Philadelphia,0,32,338,1.6321301775147927
2015-10-25,1.19,12.895057902287965,19897.83,283085.98,437.37,94916.51,84288.89,10627.62,0.0,conventional,2015.0,Philadelphia,0,32,338,1.6321301775147927
2015-10-18,1.06,13.114810183720715,14369.89,371003.98,819.38,92670.88,83101.65,9569.23,0.0,conventional,2015.0,Philadelphia,0,32,338,1.6321301775147927
2015-10-11,1.26,12.831079706977913,13073.44,256350.83,550.69,103675.87,83281.81,20392.37,1.69,conventional,2015.0,Philadelphia,0,32,338,1.6321301775147927
2015-10-04,1.28,12.869293466307573,14121.46,268719.03,754.42,104610.89,91635.61,12975.28,0.0,conventional,2015.0,Philadelphia,0,32,338,1.6321301775147927
2015-09-27,1.25,12.8179576272227,14983.22,255352.91,497.49,97946.15,82669.93,15276.22,0.0,conventional,2015.0,Philadelphia,0,32,338,1.6321301775147927
2015-09-20,1.25,12.797637165343554,14832.84,251090.34,580.3,94858.12,84698.03,10160.09,0.0,conventional,2015.0,Philadelphia,0,32,338,1.6321301775147927
2015-09-13,1.19,13.02760565296843,15898.8,346217.39,752.17,91927.28,78976.79,12950.49,0.0,conventional,2015.0,Philadelphia,0,32,338,1.6321301775147927
2015-09-06,1.25,12.896873951677087,16018.81,284480.15,633.36,97929.43,89096.28,8827.37,5.78,conventional,2015.0,Philadelphia,0,32,338,1.6321301775147927
2015-08-30,1.26,12.851395324268685,14942.34,269812.12,654.66,95910.31,86293.69,9570.66,45.96,conventional,2015.0,Philadelphia,0,32,338,1.6321301775147927
2015-08-23,1.09,13.016374464346207,21862.51,336374.97,717.48,90761.35,82479.25,8193.68,88.42,conventional,2015.0,Philadelphia,0,32,338,1.6321301775147927
2015-08-16,1.2,12.961510330142143,14748.68,324061.94,652.49,86244.48,78393.26,7851.22,0.0,conventional,2015.0,Philadelphia,0,32,338,1.6321301775147927
2015-08-09,1.19,12.913015624931715,14929.69,294414.04,801.53,95410.3,88554.27,6856.03,0.0,conventional,2015.0,Philadelphia,0,32,338,1.6321301775147927
2015-08-02,1.21,12.897251114448462,15487.29,288809.36,955.95,93959.69,85344.81,8614.88,0.0,conventional,2015.0,Philadelphia,0,32,338,1.6321301775147927
2015-07-26,1.36,12.829422783129662,16844.86,251976.91,856.78,103353.68,92024.65,11329.03,0.0,conventional,2015.0,Philadelphia,0,32,338,1.6321301775147927
2015-07-19,1.39,12.821190687741197,15791.25,237182.53,1472.69,115527.52,103254.89,12272.63,0.0,conventional,2015.0,Philadelphia,0,32,338,1.6321301775147927
2015-07-12,1.38,12.826819280069813,15106.58,233808.22,1885.79,121261.71,109196.16,11757.42,308.13,conventional,2015.0,Philadelphia,0,32,338,1.6321301775147927
2015-07-05,1.25,13.039982246081472,16232.83,306535.67,1024.11,136666.84,122252.96,14370.22,43.66,conventional,2015.0,Philadelphia,0,32,338,1.6321301775147927
2015-06-28,1.38,12.845112312341444,15520.17,234777.69,806.52,127826.72,111168.32,16658.4,0.0,conventional,2015.0,Philadelphia,0,32,338,1.6321301775147927
2015-06-21,1.33,13.03240462115665,16066.69,310906.06,1155.21,128855.48,117744.63,11040.67,70.18,conventional,2015.0,Philadelphia,0,32,338,1.6321301775147927
2015-06-14,1.32,12.951610903942845,16036.91,253565.67,1064.13,150847.4,130970.38,19779.78,97.24,conventional,2015.0,Philadelphia,0,32,338,1.6321301775147927
2015-06-07,1.35,13.074911830886377,17117.86,325420.87,1339.88,132948.73,116932.41,15941.0,75.32,conventional,2015.0,Philadelphia,0,32,338,1.6321301775147927
2015-05-31,1.43,12.985463598129769,18200.08,270397.51,1068.66,146361.56,130734.4,15496.02,131.14,conventional,2015.0,Philadelphia,0,32,338,1.6321301775147927
2015-05-24,1.4,12.995836719953456,15940.65,277233.41,1055.58,146344.69,129470.64,16871.38,2.67,conventional,2015.0,Philadelphia,0,32,338,1.6321301775147927
2015-05-17,1.44,12.870822229138675,16905.14,241209.0,1129.29,129556.3,116806.95,12725.41,23.94,conventional,2015.0,Philadelphia,0,32,338,1.6321301775147927
2015-05-10,1.32,13.191746873920719,18571.03,371003.98,2051.34,134165.69,118815.58,15350.11,0.0,conventional,2015.0,Philadelphia,0,32,338,1.6321301775147927
2015-05-03,1.22,13.21504767623528,27871.95,371003.98,1834.71,124874.01,106616.53,18018.59,238.89,conventional,2015.0,Philadelphia,0,32,338,1.6321301775147927
2015-04-26,1.46,12.862407983277633,17337.89,249070.68,1439.55,117693.87,100776.04,16917.83,0.0,conventional,2015.0,Philadelphia,0,32,338,1.6321301775147927
2015-04-19,1.43,12.872401636686089,16585.73,242740.8,1309.62,128778.14,110321.07,18457.07,0.0,conventional,2015.0,Philadelphia,0,32,338,1.6321301775147927
2015-04-12,1.44,12.72305098247724,15208.07,210183.29,1217.98,108780.22,95743.68,13036.54,0.0,conventional,2015.0,Philadelphia,0,32,338,1.6321301775147927
2015-04-05,1.43,12.810247044986262,15897.74,240591.74,1290.63,108167.08,94087.03,14028.66,51.39,conventional,2015.0,Philadelphia,0,32,338,1.6321301775147927
2015-03-29,1.39,12.736342273471232,15819.32,222182.25,1168.94,100706.58,88306.35,12400.23,0.0,conventional,2015.0,Philadelphia,0,32,338,1.6321301775147927
2015-03-22,1.18,13.015362917773164,27380.04,322071.0,1104.04,98706.55,85471.81,13234.74,0.0,conventional,2015.0,Philadelphia,0,32,338,1.6321301775147927
2015-03-15,1.44,12.711256263069803,15055.12,199103.98,1077.74,116220.12,102101.2,14118.92,0.0,conventional,2015.0,Philadelphia,0,32,338,1.6321301775147927
2015-03-08,1.4,12.764575757528396,19780.09,207010.01,1051.07,121768.61,106813.89,14953.22,1.5,conventional,2015.0,Philadelphia,0,32,338,1.6321301775147927
2015-03-01,1.24,12.880070313967785,16329.41,267027.05,1528.3,107527.31,93745.13,13782.18,0.0,conventional,2015.0,Philadelphia,0,32,338,1.6321301775147927
2015-02-22,1.36,12.760579318421938,14876.71,214953.17,1353.67,117031.82,105513.5,11518.32,0.0,conventional,2015.0,Philadelphia,0,32,338,1.6321301775147927
2015-02-15,1.34,12.722405586148355,15920.85,210874.58,1259.97,107117.77,97737.29,9380.48,0.0,conventional,2015.0,Philadelphia,0,32,338,1.6321301775147927
2015-02-08,1.09,13.077108049333928,26219.21,336509.39,1353.94,113793.17,100107.79,13683.87,1.51,conventional,2015.0,Philadelphia,0,32,338,1.6321301775147927
2015-02-01,1.14,13.252173002837392,30263.22,371003.98,1722.1,119325.59,104365.66,14959.93,0.0,conventional,2015.0,Philadelphia,0,32,338,1.6321301775147927
2015-01-25,1.36,12.781693185686665,16112.5,211453.65,1409.19,126670.39,110991.22,15679.17,0.0,conventional,2015.0,Philadelphia,0,32,338,1.6321301775147927
2015-01-18,1.4,12.71137225898682,15116.27,209523.15,1469.44,105386.55,93250.96,12135.59,0.0,conventional,2015.0,Philadelphia,0,32,338,1.6321301775147927
2015-01-11,1.38,12.6634507193233,14323.61,198387.14,1715.41,101558.06,88980.0,12578.06,0.0,conventional,2015.0,Philadelphia,0,32,338,1.6321301775147927
2015-01-04,1.1,12.918229393899699,24190.91,294715.33,2121.45,86647.87,72829.94,13817.93,0.0,conventional,2015.0,Philadelphia,0,32,338,1.6321301775147927
2015-12-27,0.49,13.879563512796107,276269.395,286858.37,11642.46,100891.8,70749.02,30142.78,0.0,conventional,2015.0,PhoenixTucson,0,33,338,1.2237278106508873
2015-12-20,0.53,13.879563512796107,276269.395,204147.3,10346.68,97475.33,72169.92,25305.41,0.0,conventional,2015.0,PhoenixTucson,0,33,338,1.2237278106508873
2015-12-13,0.66,13.718416987864394,276269.395,241774.69,9429.99,110082.85,92028.11,18054.74,0.0,conventional,2015.0,PhoenixTucson,0,33,338,1.2237278106508873
2015-12-06,0.56,13.879563512796107,276269.395,271207.14,13354.8,60258.38,60255.64,2.74,0.0,conventional,2015.0,PhoenixTucson,0,33,338,1.2237278106508873
2015-11-29,0.75,13.493811892737082,276269.395,208439.29,9770.44,57662.53,57662.53,0.0,0.0,conventional,2015.0,PhoenixTucson,0,33,338,1.2237278106508873
2015-11-22,0.77,13.511476151901462,276269.395,220374.84,11102.75,64644.27,63088.81,1555.46,0.0,conventional,2015.0,PhoenixTucson,0,33,338,1.2237278106508873
2015-11-15,0.62,13.825593048400812,276269.395,244820.79,11412.94,63651.99,63178.2,473.79,0.0,conventional,2015.0,PhoenixTucson,0,33,338,1.2237278106508873
2015-11-08,0.6,13.879563512796107,276269.395,234926.57,11555.39,62686.12,62666.63,19.49,0.0,conventional,2015.0,PhoenixTucson,0,33,338,1.2237278106508873
2015-11-01,0.71,13.71839728456327,276269.395,232050.89,15608.55,62363.88,62363.88,0.0,0.0,conventional,2015.0,PhoenixTucson,0,33,338,1.2237278106508873
2015-10-25,0.83,13.54273379409018,276269.395,240689.98,15608.55,64616.17,64585.35,30.82,0.0,conventional,2015.0,PhoenixTucson,0,33,338,1.2237278106508873
2015-10-18,0.65,13.879563512796107,276269.395,287934.77,10255.97,68190.77,68128.99,61.78,0.0,conventional,2015.0,PhoenixTucson,0,33,338,1.2237278106508873
2015-10-11,0.89,13.587019634907891,276269.395,321487.4,15608.55,71958.63,71955.82,2.81,0.0,conventional,2015.0,PhoenixTucson,0,33,338,1.2237278106508873
2015-10-04,0.89,13.495438205084033,276269.395,269015.75,10663.95,82685.54,82685.54,0.0,0.0,conventional,2015.0,PhoenixTucson,0,33,338,1.2237278106508873
2015-09-27,0.91,13.406342607790235,276269.395,229488.26,9974.5,60035.27,59972.02,63.25,0.0,conventional,2015.0,PhoenixTucson,0,33,338,1.2237278106508873
2015-09-20,0.71,13.70139201360072,276269.395,371003.98,6031.4,72211.55,64530.22,7681.33,0.0,conventional,2015.0,PhoenixTucson,0,33,338,1.2237278106508873
2015-09-13,0.71,13.879563512796107,276269.395,294311.71,15399.69,184333.58,74017.75,54881.92,0.0,conventional,2015.0,PhoenixTucson,0,33,338,1.2237278106508873
2015-09-06,0.58,13.879563512796107,276269.395,293505.07,6101.99,153645.11,93116.34,54881.92,0.0,conventional,2015.0,PhoenixTucson,0,33,338,1.2237278106508873
2015-08-30,0.74,13.753408256166338,276269.395,238518.32,5931.86,84814.48,84714.7,99.78,0.0,conventional,2015.0,PhoenixTucson,0,33,338,1.2237278106508873
2015-08-23,0.78,13.680672620753406,276269.395,228549.09,4923.05,77455.61,75885.27,1570.34,0.0,conventional,2015.0,PhoenixTucson,0,33,338,1.2237278106508873
2015-08-16,0.66,13.879563512796107,276269.395,223690.17,8294.96,134721.67,95992.23,38729.44,0.0,conventional,2015.0,PhoenixTucson,0,33,338,1.2237278106508873
2015-08-09,0.79,13.797322228587792,276269.395,228961.24,7040.81,124788.86,79670.22,45118.64,0.0,conventional,2015.0,PhoenixTucson,0,33,338,1.2237278106508873
2015-08-02,0.78,13.760916031026133,276269.395,205131.07,5261.65,124508.92,80224.04,44284.88,0.0,conventional,2015.0,PhoenixTucson,0,33,338,1.2237278106508873
2015-07-26,0.77,13.713747142754205,276269.395,204147.69,8805.55,110773.22,77011.19,33762.03,0.0,conventional,2015.0,PhoenixTucson,0,33,338,1.2237278106508873
2015-07-19,0.76,13.741434636066167,276269.395,200732.5,4302.29,115356.09,84065.18,31290.91,0.0,conventional,2015.0,PhoenixTucson,0,33,338,1.2237278106508873
2015-07-12,0.7,13.830959102336859,276269.395,201234.96,4759.57,120165.04,84710.72,35134.88,319.44,conventional,2015.0,PhoenixTucson,0,33,338,1.2237278106508873
2015-07-05,0.56,13.879563512796107,276269.395,220124.25,5251.74,135007.13,98977.04,36030.09,0.0,conventional,2015.0,PhoenixTucson,0,33,338,1.2237278106508873
2015-06-28,0.7,13.77000215143269,276269.395,176318.03,4419.34,106701.94,84853.81,21848.13,0.0,conventional,2015.0,PhoenixTucson,0,33,338,1.2237278106508873
2015-06-21,0.54,13.879563512796107,276269.395,188115.35,4910.71,122109.28,99129.04,22980.24,0.0,conventional,2015.0,PhoenixTucson,0,33,338,1.2237278106508873
2015-06-14,0.53,13.879563512796107,276269.395,180388.89,4263.45,122309.95,94240.24,28069.71,0.0,conventional,2015.0,PhoenixTucson,0,33,338,1.2237278106508873
2015-06-07,0.52,13.879563512796107,276269.395,199669.94,4499.84,122272.51,90030.35,32242.16,0.0,conventional,2015.0,PhoenixTucson,0,33,338,1.2237278106508873
2015-05-31,0.56,13.879563512796107,276269.395,177850.55,10400.82,111990.65,81585.03,30405.62,0.0,conventional,2015.0,PhoenixTucson,0,33,338,1.2237278106508873
2015-05-24,0.58,13.879563512796107,276269.395,180676.87,6013.78,106093.45,84441.02,21652.43,0.0,conventional,2015.0,PhoenixTucson,0,33,338,1.2237278106508873
2015-05-17,0.67,13.82847680172321,276269.395,167185.6,4706.99,101431.12,77703.34,23727.78,0.0,conventional,2015.0,PhoenixTucson,0,33,338,1.2237278106508873
2015-05-10,0.67,13.879563512796107,276269.395,182956.41,4878.68,108781.92,77196.88,31585.04,0.0,conventional,2015.0,PhoenixTucson,0,33,338,1.2237278106508873
2015-05-03,0.6,13.879563512796107,276269.395,256791.72,5692.05,104421.65,80245.0,23882.21,294.44,conventional,2015.0,PhoenixTucson,0,33,338,1.2237278106508873
2015-04-26,0.53,13.879563512796107,276269.395,159158.29,5832.62,94537.77,76637.06,17900.71,0.0,conventional,2015.0,PhoenixTucson,0,33,338,1.2237278106508873
2015-04-19,0.51,13.879563512796107,276269.395,164460.99,7534.3,97564.37,44646.67,52917.7,0.0,conventional,2015.0,PhoenixTucson,0,33,338,1.2237278106508873
2015-04-12,0.66,13.834608593957036,276269.395,181417.77,5732.19,85777.92,39455.85,46322.07,0.0,conventional,2015.0,PhoenixTucson,0,33,338,1.2237278106508873
2015-04-05,0.57,13.879563512796107,276269.395,172115.69,7128.12,82912.63,49271.61,33641.02,0.0,conventional,2015.0,PhoenixTucson,0,33,338,1.2237278106508873
2015-03-29,0.57,13.879563512796107,276269.395,157108.31,8638.85,67462.2,43759.93,23702.27,0.0,conventional,2015.0,PhoenixTucson,0,33,338,1.2237278106508873
2015-03-22,0.71,13.879563512796107,276269.395,208871.24,6035.48,60883.78,60874.89,8.89,0.0,conventional,2015.0,PhoenixTucson,0,33,338,1.2237278106508873
2015-03-15,0.6,13.879563512796107,276269.395,149254.65,6041.54,67422.51,67422.51,0.0,0.0,conventional,2015.0,PhoenixTucson,0,33,338,1.2237278106508873
2015-03-08,0.72,13.85680651054866,276269.395,143842.58,5737.48,68487.04,68487.04,0.0,0.0,conventional,2015.0,PhoenixTucson,0,33,338,1.2237278106508873
2015-03-01,0.7,13.846381440799055,276269.395,198955.65,12551.58,64435.76,64435.76,0.0,0.0,conventional,2015.0,PhoenixTucson,0,33,338,1.2237278106508873
2015-02-22,0.63,13.879563512796107,276269.395,163229.81,6791.95,67730.71,67727.1,3.61,0.0,conventional,2015.0,PhoenixTucson,0,33,338,1.2237278106508873
2015-02-15,0.6,13.879563512796107,276269.395,143378.43,5938.72,71351.98,71344.45,7.53,0.0,conventional,2015.0,PhoenixTucson,0,33,338,1.2237278106508873
2015-02-08,0.64,13.879563512796107,276269.395,184023.21,5517.0,79618.55,79618.55,0.0,0.0,conventional,2015.0,PhoenixTucson,0,33,338,1.2237278106508873
2015-02-01,0.56,13.879563512796107,276269.395,261342.47,6335.66,82437.73,82437.73,0.0,0.0,conventional,2015.0,PhoenixTucson,0,33,338,1.2237278106508873
2015-01-25,0.61,13.879563512796107,276269.395,150640.9,5034.13,75561.02,75558.47,2.55,0.0,conventional,2015.0,PhoenixTucson,0,33,338,1.2237278106508873
2015-01-18,0.67,13.879563512796107,276269.395,200514.36,5643.07,70788.61,70788.61,0.0,0.0,conventional,2015.0,PhoenixTucson,0,33,338,1.2237278106508873
2015-01-11,0.61,13.879563512796107,276269.395,182629.59,12237.43,66305.28,66305.28,0.0,0.0,conventional,2015.0,PhoenixTucson,0,33,338,1.2237278106508873
2015-01-04,0.65,13.862454409222705,276269.395,178418.32,6509.41,92499.06,92499.06,0.0,0.0,conventional,2015.0,PhoenixTucson,0,33,338,1.2237278106508873
