assignement2/avocado_encoded.csv
Date,AveragePrice,Total Volume,4046,4225,4770,Total Bags,Small Bags,Large Bags,XLarge Bags,type,year,region,type_label,region_ordinal,region_frequency,region_target
2015-12-27,1.25,11.199732745429072,1241.48,45856.11,951.32,25060.99,17512.17,7392.15,156.67,conventional,2015.0,Pittsburgh,0,34,338,1.3643195266272197
2015-12-20,1.22,11.14148185634372,1176.24,40726.41,1003.63,26066.51,17094.03,8749.15,223.33,conventional,2015.0,Pittsburgh,0,34,338,1.3643195266272197
2015-12-13,1.19,11.087263874014967,1219.9,38684.45,959.83,24468.56,15525.47,8943.09,0.0,conventional,2015.0,Pittsburgh,0,34,338,1.3643195266272197
2015-12-06,1.21,11.032810568721798,1712.54,41481.83,1081.56,17594.3,8739.98,8854.32,0.0,conventional,2015.0,Pittsburgh,0,34,338,1.3643195266272197
2015-11-29,1.26,10.911091578205967,1443.95,35859.3,958.7,16517.66,7946.78,8570.88,0.0,conventional,2015.0,Pittsburgh,0,34,338,1.3643195266272197
2015-11-22,1.3,11.056376356360493,1584.89,42392.76,1119.61,18248.33,12552.12,5696.21,0.0,conventional,2015.0,Pittsburgh,0,34,338,1.3643195266272197
2015-11-15,1.24,11.074727742402644,1179.87,42966.81,979.92,19392.22,13712.24,5679.98,0.0,conventional,2015.0,Pittsburgh,0,34,338,1.3643195266272197
2015-11-08,0.93,11.723917808477399,1423.35,85217.83,2313.9,34534.21,13430.34,21103.87,0.0,conventional,2015.0,Pittsburgh,0,34,338,1.3643195266272197
2015-11-01,1.16,11.309277753701725,1523.62,60507.97,1706.56,17835.82,12000.07,5835.75,0.0,conventional,2015.0,Pittsburgh,0,34,338,1.3643195266272197
2015-10-25,1.22,11.14465093375947,2301.4,40984.47,1289.08,24616.77,13587.31,11029.46,0.0,conventional,2015.0,Pittsburgh,0,34,338,1.3643195266272197
2015-10-18,1.23,11.158160838070598,1700.52,43226.31,1465.61,23740.41,13949.01,9791.4,0.0,conventional,2015.0,Pittsburgh,0,34,338,1.3643195266272197
2015-10-11,0.96,11.33922139078568,981.32,59821.03,1535.63,21715.58,14948.34,6767.24,0.0,conventional,2015.0,Pittsburgh,0,34,338,1.3643195266272197
2015-10-04,0.99,11.402429786905936,1068.04,69555.83,2321.1,16593.05,13300.88,3292.17,0.0,conventional,2015.0,Pittsburgh,0,34,338,1.3643195266272197
2015-09-27,1.11,11.424747262049367,815.05,62972.23,1852.47,25919.02,14361.09,11557.93,0.0,conventional,2015.0,Pittsburgh,0,34,338,1.3643195266272197
2015-09-20,1.19,11.222937001508978,1137.38,44085.07,1176.81,28426.96,19393.09,9033.87,0.0,conventional,2015.0,Pittsburgh,0,34,338,1.3643195266272197
2015-09-13,1.16,11.224755940399632,1340.03,43000.49,998.6,29623.33,21080.82,8542.51,0.0,conventional,2015.0,Pittsburgh,0,34,338,1.3643195266272197
2015-09-06,1.12,11.645860855020494,1158.99,78578.82,2074.97,32403.84,23118.99,9284.85,0.0,conventional,2015.0,Pittsburgh,0,34,338,1.3643195266272197
2015-08-30,1.37,11.21870231289173,1493.6,40727.85,3632.29,28656.28,20079.07,8573.41,3.8,conventional,2015.0,Pittsburgh,0,34,338,1.3643195266272197
2015-08-23,1.2,11.328967890629082,1411.93,51014.61,1714.56,29055.01,18577.69,10477.32,0.0,conventional,2015.0,Pittsburgh,0,34,338,1.3643195266272197
2015-08-16,1.23,11.381547637473064,1314.23,53769.39,1381.07,31222.95,21335.31,9887.64,0.0,conventional,2015.0,Pittsburgh,0,34,338,1.3643195266272197
2015-08-09,0.96,11.89089158462976,1306.17,99815.2,3021.58,41787.4,26618.86,15168.54,0.0,conventional,2015.0,Pittsburgh,0,34,338,1.3643195266272197
2015-08-02,1.43,11.220990361188749,1309.11,42703.28,1151.93,29516.38,23664.27,5852.11,0.0,conventional,2015.0,Pittsburgh,0,34,338,1.3643195266272197
2015-07-26,1.43,11.140954995759971,1421.76,40238.45,1088.54,26187.71,20545.66,5642.05,0.0,conventional,2015.0,Pittsburgh,0,34,338,1.3643195266272197
2015-07-19,1.44,11.202620889106116,1296.93,43696.6,1675.99,26651.84,23700.61,2951.23,0.0,conventional,2015.0,Pittsburgh,0,34,338,1.3643195266272197
2015-07-12,1.48,11.139653695372038,1229.69,40944.72,2652.87,24019.53,21786.27,2221.89,11.37,conventional,2015.0,Pittsburgh,0,34,338,1.3643195266272197
2015-07-05,1.23,11.657722535870374,1635.6,67122.02,5316.06,41505.82,31488.54,10017.28,0.0,conventional,2015.0,Pittsburgh,0,34,338,1.3643195266272197
2015-06-28,1.2,11.623491766978672,1548.14,62790.32,3823.55,43528.03,31542.36,11981.88,3.79,conventional,2015.0,Pittsburgh,0,34,338,1.3643195266272197
2015-06-21,1.34,11.38753274899969,1680.72,43292.93,4210.41,39029.98,29949.74,9080.24,0.0,conventional,2015.0,Pittsburgh,0,34,338,1.3643195266272197
2015-06-14,1.3,11.437280050018316,1614.97,44490.6,3147.67,43460.25,34041.6,9418.65,0.0,conventional,2015.0,Pittsburgh,0,34,338,1.3643195266272197
2015-06-07,1.33,11.345187528351786,1734.03,43816.5,1482.9,37523.11,28434.19,9081.46,7.46,conventional,2015.0,Pittsburgh,0,34,338,1.3643195266272197
2015-05-31,1.32,11.326703230414793,1472.2,45514.38,1439.62,34581.71,24083.06,10498.65,0.0,conventional,2015.0,Pittsburgh,0,34,338,1.3643195266272197
2015-05-24,1.01,12.10719507013007,2157.12,117543.69,3203.21,58265.7,26280.32,31985.38,0.0,conventional,2015.0,Pittsburgh,0,34,338,1.3643195266272197
2015-05-17,1.41,11.355178777249785,1822.43,50365.05,1406.54,31811.59,24984.5,6827.09,0.0,conventional,2015.0,Pittsburgh,0,34,338,1.3643195266272197
2015-05-10,1.46,11.315827878344855,2099.7,48280.34,1279.05,30450.96,23419.51,7031.45,0.0,conventional,2015.0,Pittsburgh,0,34,338,1.3643195266272197
2015-05-03,0.98,12.249237684975581,5264.18,145405.43,5183.12,52968.31,24324.24,28644.07,0.0,conventional,2015.0,Pittsburgh,0,34,338,1.3643195266272197
2015-04-26,1.44,11.28950512535367,1820.06,44304.28,1309.41,32543.11,22762.11,9781.0,0.0,conventional,2015.0,Pittsburgh,0,34,338,1.3643195266272197
2015-04-19,1.49,11.235540329963277,1724.93,43528.57,1286.7,29235.06,29007.2,227.86,0.0,conventional,2015.0,Pittsburgh,0,34,338,1.3643195266272197
2015-04-12,1.5,11.146788323878827,1734.18,38757.55,1180.96,27667.08,27527.96,139.12,0.0,conventional,2015.0,Pittsburgh,0,34,338,1.3643195266272197
2015-04-05,1.29,11.240431730205056,2256.74,48395.44,1645.11,23849.53,23652.54,161.52,35.47,conventional,2015.0,Pittsburgh,0,34,338,1.3643195266272197
2015-03-29,1.25,11.152646892899007,2566.52,51530.22,1503.84,14146.62,14034.79,108.32,3.51,conventional,2015.0,Pittsburgh,0,34,338,1.3643195266272197
2015-03-22,1.23,11.134601432932453,2604.56,46711.0,1370.01,17814.28,10044.46,7769.82,0.0,conventional,2015.0,Pittsburgh,0,34,338,1.3643195266272197
2015-03-15,1.23,11.183139326495638,2450.87,44600.81,1291.66,23563.41,17661.43,5901.98,0.0,conventional,2015.0,Pittsburgh,0,34,338,1.3643195266272197
2015-03-08,0.95,11.981283741365035,2148.75,116151.4,3731.73,37704.08,19742.03,17962.05,0.0,conventional,2015.0,Pittsburgh,0,34,338,1.3643195266272197
2015-03-01,1.25,11.089582037896431,841.5,39074.28,1225.82,24342.77,19985.54,4357.23,0.0,conventional,2015.0,Pittsburgh,0,34,338,1.3643195266272197
2015-02-22,1.26,11.161186746371582,1496.07,42829.11,1187.76,24832.45,19166.04,5666.41,0.0,conventional,2015.0,Pittsburgh,0,34,338,1.3643195266272197
2015-02-15,1.43,11.005673282185382,1773.89,32544.28,1559.04,24336.58,19783.32,4553.26,0.0,conventional,2015.0,Pittsburgh,0,34,338,1.3643195266272197
2015-02-08,1.38,11.102875964575457,1904.73,37355.04,990.22,26110.75,20249.85,5860.9,0.0,conventional,2015.0,Pittsburgh,0,34,338,1.3643195266272197
2015-02-01,1.25,11.62684977642818,2685.5,75345.64,2164.35,31870.24,20561.48,11308.76,0.0,conventional,2015.0,Pittsburgh,0,34,338,1.3643195266272197
2015-01-25,1.32,11.50008122981233,1847.59,70060.41,2397.99,24416.8,17599.77,6817.03,0.0,conventional,2015.0,Pittsburgh,0,34,338,1.3643195266272197
2015-01-18,1.47,10.990584965422018,2147.08,36730.4,1075.26,19359.33,12321.55,7037.78,0.0,conventional,2015.0,Pittsburgh,0,34,338,1.3643195266272197
2015-01-11,1.54,10.908618854073133,1491.88,33759.12,1325.17,18068.15,12165.94,5902.21,0.0,conventional,2015.0,Pittsburgh,0,34,338,1.3643195266272197
2015-01-04,1.52,10.914320896982963,3013.04,35456.88,1561.7,14925.18,11264.8,3660.38,0.0,conventional,2015.0,Pittsburgh,0,34,338,1.3643195266272197
2015-12-27,1.1,13.879563512796107,276269.395,371003.98,15608.55,269325.465,204070.045,24838.63,331.25,conventional,2015.0,Plains,0,35,338,1.4365088757396456
2015-12-20,1.13,13.879563512796107,276269.395,341262.17,15608.55,269325.465,204070.045,16936.24,331.25,conventional,2015.0,Plains,0,35,338,1.4365088757396456
2015-12-13,1.02,13.879563512796107,276269.395,371003.98,15608.55,269325.465,204070.045,28516.98,331.25,conventional,2015.0,Plains,0,35,338,1.4365088757396456
2015-12-06,1.08,13.879563512796107,276269.395,371003.98,13005.11,258550.08,204070.045,13539.44,331.25,conventional,2015.0,Plains,0,35,338,1.4365088757396456
2015-11-29,1.11,13.879563512796107,276269.395,364748.79,10648.01,263489.68,204070.045,14157.64,331.25,conventional,2015.0,Plains,0,35,338,1.4365088757396456
2015-11-22,1.1,13.879563512796107,276269.395,371003.98,15421.83,269325.465,204070.045,16838.2,331.25,conventional,2015.0,Plains,0,35,338,1.4365088757396456
2015-11-15,1.09,13.879563512796107,276269.395,371003.98,15608.55,269325.465,204070.045,16012.74,331.25,conventional,2015.0,Plains,0,35,338,1.4365088757396456
2015-11-08,1.12,13.879563512796107,276269.395,371003.98,15608.55,269325.465,204070.045,16399.34,331.25,conventional,2015.0,Plains,0,35,338,1.4365088757396456
2015-11-01,1.12,13.879563512796107,276269.395,371003.98,15608.55,269325.465,204070.045,13224.58,331.25,conventional,2015.0,Plains,0,35,338,1.4365088757396456
2015-10-25,1.11,13.879563512796107,276269.395,371003.98,15608.55,252026.43,204070.045,13346.37,331.25,conventional,2015.0,Plains,0,35,338,1.4365088757396456
2015-10-18,1.12,13.879563512796107,276269.395,371003.98,14931.07,269325.465,204070.045,13759.12,331.25,conventional,2015.0,Plains,0,35,338,1.4365088757396456
2015-10-11,1.05,13.879563512796107,276269.395,371003.98,14585.67,261635.43,204070.045,11296.81,331.25,conventional,2015.0,Plains,0,35,338,1.4365088757396456
2015-10-04,1.14,13.879563512796107,276269.395,371003.98,15401.65,235041.31,204070.045,10382.51,331.25,conventional,2015.0,Plains,0,35,338,1.4365088757396456
2015-09-27,0.99,13.879563512796107,276269.395,371003.98,14587.65,233797.53,204070.045,10779.94,331.25,conventional,2015.0,Plains,0,35,338,1.4365088757396456
2015-09-20,1.16,13.879563512796107,276269.395,371003.98,15441.14,253447.75,204070.045,15090.36,331.25,conventional,2015.0,Plains,0,35,338,1.4365088757396456
2015-09-13,1.13,13.879563512796107,276269.395,371003.98,15608.55,269325.465,204070.045,19120.68,331.25,conventional,2015.0,Plains,0,35,338,1.4365088757396456
2015-09-06,1.12,13.879563512796107,276269.395,371003.98,15397.86,269325.465,204070.045,17590.29,331.25,conventional,2015.0,Plains,0,35,338,1.4365088757396456
2015-08-30,1.13,13.879563512796107,276269.395,371003.98,14634.43,269325.465,204070.045,18056.86,331.25,conventional,2015.0,Plains,0,35,338,1.4365088757396456
2015-08-23,1.06,13.879563512796107,276269.395,371003.98,15608.55,269325.465,204070.045,10772.67,331.25,conventional,2015.0,Plains,0,35,338,1.4365088757396456
2015-08-16,1.08,13.879563512796107,276269.395,371003.98,14777.59,269325.465,204070.045,13619.13,331.25,conventional,2015.0,Plains,0,35,338,1.4365088757396456
2015-08-09,1.14,13.879563512796107,276269.395,371003.98,15608.55,269325.465,204070.045,13951.38,331.25,conventional,2015.0,Plains,0,35,338,1.4365088757396456
2015-08-02,1.13,13.879563512796107,276269.395,371003.98,15608.55,269325.465,204070.045,13477.89,331.25,conventional,2015.0,Plains,0,35,338,1.4365088757396456
2015-07-26,1.04,13.879563512796107,276269.395,371003.98,15608.55,269325.465,204070.045,21669.83,331.25,conventional,2015.0,Plains,0,35,338,1.4365088757396456
2015-07-19,1.09,13.879563512796107,276269.395,371003.98,15608.55,269325.465,204070.045,14512.26,331.25,conventional,2015.0,Plains,0,35,338,1.4365088757396456
2015-07-12,1.07,13.879563512796107,276269.395,371003.98,14462.47,269325.465,204070.045,12904.75,331.25,conventional,2015.0,Plains,0,35,338,1.4365088757396456
2015-07-05,1.06,13.879563512796107,276269.395,371003.98,15608.55,269325.465,204070.045,15522.11,331.25,conventional,2015.0,Plains,0,35,338,1.4365088757396456
2015-06-28,1.08,13.879563512796107,276269.395,371003.98,15608.55,269325.465,204070.045,12451.24,331.25,conventional,2015.0,Plains,0,35,338,1.4365088757396456
2015-06-21,1.08,13.879563512796107,276269.395,371003.98,15608.55,269325.465,204070.045,15767.87,331.25,conventional,2015.0,Plains,0,35,338,1.4365088757396456
2015-06-14,1.06,13.879563512796107,276269.395,371003.98,15608.55,269325.465,204070.045,9693.84,331.25,conventional,2015.0,Plains,0,35,338,1.4365088757396456
2015-06-07,1.04,13.879563512796107,276269.395,371003.98,15608.55,269325.465,204070.045,1330.64,331.25,conventional,2015.0,Plains,0,35,338,1.4365088757396456
2015-05-31,1.09,13.879563512796107,276269.395,371003.98,11918.96,269325.465,204070.045,902.84,331.25,conventional,2015.0,Plains,0,35,338,1.4365088757396456
2015-05-24,1.03,13.879563512796107,276269.395,371003.98,12148.13,269325.465,204070.045,2828.9,331.25,conventional,2015.0,Plains,0,35,338,1.4365088757396456
2015-05-17,1.06,13.879563512796107,276269.395,371003.98,11424.24,269325.465,204070.045,2567.1,331.25,conventional,2015.0,Plains,0,35,338,1.4365088757396456
2015-05-10,1.03,13.879563512796107,276269.395,371003.98,12270.69,269325.465,204070.045,3874.51,331.25,conventional,2015.0,Plains,0,35,338,1.4365088757396456
2015-05-03,1.01,13.879563512796107,276269.395,371003.98,15608.55,269325.465,204070.045,6744.66,331.25,conventional,2015.0,Plains,0,35,338,1.4365088757396456
2015-04-26,1.13,13.879563512796107,276269.395,371003.98,15608.55,269325.465,204070.045,6240.25,331.25,conventional,2015.0,Plains,0,35,338,1.4365088757396456
2015-04-19,1.12,13.879563512796107,276269.395,371003.98,15608.55,269325.465,204070.045,5725.48,331.25,conventional,2015.0,Plains,0,35,338,1.4365088757396456
2015-04-12,0.97,13.879563512796107,276269.395,371003.98,12343.11,253094.7,204070.045,5726.34,331.25,conventional,2015.0,Plains,0,35,338,1.4365088757396456
2015-04-05,1.13,13.879563512796107,276269.395,371003.98,11645.81,269325.465,204070.045,9584.33,331.25,conventional,2015.0,Plains,0,35,338,1.4365088757396456
2015-03-29,1.08,13.879563512796107,276269.395,371003.98,10085.33,269325.465,204070.045,6846.07,331.25,conventional,2015.0,Plains,0,35,338,1.4365088757396456
2015-03-22,1.09,13.879563512796107,276269.395,371003.98,11548.82,269325.465,204070.045,9411.9,331.25,conventional,2015.0,Plains,0,35,338,1.4365088757396456
2015-03-15,1.1,13.879563512796107,276269.395,371003.98,10344.37,269325.465,204070.045,3729.66,331.25,conventional,2015.0,Plains,0,35,338,1.4365088757396456
2015-03-08,1.11,13.879563512796107,276269.395,371003.98,9283.84,269325.465,204070.045,734.29,331.25,conventional,2015.0,Plains,0,35,338,1.4365088757396456
2015-03-01,1.09,13.879563512796107,276269.395,371003.98,11417.67,269325.465,204070.045,540.74,331.25,conventional,2015.0,Plains,0,35,338,1.4365088757396456
2015-02-22,1.08,13.879563512796107,276269.395,371003.98,15608.55,269325.465,204070.045,860.21,331.25,conventional,2015.0,Plains,0,35,338,1.4365088757396456
2015-02-15,1.05,13.879563512796107,276269.395,371003.98,15608.55,233302.27,204070.045,844.44,331.25,conventional,2015.0,Plains,0,35,338,1.4365088757396456
2015-02-08,0.98,13.879563512796107,276269.395,371003.98,12488.08,214140.34,204070.045,690.66,331.25,conventional,2015.0,Plains,0,35,338,1.4365088757396456
2015-02-01,0.92,13.879563512796107,276269.395,371003.98,13768.85,237852.92,204070.045,1245.73,331.25,conventional,2015.0,Plains,0,35,338,1.4365088757396456
2015-01-25,1.08,13.879563512796107,276269.395,371003.98,14022.68,201319.44,198193.38,1929.49,331.25,conventional,2015.0,Plains,0,35,338,1.4365088757396456
2015-01-18,1.02,13.879563512796107,276269.395,371003.98,14504.7,208774.76,204070.045,1074.3,331.25,conventional,2015.0,Plains,0,35,338,1.4365088757396456
2015-01-11,1.09,13.879563512796107,276269.395,371003.98,10009.45,207260.73,204070.045,954.59,331.25,conventional,2015.0,Plains,0,35,338,1.4365088757396456
2015-01-04,1.01,13.879563512796107,276269.395,371003.98,10476.89,178834.99,177360.2,440.57,331.25,conventional,2015.0,Plains,0,35,338,1.4365088757396456
