assignement2/avocado_encoded.csv
Date,AveragePrice,Total Volume,4046,4225,4770,Total Bags,Small Bags,Large Bags,XLarge Bags,type,year,region,type_label,region_ordinal,region_frequency,region_target
2015-12-27,1.01,12.941300556070395,87748.64,131201.91,15608.55,182057.05,181763.3,44.65,249.1,conventional,2015.0,Portland,0,36,338,1.3097041420118343
2015-12-20,0.98,12.939161048844776,82416.56,134956.77,13276.06,185649.45,185479.46,29.77,140.22,conventional,2015.0,Portland,0,36,338,1.3097041420118343
2015-12-13,0.93,12.969455804599269,94577.23,162734.28,12487.18,159304.83,159009.01,109.68,186.14,conventional,2015.0,Portland,0,36,338,1.3097041420118343
2015-12-06,0.73,13.51948873963742,90996.95,270188.87,13360.01,269325.465,204070.045,4531.76,331.25,conventional,2015.0,Portland,0,36,338,1.3097041420118343
2015-11-29,1.04,12.776541185868242,78566.84,113850.46,13672.29,147728.56,147268.25,89.0,331.25,conventional,2015.0,Portland,0,36,338,1.3097041420118343
2015-11-22,1.03,12.849839070055639,83017.79,131660.3,14806.53,151241.84,150474.71,7.4,331.25,conventional,2015.0,Portland,0,36,338,1.3097041420118343
2015-11-15,0.9,13.250607680470276,83998.38,199356.57,15608.55,268718.74,204070.045,2157.19,331.25,conventional,2015.0,Portland,0,36,338,1.3097041420118343
2015-11-08,1.04,12.915460135467324,100419.74,152265.41,15085.38,138777.63,136935.61,236.07,331.25,conventional,2015.0,Portland,0,36,338,1.3097041420118343
2015-11-01,1.06,12.956253939149489,98262.62,182672.87,11993.63,130546.65,130164.27,123.39,258.99,conventional,2015.0,Portland,0,36,338,1.3097041420118343
2015-10-25,0.91,13.082368457430274,95297.5,191061.91,13673.67,180363.08,178207.01,1322.84,331.25,conventional,2015.0,Portland,0,36,338,1.3097041420118343
2015-10-18,1.05,12.990393370896118,113111.46,188908.15,15608.55,120076.92,119843.01,92.18,141.73,conventional,2015.0,Portland,0,36,338,1.3097041420118343
2015-10-11,0.79,13.396439147526147,84270.47,324386.38,15608.55,217371.85,204070.045,3997.36,331.25,conventional,2015.0,Portland,0,36,338,1.3097041420118343
2015-10-04,1.13,12.95141357244908,104149.05,172302.04,15608.55,99750.32,99417.33,165.46,167.53,conventional,2015.0,Portland,0,36,338,1.3097041420118343
2015-09-27,0.9,13.091077993678448,159779.59,187080.35,13101.24,124637.29,124612.73,1.84,22.72,conventional,2015.0,Portland,0,36,338,1.3097041420118343
2015-09-20,0.94,13.247032692563105,121425.14,291367.4,12831.81,140761.55,140535.44,58.92,167.19,conventional,2015.0,Portland,0,36,338,1.3097041420118343
2015-09-13,1.0,13.190994057974734,222536.88,181246.81,15103.06,116632.54,116569.24,22.02,41.28,conventional,2015.0,Portland,0,36,338,1.3097041420118343
2015-09-06,1.1,13.050350485958614,174913.44,188351.71,13357.86,88635.44,88369.14,231.21,35.09,conventional,2015.0,Portland,0,36,338,1.3097041420118343
2015-08-30,1.14,12.966359461395225,154462.2,186124.73,13235.52,73954.47,73781.04,138.56,34.87,conventional,2015.0,Portland,0,36,338,1.3097041420118343
2015-08-23,1.08,13.209086942980225,153011.47,274926.31,15312.9,102045.9,101670.76,332.04,43.1,conventional,2015.0,Portland,0,36,338,1.3097041420118343
2015-08-16,1.17,13.05172258455481,180693.46,190950.32,15332.72,78920.77,78821.71,94.95,4.11,conventional,2015.0,Portland,0,36,338,1.3097041420118343
2015-08-09,1.19,13.012854000444875,174171.38,185098.36,15608.55,71330.02,71232.22,89.57,8.23,conventional,2015.0,Portland,0,36,338,1.3097041420118343
2015-08-02,1.14,13.124576127466211,193728.54,217474.07,15608.55,69771.31,69761.93,7.32,2.06,conventional,2015.0,Portland,0,36,338,1.3097041420118343
2015-07-26,1.18,12.980800366077778,178906.95,171527.43,15608.55,66375.24,66239.5,135.74,0.0,conventional,2015.0,Portland,0,36,338,1.3097041420118343
2015-07-19,1.18,13.010008502589939,188492.76,180269.35,15608.55,61655.47,56419.16,5228.04,8.27,conventional,2015.0,Portland,0,36,338,1.3097041420118343
2015-07-12,1.02,13.250106864874766,264203.19,187613.16,15608.55,99285.92,88288.73,10900.79,96.4,conventional,2015.0,Portland,0,36,338,1.3097041420118343
2015-07-05,1.19,13.262125389344703,215805.97,273227.27,15608.55,62996.2,59731.74,3256.13,8.33,conventional,2015.0,Portland,0,36,338,1.3097041420118343
2015-06-28,1.16,13.13858133253149,196765.08,223128.51,15608.55,66678.86,66557.46,98.42,22.98,conventional,2015.0,Portland,0,36,338,1.3097041420118343
2015-06-21,1.08,13.27002274848628,170388.26,284787.85,15608.55,91721.74,89830.23,14.83,331.25,conventional,2015.0,Portland,0,36,338,1.3097041420118343
2015-06-14,1.08,13.342111715499644,180452.62,323409.94,15608.55,100409.39,99951.29,393.39,64.71,conventional,2015.0,Portland,0,36,338,1.3097041420118343
2015-06-07,1.16,13.206603767085614,194122.57,239758.46,15608.55,90828.09,90346.52,473.22,8.35,conventional,2015.0,Portland,0,36,338,1.3097041420118343
2015-05-31,1.01,13.305191938982967,249742.24,226577.97,15608.55,106764.41,106687.47,51.91,25.03,conventional,2015.0,Portland,0,36,338,1.3097041420118343
2015-05-24,1.01,13.314701417978812,190231.27,295332.36,15508.11,104967.35,104757.58,136.92,72.85,conventional,2015.0,Portland,0,36,338,1.3097041420118343
2015-05-17,1.06,13.09607209061506,210129.55,162760.11,15608.55,94881.97,94742.82,0.0,139.15,conventional,2015.0,Portland,0,36,338,1.3097041420118343
2015-05-10,0.91,13.422868985733347,241819.96,295585.52,15608.55,121651.82,121155.5,338.86,157.46,conventional,2015.0,Portland,0,36,338,1.3097041420118343
2015-05-03,0.95,13.376106711282107,226738.24,305964.15,15608.55,94925.13,94890.92,7.35,26.86,conventional,2015.0,Portland,0,36,338,1.3097041420118343
2015-04-26,0.95,13.25592096468577,238672.89,224599.46,13860.48,94309.71,94185.46,85.32,38.93,conventional,2015.0,Portland,0,36,338,1.3097041420118343
2015-04-19,0.99,13.322295028931684,144514.6,337188.3,13456.08,115499.66,114658.35,690.46,150.85,conventional,2015.0,Portland,0,36,338,1.3097041420118343
2015-04-12,1.16,12.980118221404695,150701.62,199632.59,15608.55,67404.32,67361.2,43.12,0.0,conventional,2015.0,Portland,0,36,338,1.3097041420118343
2015-04-05,1.22,12.977870758000623,160806.41,178795.8,15608.55,73791.63,73228.59,144.25,331.25,conventional,2015.0,Portland,0,36,338,1.3097041420118343
2015-03-29,1.2,12.903774214102233,162580.71,163122.62,15608.55,57634.42,57229.61,402.85,1.96,conventional,2015.0,Portland,0,36,338,1.3097041420118343
2015-03-22,1.1,12.962621247850167,153885.51,213514.26,15608.55,42332.0,42292.09,37.97,1.94,conventional,2015.0,Portland,0,36,338,1.3097041420118343
2015-03-15,1.21,12.88106519859599,156506.22,160239.43,15608.55,58756.28,58756.28,0.0,0.0,conventional,2015.0,Portland,0,36,338,1.3097041420118343
2015-03-08,1.17,12.947654093602516,147899.8,201529.6,15608.55,52975.38,52751.04,220.46,3.88,conventional,2015.0,Portland,0,36,338,1.3097041420118343
2015-03-01,0.94,13.302609882767431,138994.95,359783.57,15608.55,83724.44,79396.05,4310.94,17.45,conventional,2015.0,Portland,0,36,338,1.3097041420118343
2015-02-22,1.11,13.11238063522592,117115.76,287695.04,15574.43,74647.23,74573.17,74.06,0.0,conventional,2015.0,Portland,0,36,338,1.3097041420118343
2015-02-15,1.23,12.804607013069045,140491.93,153003.62,15608.55,53934.48,51454.09,2472.63,7.76,conventional,2015.0,Portland,0,36,338,1.3097041420118343
2015-02-08,1.08,13.01188463036258,161940.61,232248.98,13386.63,40125.46,38999.96,1125.5,0.0,conventional,2015.0,Portland,0,36,338,1.3097041420118343
2015-02-01,0.98,13.56221565125857,165259.75,371003.98,15608.55,59749.8,48200.04,11547.81,1.95,conventional,2015.0,Portland,0,36,338,1.3097041420118343
2015-01-25,1.09,12.977964137365591,131530.29,229573.27,13384.3,58282.2,40428.06,17854.14,0.0,conventional,2015.0,Portland,0,36,338,1.3097041420118343
2015-01-18,1.11,12.993662834555495,155745.95,220991.54,14692.73,48187.39,34402.17,13785.22,0.0,conventional,2015.0,Portland,0,36,338,1.3097041420118343
2015-01-11,1.05,13.142467273040134,121596.43,292968.56,15608.55,72844.44,64831.61,8012.83,0.0,conventional,2015.0,Portland,0,36,338,1.3097041420118343
2015-01-04,0.97,13.304629699339536,126485.75,371003.98,15608.55,76559.75,61308.73,15251.02,0.0,conventional,2015.0,Portland,0,36,338,1.3097041420118343
2015-12-27,0.96,12.247343947096901,47444.55,86212.38,15608.55,53099.59,52596.72,502.87,0.0,conventional,2015.0,RaleighGreensboro,0,37,338,1.5443491124260351
2015-12-20,0.98,12.152593912178023,43169.56,78630.35,15608.55,46870.95,46617.48,253.47,0.0,conventional,2015.0,RaleighGreensboro,0,37,338,1.5443491124260351
2015-12-13,0.98,12.24350710081281,51042.68,86614.43,15608.55,45929.66,45573.83,355.83,0.0,conventional,2015.0,RaleighGreensboro,0,37,338,1.5443491124260351
2015-12-06,0.97,12.256672979876365,54037.25,84518.32,15608.55,45323.34,45120.91,202.43,0.0,conventional,2015.0,RaleighGreensboro,0,37,338,1.5443491124260351
2015-11-29,0.98,12.132075182654694,49084.79,72843.91,15608.55,41941.45,41606.59,334.86,0.0,conventional,2015.0,RaleighGreensboro,0,37,338,1.5443491124260351
2015-11-22,1.02,12.095610416010562,44120.52,75630.56,15608.55,33965.32,33573.06,392.26,0.0,conventional,2015.0,RaleighGreensboro,0,37,338,1.5443491124260351
2015-11-15,1.0,12.384182763317614,52380.29,112379.04,15608.55,35806.16,34671.43,1134.73,0.0,conventional,2015.0,RaleighGreensboro,0,37,338,1.5443491124260351
2015-11-08,1.07,12.317459312410927,61118.97,68546.36,15608.55,41447.22,39551.73,1895.49,0.0,conventional,2015.0,RaleighGreensboro,0,37,338,1.5443491124260351
2015-11-01,1.12,12.343794726192668,56638.78,60350.15,15608.55,48799.78,46809.56,1990.22,0.0,conventional,2015.0,RaleighGreensboro,0,37,338,1.5443491124260351
2015-10-25,1.22,12.20218349256951,52737.98,50170.35,15608.55,46227.43,44925.95,1301.48,0.0,conventional,2015.0,RaleighGreensboro,0,37,338,1.5443491124260351
2015-10-18,1.23,12.290331851268478,49804.3,64754.24,15608.55,49953.39,48619.54,1333.85,0.0,conventional,2015.0,RaleighGreensboro,0,37,338,1.5443491124260351
2015-10-11,1.17,12.313166712718889,47887.85,54545.59,15608.55,50755.47,48621.59,2133.88,0.0,conventional,2015.0,RaleighGreensboro,0,37,338,1.5443491124260351
2015-10-04,1.29,12.142566497978228,48417.65,56829.33,15608.55,36510.5,34300.9,2209.6,0.0,conventional,2015.0,RaleighGreensboro,0,37,338,1.5443491124260351
2015-09-27,1.12,12.314258172084475,47076.74,71030.22,15608.55,35429.8,33593.74,1836.06,0.0,conventional,2015.0,RaleighGreensboro,0,37,338,1.5443491124260351
2015-09-20,1.22,12.28543972501838,50149.22,63790.55,15608.55,55341.44,52100.42,3241.02,0.0,conventional,2015.0,RaleighGreensboro,0,37,338,1.5443491124260351
2015-09-13,1.16,12.383820090339324,63924.76,55553.71,15608.55,81905.93,80146.2,1759.73,0.0,conventional,2015.0,RaleighGreensboro,0,37,338,1.5443491124260351
2015-09-06,1.04,12.616996858904253,56439.41,83271.26,15608.55,84577.81,83519.16,1058.65,0.0,conventional,2015.0,RaleighGreensboro,0,37,338,1.5443491124260351
2015-08-30,1.16,12.443430453932812,52246.02,61767.29,15608.55,97524.71,97342.36,182.35,0.0,conventional,2015.0,RaleighGreensboro,0,37,338,1.5443491124260351
2015-08-23,1.13,12.535299878954305,50939.49,68496.4,15608.55,111927.84,111602.1,325.74,0.0,conventional,2015.0,RaleighGreensboro,0,37,338,1.5443491124260351
2015-08-16,1.23,12.393057230158107,50360.32,59216.72,15608.55,83623.99,83231.2,392.79,0.0,conventional,2015.0,RaleighGreensboro,0,37,338,1.5443491124260351
2015-08-09,1.23,12.363382757662215,42925.31,65067.83,15608.55,81636.45,81028.63,607.82,0.0,conventional,2015.0,RaleighGreensboro,0,37,338,1.5443491124260351
2015-08-02,1.22,12.401843602308324,49760.49,64419.93,15608.55,84548.09,84232.28,315.81,0.0,conventional,2015.0,RaleighGreensboro,0,37,338,1.5443491124260351
2015-07-26,1.2,12.355379541727018,50568.58,52944.26,15608.55,87245.46,87050.05,195.41,0.0,conventional,2015.0,RaleighGreensboro,0,37,338,1.5443491124260351
2015-07-19,1.2,12.415174998993402,46281.36,63762.88,15608.55,91422.77,90363.6,1059.17,0.0,conventional,2015.0,RaleighGreensboro,0,37,338,1.5443491124260351
2015-07-12,1.19,12.417824153222625,38293.85,78845.11,15608.55,87823.46,86455.56,1367.9,0.0,conventional,2015.0,RaleighGreensboro,0,37,338,1.5443491124260351
2015-07-05,1.16,12.52696529098685,42042.96,103086.21,15608.55,89649.71,88239.15,1410.56,0.0,conventional,2015.0,RaleighGreensboro,0,37,338,1.5443491124260351
2015-06-28,1.17,12.452631506225345,39793.34,84150.14,15608.55,86923.34,86724.24,199.1,0.0,conventional,2015.0,RaleighGreensboro,0,37,338,1.5443491124260351
2015-06-21,1.17,12.484603144786934,45414.99,87728.29,15608.55,89724.0,89158.23,565.77,0.0,conventional,2015.0,RaleighGreensboro,0,37,338,1.5443491124260351
2015-06-14,1.11,12.56659554657684,60157.22,95409.49,15608.55,89973.86,89685.43,288.43,0.0,conventional,2015.0,RaleighGreensboro,0,37,338,1.5443491124260351
2015-06-07,1.14,12.468352906469466,73208.0,61502.61,15608.55,83374.53,82782.86,591.67,0.0,conventional,2015.0,RaleighGreensboro,0,37,338,1.5443491124260351
2015-05-31,1.16,12.477204248931722,77231.53,60701.02,15608.55,80818.61,80542.5,276.11,0.0,conventional,2015.0,RaleighGreensboro,0,37,338,1.5443491124260351
2015-05-24,1.21,12.495092959637015,58855.6,80893.32,15608.55,77201.14,76580.12,621.02,0.0,conventional,2015.0,RaleighGreensboro,0,37,338,1.5443491124260351
2015-05-17,1.16,12.487145198149976,77565.86,64994.1,15608.55,81190.15,80610.84,579.31,0.0,conventional,2015.0,RaleighGreensboro,0,37,338,1.5443491124260351
2015-05-10,1.11,12.497460169309786,76699.18,60772.22,15608.55,92389.81,91891.14,498.67,0.0,conventional,2015.0,RaleighGreensboro,0,37,338,1.5443491124260351
2015-05-03,1.01,12.723274517749,70984.75,108604.01,15608.55,75045.87,73838.89,1147.26,59.72,conventional,2015.0,RaleighGreensboro,0,37,338,1.5443491124260351
2015-04-26,1.16,12.466991866424932,75695.92,62292.95,15608.55,82673.58,81554.51,978.79,140.28,conventional,2015.0,RaleighGreensboro,0,37,338,1.5443491124260351
2015-04-19,1.13,12.450733236049214,67458.77,58452.52,15608.55,93048.28,92654.74,393.54,0.0,conventional,2015.0,RaleighGreensboro,0,37,338,1.5443491124260351
2015-04-12,1.1,12.524477139072927,71379.06,72736.73,15608.55,93425.98,92113.02,1312.96,0.0,conventional,2015.0,RaleighGreensboro,0,37,338,1.5443491124260351
2015-04-05,1.12,12.411023345962615,68933.47,53335.28,15608.55,86015.69,85179.62,836.07,0.0,conventional,2015.0,RaleighGreensboro,0,37,338,1.5443491124260351
2015-03-29,1.23,12.384190545994803,56270.21,71237.73,15608.55,67329.3,66273.35,1055.95,0.0,conventional,2015.0,RaleighGreensboro,0,37,338,1.5443491124260351
2015-03-22,1.19,12.40762211384924,78241.83,60049.35,15608.55,68437.27,67695.64,741.63,0.0,conventional,2015.0,RaleighGreensboro,0,37,338,1.5443491124260351
2015-03-15,1.18,12.439278759023145,66629.12,71027.65,15608.55,68301.38,68114.58,186.8,0.0,conventional,2015.0,RaleighGreensboro,0,37,338,1.5443491124260351
2015-03-08,1.24,12.200562844415328,41324.65,54059.83,15608.55,65638.05,65493.35,144.7,0.0,conventional,2015.0,RaleighGreensboro,0,37,338,1.5443491124260351
2015-03-01,1.2,12.286926239730963,57245.09,55213.6,15608.55,68052.73,67743.53,309.2,0.0,conventional,2015.0,RaleighGreensboro,0,37,338,1.5443491124260351
2015-02-22,1.11,12.463538316069133,65910.74,69081.33,15608.55,54365.07,53806.04,559.03,0.0,conventional,2015.0,RaleighGreensboro,0,37,338,1.5443491124260351
2015-02-15,1.21,12.348583588547015,66005.8,55126.76,15608.55,60996.87,49618.45,11378.42,0.0,conventional,2015.0,RaleighGreensboro,0,37,338,1.5443491124260351
2015-02-08,1.14,12.312614423223202,68078.13,47671.39,15608.55,73022.33,62051.18,10971.15,0.0,conventional,2015.0,RaleighGreensboro,0,37,338,1.5443491124260351
2015-02-01,0.99,12.749239081651623,79507.9,115316.24,15608.55,61014.39,41191.91,19822.48,0.0,conventional,2015.0,RaleighGreensboro,0,37,338,1.5443491124260351
2015-01-25,1.16,12.359986968856006,61158.75,59374.75,15608.55,76676.23,63206.25,13469.98,0.0,conventional,2015.0,RaleighGreensboro,0,37,338,1.5443491124260351
2015-01-18,1.22,12.22835254498957,48613.54,55881.05,15608.55,60466.47,46298.95,14167.52,0.0,conventional,2015.0,RaleighGreensboro,0,37,338,1.5443491124260351
2015-01-11,1.24,12.2344738362504,43986.78,54185.12,15608.55,66316.08,50818.2,15497.88,0.0,conventional,2015.0,RaleighGreensboro,0,37,338,1.5443491124260351
2015-01-04,1.2,12.30631364881919,53316.16,72178.46,15608.55,55663.83,44040.64,11623.19,0.0,conventional,2015.0,RaleighGreensboro,0,37,338,1.5443491124260351
