assignement2/avocado_encoded.csv
Date,AveragePrice,Total Volume,4046,4225,4770,Total Bags,Small Bags,Large Bags,XLarge Bags,type,year,region,type_label,region_ordinal,region_frequency,region_target
2015-12-27,0.98,11.992746990557494,46837.66,67974.89,5986.26,40778.79,40770.1,3.44,5.25,conventional,2015.0,RichmondNorfolk,0,38,338,1.2913313609467465
2015-12-20,0.99,11.975849593583481,45598.33,73851.02,5425.25,33995.68,33982.55,5.25,7.88,conventional,2015.0,RichmondNorfolk,0,38,338,1.2913313609467465
2015-12-13,0.98,12.06900225517688,57804.67,75113.57,7096.7,34365.83,34365.83,0.0,0.0,conventional,2015.0,RichmondNorfolk,0,38,338,1.2913313609467465
2015-12-06,0.98,12.082390984639492,65474.44,77494.48,7028.58,26733.72,26727.63,6.09,0.0,conventional,2015.0,RichmondNorfolk,0,38,338,1.2913313609467465
2015-11-29,0.99,11.8560950811356,46757.26,65442.13,5499.99,23240.4,23240.4,0.0,0.0,conventional,2015.0,RichmondNorfolk,0,38,338,1.2913313609467465
2015-11-22,1.01,11.906614101845383,44462.58,69493.08,6545.55,27741.68,27736.4,2.64,2.64,conventional,2015.0,RichmondNorfolk,0,38,338,1.2913313609467465
2015-11-15,0.94,12.200734573340435,57421.46,101470.66,9940.86,30101.25,29466.63,634.62,0.0,conventional,2015.0,RichmondNorfolk,0,38,338,1.2913313609467465
2015-11-08,0.95,12.220138111449947,83635.77,76222.46,12315.03,30658.71,29783.15,875.56,0.0,conventional,2015.0,RichmondNorfolk,0,38,338,1.2913313609467465
2015-11-01,1.0,12.268368669775045,72020.73,93880.64,15608.55,30561.3,29676.86,884.44,0.0,conventional,2015.0,RichmondNorfolk,0,38,338,1.2913313609467465
2015-10-25,1.02,12.102472246624314,68613.89,70131.72,13184.36,28386.13,27568.35,817.78,0.0,conventional,2015.0,RichmondNorfolk,0,38,338,1.2913313609467465
2015-10-18,1.0,12.28867620987101,70405.4,106053.96,13205.22,27556.65,27252.31,280.0,24.34,conventional,2015.0,RichmondNorfolk,0,38,338,1.2913313609467465
2015-10-11,1.01,12.16646069985543,61756.93,85083.67,15608.55,29386.28,28741.43,617.78,27.07,conventional,2015.0,RichmondNorfolk,0,38,338,1.2913313609467465
2015-10-04,1.04,12.2101756666151,67267.71,91381.65,11357.4,30814.53,30425.15,389.38,0.0,conventional,2015.0,RichmondNorfolk,0,38,338,1.2913313609467465
2015-09-27,0.97,12.224286609608152,61853.71,101484.98,15608.55,23905.77,23139.55,766.22,0.0,conventional,2015.0,RichmondNorfolk,0,38,338,1.2913313609467465
2015-09-20,1.04,12.184560203333238,76712.59,72627.68,11692.02,34710.17,34070.17,640.0,0.0,conventional,2015.0,RichmondNorfolk,0,38,338,1.2913313609467465
2015-09-13,1.01,12.342444761975429,86208.18,89290.69,9499.01,44222.78,43507.62,715.16,0.0,conventional,2015.0,RichmondNorfolk,0,38,338,1.2913313609467465
2015-09-06,0.98,12.440569147526688,72054.13,112958.68,15608.55,48355.89,48304.3,48.89,2.7,conventional,2015.0,RichmondNorfolk,0,38,338,1.2913313609467465
2015-08-30,1.06,12.269619299930525,70639.52,86152.24,10562.29,45766.79,45766.79,0.0,0.0,conventional,2015.0,RichmondNorfolk,0,38,338,1.2913313609467465
2015-08-23,1.04,12.354817770205146,76650.45,96308.77,12155.66,46959.56,46959.56,0.0,0.0,conventional,2015.0,RichmondNorfolk,0,38,338,1.2913313609467465
2015-08-16,1.05,12.313569357894249,70382.17,95071.56,12570.49,44672.22,44672.22,0.0,0.0,conventional,2015.0,RichmondNorfolk,0,38,338,1.2913313609467465
2015-08-09,1.06,12.285721691113572,72133.51,87338.9,12731.89,44376.09,44376.09,0.0,0.0,conventional,2015.0,RichmondNorfolk,0,38,338,1.2913313609467465
2015-08-02,1.05,12.369494344908569,76879.31,101904.61,13008.81,43712.9,43712.9,0.0,0.0,conventional,2015.0,RichmondNorfolk,0,38,338,1.2913313609467465
2015-07-26,1.03,12.314406107600204,74157.71,86910.45,11762.3,50052.4,50052.4,0.0,0.0,conventional,2015.0,RichmondNorfolk,0,38,338,1.2913313609467465
2015-07-19,1.02,12.325014698155716,74921.22,84052.93,12403.89,53881.89,53877.92,3.97,0.0,conventional,2015.0,RichmondNorfolk,0,38,338,1.2913313609467465
2015-07-12,1.02,12.365508477162356,80375.78,90573.83,12718.46,50900.73,50740.73,160.0,0.0,conventional,2015.0,RichmondNorfolk,0,38,338,1.2913313609467465
2015-07-05,1.01,12.56923184616365,94880.31,118022.58,15212.24,59456.82,58905.71,551.11,0.0,conventional,2015.0,RichmondNorfolk,0,38,338,1.2913313609467465
2015-06-28,1.0,12.372483842816298,78419.44,90965.34,11394.34,55431.61,55427.17,4.44,0.0,conventional,2015.0,RichmondNorfolk,0,38,338,1.2913313609467465
2015-06-21,1.01,12.487197403208818,95486.41,99696.48,11120.6,58619.28,58619.28,0.0,0.0,conventional,2015.0,RichmondNorfolk,0,38,338,1.2913313609467465
2015-06-14,0.98,12.575191768492164,102242.31,113772.11,10989.87,62286.69,62286.69,0.0,0.0,conventional,2015.0,RichmondNorfolk,0,38,338,1.2913313609467465
2015-06-07,1.02,12.423790504359223,84737.37,90992.27,10333.21,62583.4,61701.18,882.22,0.0,conventional,2015.0,RichmondNorfolk,0,38,338,1.2913313609467465
2015-05-31,1.02,12.508404718266235,102486.76,98090.75,11466.99,58556.59,53587.7,4968.89,0.0,conventional,2015.0,RichmondNorfolk,0,38,338,1.2913313609467465
2015-05-24,1.03,12.543407724081915,91042.47,116589.43,13055.11,59553.69,56304.95,3246.13,2.61,conventional,2015.0,RichmondNorfolk,0,38,338,1.2913313609467465
2015-05-17,1.04,12.478046664963506,91276.43,103883.14,11273.72,56076.29,52612.5,3458.56,5.23,conventional,2015.0,RichmondNorfolk,0,38,338,1.2913313609467465
2015-05-10,1.06,12.4800183546441,72224.74,115679.54,11036.66,64086.74,57579.67,6507.07,0.0,conventional,2015.0,RichmondNorfolk,0,38,338,1.2913313609467465
2015-05-03,0.99,12.58705795340181,89712.71,128429.41,15608.55,53432.41,51895.62,1238.18,298.61,conventional,2015.0,RichmondNorfolk,0,38,338,1.2913313609467465
2015-04-26,1.11,12.369666214895627,76765.23,97538.87,11133.44,50108.57,49595.75,390.6,122.22,conventional,2015.0,RichmondNorfolk,0,38,338,1.2913313609467465
2015-04-19,1.1,12.352949261960768,75898.29,91143.24,10864.49,53735.19,53008.05,727.14,0.0,conventional,2015.0,RichmondNorfolk,0,38,338,1.2913313609467465
2015-04-12,1.11,12.269204427674255,60609.49,96301.96,9863.28,46257.71,44510.63,1747.08,0.0,conventional,2015.0,RichmondNorfolk,0,38,338,1.2913313609467465
2015-04-05,1.14,12.310989397739565,69929.43,95585.93,9827.34,46779.93,45789.32,990.61,0.0,conventional,2015.0,RichmondNorfolk,0,38,338,1.2913313609467465
2015-03-29,1.15,12.235413171524007,54695.88,96405.61,11552.86,43299.69,42423.09,876.6,0.0,conventional,2015.0,RichmondNorfolk,0,38,338,1.2913313609467465
2015-03-22,1.12,12.269460411052409,61853.48,91980.03,10380.07,48873.4,48817.84,55.56,0.0,conventional,2015.0,RichmondNorfolk,0,38,338,1.2913313609467465
2015-03-15,1.16,12.255459917109775,66591.48,87711.9,11621.92,44199.13,44199.13,0.0,0.0,conventional,2015.0,RichmondNorfolk,0,38,338,1.2913313609467465
2015-03-08,1.19,12.08696456363764,50712.87,64964.66,10295.75,51568.09,51568.09,0.0,0.0,conventional,2015.0,RichmondNorfolk,0,38,338,1.2913313609467465
2015-03-01,1.13,12.179725538768833,53902.85,83985.84,9840.75,47068.95,47039.78,29.17,0.0,conventional,2015.0,RichmondNorfolk,0,38,338,1.2913313609467465
2015-02-22,1.1,12.327544070707269,75550.59,89874.92,15608.55,43386.55,43046.27,340.28,0.0,conventional,2015.0,RichmondNorfolk,0,38,338,1.2913313609467465
2015-02-15,1.13,12.241684643558116,70877.95,77855.03,10942.01,47574.75,41738.23,5836.52,0.0,conventional,2015.0,RichmondNorfolk,0,38,338,1.2913313609467465
2015-02-08,1.06,12.268525477504475,74594.17,81138.97,7883.33,49271.38,42969.44,6301.94,0.0,conventional,2015.0,RichmondNorfolk,0,38,338,1.2913313609467465
2015-02-01,0.97,12.639354262268435,99429.98,140203.43,15608.55,47141.67,40189.17,6952.5,0.0,conventional,2015.0,RichmondNorfolk,0,38,338,1.2913313609467465
2015-01-25,1.17,12.176062203314647,54046.97,75205.48,8644.27,56189.36,45878.25,10311.11,0.0,conventional,2015.0,RichmondNorfolk,0,38,338,1.2913313609467465
2015-01-18,1.18,12.095361116480074,54459.4,66963.59,9958.28,47657.12,36798.65,10858.47,0.0,conventional,2015.0,RichmondNorfolk,0,38,338,1.2913313609467465
2015-01-11,1.15,12.177989941818963,71743.11,66849.97,10952.11,44915.4,36160.54,8754.86,0.0,conventional,2015.0,RichmondNorfolk,0,38,338,1.2913313609467465
2015-01-04,1.13,12.115595104692845,56293.75,80396.09,9762.41,36245.72,31778.36,4467.36,0.0,conventional,2015.0,RichmondNorfolk,0,38,338,1.2913313609467465
2015-12-27,0.96,11.498683731205313,33255.5,31680.16,152.86,33496.4,32877.16,0.0,331.25,conventional,2015.0,Roanoke,0,39,338,1.2479289940828397
2015-12-20,1.0,11.387181159840862,27512.58,31883.26,116.69,28670.5,27888.28,8.89,331.25,conventional,2015.0,Roanoke,0,39,338,1.2479289940828397
2015-12-13,1.01,11.511795526830506,38378.38,34347.46,127.18,27033.05,27030.08,2.97,0.0,conventional,2015.0,Roanoke,0,39,338,1.2479289940828397
2015-12-06,1.01,11.508123855672725,41191.54,35662.29,100.43,22565.73,22565.73,0.0,0.0,conventional,2015.0,Roanoke,0,39,338,1.2479289940828397
2015-11-29,1.03,11.208232321201676,24165.84,30145.95,114.57,19307.6,19307.6,0.0,0.0,conventional,2015.0,Roanoke,0,39,338,1.2479289940828397
2015-11-22,1.0,11.338154728842714,28956.02,29324.32,163.5,25520.11,25520.11,0.0,0.0,conventional,2015.0,Roanoke,0,39,338,1.2479289940828397
2015-11-15,1.0,11.607597623100188,41213.9,45406.39,99.0,23209.55,23209.55,0.0,0.0,conventional,2015.0,Roanoke,0,39,338,1.2479289940828397
2015-11-08,1.01,11.645054875276658,53190.61,35852.04,135.05,24946.9,24873.75,73.15,0.0,conventional,2015.0,Roanoke,0,39,338,1.2479289940828397
2015-11-01,1.0,11.668218092526915,54831.71,40083.51,177.07,21706.68,20934.8,771.88,0.0,conventional,2015.0,Roanoke,0,39,338,1.2479289940828397
2015-10-25,0.99,11.616361449906252,57250.89,33829.89,153.35,19662.35,19231.66,430.69,0.0,conventional,2015.0,Roanoke,0,39,338,1.2479289940828397
2015-10-18,0.98,11.674343133302465,48540.88,47290.21,115.01,21570.47,21570.47,0.0,0.0,conventional,2015.0,Roanoke,0,39,338,1.2479289940828397
2015-10-11,1.01,11.678531509421338,53713.89,37828.75,151.21,26315.96,26312.88,3.08,0.0,conventional,2015.0,Roanoke,0,39,338,1.2479289940828397
2015-10-04,1.04,11.648225904408314,51177.03,38394.24,126.92,24788.88,24788.88,0.0,0.0,conventional,2015.0,Roanoke,0,39,338,1.2479289940828397
2015-09-27,1.01,11.601631887890797,44983.72,44626.23,84.32,19580.71,19577.65,0.0,3.06,conventional,2015.0,Roanoke,0,39,338,1.2479289940828397
2015-09-20,1.0,11.741525781026368,64728.77,37055.97,128.08,23770.14,23770.14,0.0,0.0,conventional,2015.0,Roanoke,0,39,338,1.2479289940828397
2015-09-13,0.99,11.902387741406269,69411.99,49831.29,180.33,28194.07,28181.85,12.22,0.0,conventional,2015.0,Roanoke,0,39,338,1.2479289940828397
2015-09-06,1.09,11.784468323126715,42757.3,55250.67,139.46,33050.28,33001.48,42.7,6.1,conventional,2015.0,Roanoke,0,39,338,1.2479289940828397
2015-08-30,1.14,11.644436417880367,39821.27,43618.93,261.1,30352.74,29963.27,389.47,0.0,conventional,2015.0,Roanoke,0,39,338,1.2479289940828397
2015-08-23,1.12,11.657972892785999,38976.84,47017.25,318.39,29295.96,27837.68,1458.28,0.0,conventional,2015.0,Roanoke,0,39,338,1.2479289940828397
2015-08-16,1.13,11.642342781376813,40667.35,43698.58,411.16,29038.41,29038.41,0.0,0.0,conventional,2015.0,Roanoke,0,39,338,1.2479289940828397
2015-08-09,1.09,11.664088084989945,45164.18,40962.84,76.24,30114.32,30114.32,0.0,0.0,conventional,2015.0,Roanoke,0,39,338,1.2479289940828397
2015-08-02,1.04,11.716435045165007,48105.03,45920.97,92.49,28450.2,28450.2,0.0,0.0,conventional,2015.0,Roanoke,0,39,338,1.2479289940828397
2015-07-26,1.04,11.68229880423589,48519.87,38794.48,67.53,31073.35,31073.35,0.0,0.0,conventional,2015.0,Roanoke,0,39,338,1.2479289940828397
2015-07-19,1.04,11.730032996111698,48761.54,41554.57,110.24,33820.42,33820.42,0.0,0.0,conventional,2015.0,Roanoke,0,39,338,1.2479289940828397
2015-07-12,1.06,11.76021833985664,50647.98,42235.42,740.63,34430.38,34430.38,0.0,0.0,conventional,2015.0,Roanoke,0,39,338,1.2479289940828397
2015-07-05,1.05,11.903278627314288,54928.79,51261.23,2541.99,39017.24,39017.24,0.0,0.0,conventional,2015.0,Roanoke,0,39,338,1.2479289940828397
2015-06-28,1.04,11.785066473252947,50052.8,43905.58,68.94,37248.89,37248.89,0.0,0.0,conventional,2015.0,Roanoke,0,39,338,1.2479289940828397
2015-06-21,1.05,11.819648624820275,51621.94,47601.83,73.18,36598.52,36598.52,0.0,0.0,conventional,2015.0,Roanoke,0,39,338,1.2479289940828397
2015-06-14,1.02,11.9024971389204,58275.46,50914.84,19.99,38423.54,38416.87,6.67,0.0,conventional,2015.0,Roanoke,0,39,338,1.2479289940828397
2015-06-07,1.05,11.845575190811331,58789.36,41702.47,109.92,38863.12,38372.75,490.37,0.0,conventional,2015.0,Roanoke,0,39,338,1.2479289940828397
2015-05-31,1.06,11.804528764353018,57819.4,41122.46,33.05,34881.28,33050.17,1831.11,0.0,conventional,2015.0,Roanoke,0,39,338,1.2479289940828397
2015-05-24,1.07,11.86551715375774,55748.5,50452.59,99.51,35973.41,34793.39,1180.02,0.0,conventional,2015.0,Roanoke,0,39,338,1.2479289940828397
2015-05-17,1.08,11.815119354799464,55106.27,46302.99,68.28,33803.81,32381.59,1422.22,0.0,conventional,2015.0,Roanoke,0,39,338,1.2479289940828397
2015-05-10,1.09,11.862604252781544,52698.39,52242.5,146.1,36773.19,34415.41,2357.78,0.0,conventional,2015.0,Roanoke,0,39,338,1.2479289940828397
2015-05-03,1.03,11.902880376107698,54015.48,60973.26,120.87,32580.81,32327.48,253.33,0.0,conventional,2015.0,Roanoke,0,39,338,1.2479289940828397
2015-04-26,1.09,11.834186742149493,63041.96,47028.39,81.83,27733.4,27733.4,0.0,0.0,conventional,2015.0,Roanoke,0,39,338,1.2479289940828397
2015-04-19,1.08,11.882184782475191,68391.59,44913.65,146.75,31213.28,30623.78,589.5,0.0,conventional,2015.0,Roanoke,0,39,338,1.2479289940828397
2015-04-12,1.13,11.772978367991007,50246.44,49285.67,130.09,30036.67,28274.78,1761.89,0.0,conventional,2015.0,Roanoke,0,39,338,1.2479289940828397
2015-04-05,1.19,11.708251512302725,48155.42,44874.21,258.54,28281.56,27849.27,432.29,0.0,conventional,2015.0,Roanoke,0,39,338,1.2479289940828397
2015-03-29,1.13,11.675582604916501,46540.34,46915.77,110.35,24095.86,22961.86,1134.0,0.0,conventional,2015.0,Roanoke,0,39,338,1.2479289940828397
2015-03-22,1.09,11.748288691019928,51584.99,46659.25,102.64,28188.95,28170.39,15.56,3.0,conventional,2015.0,Roanoke,0,39,338,1.2479289940828397
2015-03-15,1.12,11.687932418493965,47388.04,43327.94,73.88,28334.59,27985.7,348.89,0.0,conventional,2015.0,Roanoke,0,39,338,1.2479289940828397
2015-03-08,1.16,11.623604034677985,43783.88,36289.08,81.58,31548.04,31447.87,100.17,0.0,conventional,2015.0,Roanoke,0,39,338,1.2479289940828397
2015-03-01,1.11,11.617213495721662,45568.34,38348.5,79.57,26994.6,26965.71,28.89,0.0,conventional,2015.0,Roanoke,0,39,338,1.2479289940828397
2015-02-22,1.09,11.75866389846876,55931.84,45806.33,43.06,26074.28,25882.69,191.59,0.0,conventional,2015.0,Roanoke,0,39,338,1.2479289940828397
2015-02-15,1.07,11.827385632418034,68986.21,39203.72,87.02,28674.03,26632.49,2041.54,0.0,conventional,2015.0,Roanoke,0,39,338,1.2479289940828397
2015-02-08,1.02,11.888957642914624,78195.76,38763.75,134.25,28554.64,25981.67,2572.97,0.0,conventional,2015.0,Roanoke,0,39,338,1.2479289940828397
2015-02-01,1.0,12.033020316404135,71867.81,65784.29,93.81,30471.81,27117.84,3353.97,0.0,conventional,2015.0,Roanoke,0,39,338,1.2479289940828397
2015-01-25,1.15,11.720518166159744,48244.28,41412.29,103.6,33310.01,29161.12,4148.89,0.0,conventional,2015.0,Roanoke,0,39,338,1.2479289940828397
2015-01-18,1.18,11.627209497359278,44676.56,37854.42,117.98,29457.09,25952.51,3504.58,0.0,conventional,2015.0,Roanoke,0,39,338,1.2479289940828397
2015-01-11,1.16,11.63723665688169,45706.36,37629.54,57.82,29842.1,26555.99,3286.11,0.0,conventional,2015.0,Roanoke,0,39,338,1.2479289940828397
2015-01-04,1.13,11.601082851706431,48285.15,37562.78,34.1,23332.97,21582.97,1750.0,0.0,conventional,2015.0,Roanoke,0,39,338,1.2479289940828397
