assignement2/avocado_encoded.csv
Date,AveragePrice,Total Volume,4046,4225,4770,Total Bags,Small Bags,Large Bags,XLarge Bags,type,year,region,type_label,region_ordinal,region_frequency,region_target
2015-12-27,0.98,12.908532874714176,98482.89,249362.94,13805.3,42090.49,42084.71,5.78,0.0,conventional,2015.0,Sacramento,0,40,338,1.619615384615385
2015-12-20,1.0,12.862345835228874,99604.61,224843.47,15608.55,45152.67,45138.23,8.66,5.78,conventional,2015.0,Sacramento,0,40,338,1.619615384615385
2015-12-13,1.0,12.839180342421963,94854.9,221627.68,15608.55,43253.61,43250.73,2.88,0.0,conventional,2015.0,Sacramento,0,40,338,1.619615384615385
2015-12-06,1.07,12.670690642005805,82537.98,184349.52,12748.39,38644.34,38638.58,0.0,5.76,conventional,2015.0,Sacramento,0,40,338,1.619615384615385
2015-11-29,0.99,12.758254872887518,80757.92,216851.97,13205.04,36591.97,36574.73,0.0,17.24,conventional,2015.0,Sacramento,0,40,338,1.619615384615385
2015-11-22,1.06,12.779837800230002,83984.24,218912.41,12684.6,39405.23,39405.23,0.0,0.0,conventional,2015.0,Sacramento,0,40,338,1.619615384615385
2015-11-15,0.94,12.934013615436694,100343.08,262929.38,11181.91,39707.1,39707.1,0.0,0.0,conventional,2015.0,Sacramento,0,40,338,1.619615384615385
2015-11-08,1.14,12.785865024442089,118696.55,185189.82,11093.06,42153.1,42153.1,0.0,0.0,conventional,2015.0,Sacramento,0,40,338,1.619615384615385
2015-11-01,1.02,13.185278794520947,180210.99,300978.15,12762.49,38515.75,38515.75,0.0,0.0,conventional,2015.0,Sacramento,0,40,338,1.619615384615385
2015-10-25,1.26,12.747693811314072,98792.01,190021.02,12903.0,42041.18,42041.18,0.0,0.0,conventional,2015.0,Sacramento,0,40,338,1.619615384615385
2015-10-18,1.28,12.696060472596967,94529.6,175181.76,12783.14,43963.77,43963.77,0.0,0.0,conventional,2015.0,Sacramento,0,40,338,1.619615384615385
2015-10-11,1.29,12.781205363656627,85276.49,211955.75,13141.51,45098.53,45098.53,0.0,0.0,conventional,2015.0,Sacramento,0,40,338,1.619615384615385
2015-10-04,1.1,12.840512536891199,70755.56,259002.51,12312.13,35121.9,35121.9,0.0,0.0,conventional,2015.0,Sacramento,0,40,338,1.619615384615385
2015-09-27,1.28,12.768493638054654,84527.09,213297.91,13481.19,39676.01,39676.01,0.0,0.0,conventional,2015.0,Sacramento,0,40,338,1.619615384615385
2015-09-20,1.25,12.774881985813485,79142.8,220538.2,12364.88,41185.7,41185.7,0.0,0.0,conventional,2015.0,Sacramento,0,40,338,1.619615384615385
2015-09-13,1.24,12.858901662958846,101189.96,220364.77,15102.86,47534.93,47530.56,4.37,0.0,conventional,2015.0,Sacramento,0,40,338,1.619615384615385
2015-09-06,1.21,13.05345639508594,137388.73,262139.81,15608.55,49975.71,49967.0,8.71,0.0,conventional,2015.0,Sacramento,0,40,338,1.619615384615385
2015-08-30,1.3,12.840610704600136,114804.62,197034.03,15608.55,48058.5,48058.5,0.0,0.0,conventional,2015.0,Sacramento,0,40,338,1.619615384615385
2015-08-23,1.26,12.9123228799051,112710.34,233164.62,12415.75,46984.0,46984.0,0.0,0.0,conventional,2015.0,Sacramento,0,40,338,1.619615384615385
2015-08-16,1.3,12.903484046365922,136485.36,202459.2,13395.95,49367.82,49356.2,11.62,0.0,conventional,2015.0,Sacramento,0,40,338,1.619615384615385
2015-08-09,1.28,12.935611396760466,146135.78,206011.16,13618.36,49058.44,49041.0,17.44,0.0,conventional,2015.0,Sacramento,0,40,338,1.619615384615385
2015-08-02,1.33,12.910815634086086,131156.47,209986.17,14770.96,48750.72,48750.72,0.0,0.0,conventional,2015.0,Sacramento,0,40,338,1.619615384615385
2015-07-26,1.32,12.887837517696331,130034.73,200668.51,13184.96,51583.69,51550.15,33.54,0.0,conventional,2015.0,Sacramento,0,40,338,1.619615384615385
2015-07-19,1.29,12.910668662335922,130412.82,210334.54,9285.1,54572.39,54572.39,0.0,0.0,conventional,2015.0,Sacramento,0,40,338,1.619615384615385
2015-07-12,1.23,12.928607205872686,130109.66,218611.12,6078.13,57129.47,56976.69,0.0,152.78,conventional,2015.0,Sacramento,0,40,338,1.619615384615385
2015-07-05,1.26,13.21914814220089,161220.26,305122.62,15608.55,67335.82,67335.82,0.0,0.0,conventional,2015.0,Sacramento,0,40,338,1.619615384615385
2015-06-28,1.26,12.957453450572764,143118.33,210343.54,13590.1,56932.07,56932.07,0.0,0.0,conventional,2015.0,Sacramento,0,40,338,1.619615384615385
2015-06-21,1.27,12.954476915502234,137206.11,215068.66,14700.4,55748.74,55744.3,4.44,0.0,conventional,2015.0,Sacramento,0,40,338,1.619615384615385
2015-06-14,1.22,12.975700149848311,149611.03,209926.36,13867.94,58386.05,58386.05,0.0,0.0,conventional,2015.0,Sacramento,0,40,338,1.619615384615385
2015-06-07,1.18,12.983303979187221,143063.59,224039.06,14288.77,53695.75,53695.75,0.0,0.0,conventional,2015.0,Sacramento,0,40,338,1.619615384615385
2015-05-31,1.17,12.984766245135994,156719.55,219047.4,14172.36,45784.54,45775.86,8.68,0.0,conventional,2015.0,Sacramento,0,40,338,1.619615384615385
2015-05-24,1.26,12.908662082350693,110289.47,232223.44,12830.34,48450.54,48450.54,0.0,0.0,conventional,2015.0,Sacramento,0,40,338,1.619615384615385
2015-05-17,1.18,12.892235794418266,141111.13,200745.02,12034.36,43324.61,43324.61,0.0,0.0,conventional,2015.0,Sacramento,0,40,338,1.619615384615385
2015-05-10,1.14,12.989571733955048,162135.0,217681.33,13246.38,44760.05,44760.05,0.0,0.0,conventional,2015.0,Sacramento,0,40,338,1.619615384615385
2015-05-03,1.05,13.403074217180087,149107.81,371003.98,13261.84,41485.92,41281.75,0.0,204.17,conventional,2015.0,Sacramento,0,40,338,1.619615384615385
2015-04-26,1.27,12.812356129104352,101324.62,205561.23,13085.26,46748.71,46748.71,0.0,0.0,conventional,2015.0,Sacramento,0,40,338,1.619615384615385
2015-04-19,1.19,12.938061428928627,117518.41,241637.11,13267.34,43418.46,43392.71,25.75,0.0,conventional,2015.0,Sacramento,0,40,338,1.619615384615385
2015-04-12,1.24,12.854705476333475,119295.38,208546.45,13073.16,41668.76,41625.86,42.9,0.0,conventional,2015.0,Sacramento,0,40,338,1.619615384615385
2015-04-05,1.23,12.90999840296175,120613.18,214547.09,15099.24,54074.24,54049.06,25.18,0.0,conventional,2015.0,Sacramento,0,40,338,1.619615384615385
2015-03-29,1.2,12.87692260538149,110809.75,203705.17,13740.39,62923.5,62884.77,38.73,0.0,conventional,2015.0,Sacramento,0,40,338,1.619615384615385
2015-03-22,1.13,12.959160425781455,106578.88,221094.74,13423.63,83611.14,83611.14,0.0,0.0,conventional,2015.0,Sacramento,0,40,338,1.619615384615385
2015-03-15,1.22,12.849930154687721,113759.19,204089.22,14830.61,48082.12,48082.12,0.0,0.0,conventional,2015.0,Sacramento,0,40,338,1.619615384615385
2015-03-08,1.12,12.936392024199225,152131.35,199610.67,13402.92,50002.75,50002.75,0.0,0.0,conventional,2015.0,Sacramento,0,40,338,1.619615384615385
2015-03-01,1.02,13.023308428697081,143867.37,256090.11,13870.37,39017.62,39017.62,0.0,0.0,conventional,2015.0,Sacramento,0,40,338,1.619615384615385
2015-02-22,1.14,12.91167730844045,137425.32,216791.05,11561.59,39235.2,39235.2,0.0,0.0,conventional,2015.0,Sacramento,0,40,338,1.619615384615385
2015-02-15,1.13,12.850666826294994,134992.29,194031.02,10273.69,41744.74,41744.74,0.0,0.0,conventional,2015.0,Sacramento,0,40,338,1.619615384615385
2015-02-08,0.98,12.977507417524764,144586.53,237751.75,9798.79,40435.38,40435.38,0.0,0.0,conventional,2015.0,Sacramento,0,40,338,1.619615384615385
2015-02-01,1.04,13.556708610903053,276269.395,371003.98,15342.47,39738.53,39738.53,0.0,0.0,conventional,2015.0,Sacramento,0,40,338,1.619615384615385
2015-01-25,1.19,12.793938890599039,101289.29,210411.75,9507.42,38819.19,38819.19,0.0,0.0,conventional,2015.0,Sacramento,0,40,338,1.619615384615385
2015-01-18,1.22,12.813248889472822,83097.77,238956.51,5672.46,39320.62,39320.62,0.0,0.0,conventional,2015.0,Sacramento,0,40,338,1.619615384615385
2015-01-11,1.09,12.970361374183927,109368.41,271300.08,5094.23,43729.56,43722.89,6.67,0.0,conventional,2015.0,Sacramento,0,40,338,1.619615384615385
2015-01-04,1.05,12.971865737095998,110693.69,270107.61,9737.5,39600.08,39600.08,0.0,0.0,conventional,2015.0,Sacramento,0,40,338,1.619615384615385
2015-12-27,0.92,12.994460458021502,141447.28,130341.75,15608.55,148004.82,116383.07,31621.75,0.0,conventional,2015.0,SanDiego,0,41,338,1.3965384615384624
2015-12-20,0.94,12.949146106539734,130565.46,119298.5,15608.55,145559.55,111019.22,34540.33,0.0,conventional,2015.0,SanDiego,0,41,338,1.3965384615384624
2015-12-13,0.84,13.044508424848411,155111.21,118664.89,15608.55,172045.33,128053.44,43991.89,0.0,conventional,2015.0,SanDiego,0,41,338,1.3965384615384624
2015-12-06,0.67,13.245496732319925,196490.3,209350.93,15608.55,142269.38,114044.25,28225.13,0.0,conventional,2015.0,SanDiego,0,41,338,1.3965384615384624
2015-11-29,0.91,12.861753107788115,143861.4,140359.41,15608.55,80862.62,64857.94,16004.68,0.0,conventional,2015.0,SanDiego,0,41,338,1.3965384615384624
2015-11-22,0.98,12.861782072519324,163396.83,129579.32,15608.55,73350.7,59945.93,13404.77,0.0,conventional,2015.0,SanDiego,0,41,338,1.3965384615384624
2015-11-15,0.85,13.126034829368727,264103.11,150523.33,15608.55,71573.34,63091.0,8482.34,0.0,conventional,2015.0,SanDiego,0,41,338,1.3965384615384624
2015-11-08,0.92,13.107018545358262,255993.88,154270.39,15608.55,65663.77,58719.13,6944.64,0.0,conventional,2015.0,SanDiego,0,41,338,1.3965384615384624
2015-11-01,1.01,13.057235477283747,211287.89,179995.77,15608.55,59472.47,53567.27,5897.02,8.18,conventional,2015.0,SanDiego,0,41,338,1.3965384615384624
2015-10-25,1.08,12.919848558146212,172518.85,165522.86,15608.55,51591.92,48469.97,3117.85,4.1,conventional,2015.0,SanDiego,0,41,338,1.3965384615384624
2015-10-18,1.03,13.011798609755445,197862.67,179049.25,15608.55,51370.42,47913.55,3456.87,0.0,conventional,2015.0,SanDiego,0,41,338,1.3965384615384624
2015-10-11,0.93,13.106798328078762,202263.25,234833.71,15608.55,37541.38,35490.61,2050.77,0.0,conventional,2015.0,SanDiego,0,41,338,1.3965384615384624
2015-10-04,1.11,12.909919282219462,154884.04,194838.77,15608.55,35912.61,31952.3,3960.31,0.0,conventional,2015.0,SanDiego,0,41,338,1.3965384615384624
2015-09-27,0.93,13.106217389645511,194526.22,245815.73,14807.56,36841.32,34448.65,2392.67,0.0,conventional,2015.0,SanDiego,0,41,338,1.3965384615384624
2015-09-20,1.07,13.013639523170134,204096.06,173105.77,15608.55,42656.63,39560.7,3095.93,0.0,conventional,2015.0,SanDiego,0,41,338,1.3965384615384624
2015-09-13,1.08,13.048299161216375,191302.75,199953.93,15608.55,51402.37,46655.35,4747.02,0.0,conventional,2015.0,SanDiego,0,41,338,1.3965384615384624
2015-09-06,1.02,13.127705781317392,271640.29,165034.84,15608.55,46041.03,41719.29,4321.74,0.0,conventional,2015.0,SanDiego,0,41,338,1.3965384615384624
2015-08-30,1.04,13.102711069609606,276269.395,145974.51,15608.55,47145.37,45500.19,1645.18,0.0,conventional,2015.0,SanDiego,0,41,338,1.3965384615384624
2015-08-23,1.15,13.037833391941989,250163.47,153378.68,15608.55,35146.06,33582.95,1563.11,0.0,conventional,2015.0,SanDiego,0,41,338,1.3965384615384624
2015-08-16,1.05,13.150374633298926,276269.395,176899.01,15608.55,39151.88,38649.39,502.49,0.0,conventional,2015.0,SanDiego,0,41,338,1.3965384615384624
2015-08-09,1.03,13.354970345008445,276269.395,288086.68,14248.31,43037.04,41132.08,1904.96,0.0,conventional,2015.0,SanDiego,0,41,338,1.3965384615384624
2015-08-02,1.07,13.124361679468155,275822.73,168300.62,12740.87,44134.93,42995.09,1139.84,0.0,conventional,2015.0,SanDiego,0,41,338,1.3965384615384624
2015-07-26,1.1,13.113010313551712,276269.395,161574.35,15608.55,37883.85,36718.01,1165.84,0.0,conventional,2015.0,SanDiego,0,41,338,1.3965384615384624
2015-07-19,1.15,13.044460212609046,258240.72,142492.68,15608.55,45181.38,41231.13,3950.25,0.0,conventional,2015.0,SanDiego,0,41,338,1.3965384615384624
2015-07-12,1.1,13.102800526559482,251056.27,182844.55,14524.67,41887.14,38417.55,3469.59,0.0,conventional,2015.0,SanDiego,0,41,338,1.3965384615384624
2015-07-05,1.05,13.284042589438055,276269.395,187820.87,15608.55,52306.9,46816.59,5490.31,0.0,conventional,2015.0,SanDiego,0,41,338,1.3965384615384624
2015-06-28,1.02,13.112939572512035,276269.395,142348.73,15418.32,42519.03,37940.93,4578.1,0.0,conventional,2015.0,SanDiego,0,41,338,1.3965384615384624
2015-06-21,0.94,13.295458181665838,276269.395,163855.72,15608.55,45654.06,41075.95,4578.11,0.0,conventional,2015.0,SanDiego,0,41,338,1.3965384615384624
2015-06-14,0.87,13.3546614102944,276269.395,165020.73,14478.75,47695.91,43522.9,4173.01,0.0,conventional,2015.0,SanDiego,0,41,338,1.3965384615384624
2015-06-07,0.89,13.317056489935222,276269.395,164367.13,13914.85,50436.2,46211.78,4224.42,0.0,conventional,2015.0,SanDiego,0,41,338,1.3965384615384624
2015-05-31,0.9,13.252366131700851,276269.395,153680.36,14150.62,43435.79,39195.38,4240.41,0.0,conventional,2015.0,SanDiego,0,41,338,1.3965384615384624
2015-05-24,1.08,13.076144931530797,273672.82,155813.57,13519.38,34409.91,29727.22,4682.69,0.0,conventional,2015.0,SanDiego,0,41,338,1.3965384615384624
2015-05-17,1.02,13.035044724119265,276269.395,131772.59,9903.23,32985.6,29400.09,3585.51,0.0,conventional,2015.0,SanDiego,0,41,338,1.3965384615384624
2015-05-10,0.85,13.295881800063258,276269.395,136147.89,11997.54,46804.91,43190.6,3614.31,0.0,conventional,2015.0,SanDiego,0,41,338,1.3965384615384624
2015-05-03,0.8,13.515433720128772,276269.395,247709.36,14408.91,54378.35,50153.42,4224.93,0.0,conventional,2015.0,SanDiego,0,41,338,1.3965384615384624
2015-04-26,1.11,12.985377980855837,235664.26,141949.05,14634.32,43742.85,37689.45,6053.4,0.0,conventional,2015.0,SanDiego,0,41,338,1.3965384615384624
2015-04-19,1.04,13.098267345824112,270328.18,156651.22,13282.24,47833.34,25453.84,22379.5,0.0,conventional,2015.0,SanDiego,0,41,338,1.3965384615384624
2015-04-12,1.01,13.1524030154821,260591.11,189713.87,14665.62,50276.09,26305.87,23949.07,21.15,conventional,2015.0,SanDiego,0,41,338,1.3965384615384624
2015-04-05,1.11,13.060242986232454,249036.72,162601.8,15608.55,42526.45,25464.02,16966.53,95.9,conventional,2015.0,SanDiego,0,41,338,1.3965384615384624
2015-03-29,1.08,13.017828853854413,234361.38,155583.39,14998.04,45428.04,25798.74,19629.3,0.0,conventional,2015.0,SanDiego,0,41,338,1.3965384615384624
2015-03-22,0.96,13.153407755243466,235106.15,221942.26,14165.05,44551.18,38487.7,6063.48,0.0,conventional,2015.0,SanDiego,0,41,338,1.3965384615384624
2015-03-15,1.06,13.045714444357404,257709.12,144761.07,15608.55,43196.29,37920.39,5268.51,7.39,conventional,2015.0,SanDiego,0,41,338,1.3965384615384624
2015-03-08,0.95,13.130897180703421,276269.395,127157.9,14754.16,47821.85,42719.72,5102.13,0.0,conventional,2015.0,SanDiego,0,41,338,1.3965384615384624
2015-03-01,0.83,13.257861005719896,276269.395,202619.21,14036.07,38271.41,32922.93,5315.64,32.84,conventional,2015.0,SanDiego,0,41,338,1.3965384615384624
2015-02-22,0.92,13.154152913010053,276269.395,151869.53,14484.65,47811.06,42234.77,5543.66,32.63,conventional,2015.0,SanDiego,0,41,338,1.3965384615384624
2015-02-15,0.94,13.094199574698324,276269.395,127874.99,15333.5,39267.34,33642.66,5425.61,199.07,conventional,2015.0,SanDiego,0,41,338,1.3965384615384624
2015-02-08,0.98,13.013431670404515,229118.81,162856.34,14251.47,42168.21,36417.77,5526.46,223.98,conventional,2015.0,SanDiego,0,41,338,1.3965384615384624
2015-02-01,0.85,13.447741631308956,276269.395,277723.14,15608.55,41625.89,36622.51,4738.29,265.09,conventional,2015.0,SanDiego,0,41,338,1.3965384615384624
2015-01-25,1.02,12.915565775167645,217747.34,140456.68,13326.97,35060.12,30090.58,4708.25,261.29,conventional,2015.0,SanDiego,0,41,338,1.3965384615384624
2015-01-18,1.01,13.041293724269428,250311.74,163944.2,14125.01,32682.78,27844.81,4411.36,331.25,conventional,2015.0,SanDiego,0,41,338,1.3965384615384624
2015-01-11,0.82,13.207932044187887,276269.395,192913.11,12900.65,35484.4,31807.96,3271.85,331.25,conventional,2015.0,SanDiego,0,41,338,1.3965384615384624
2015-01-04,0.94,13.04247203994041,244152.26,165299.33,15302.75,36852.99,30884.29,5595.0,331.25,conventional,2015.0,SanDiego,0,41,338,1.3965384615384624
