assignement2/avocado_encoded.csv
Date,AveragePrice,Total Volume,4046,4225,4770,Total Bags,Small Bags,Large Bags,XLarge Bags,type,year,region,type_label,region_ordinal,region_frequency,region_target
2015-12-27,1.05,13.4476409006781,181704.67,371003.98,15608.55,59699.2,59094.49,582.9,21.81,conventional,2015.0,SanFrancisco,0,42,338,1.7682544378698217
2015-12-20,1.15,13.364670104550381,173521.67,364622.31,15608.55,65863.51,65038.1,766.09,59.32,conventional,2015.0,SanFrancisco,0,42,338,1.7682544378698217
2015-12-13,1.22,13.331030586269813,127080.03,371003.98,15608.55,69907.84,69022.62,781.91,103.31,conventional,2015.0,SanFrancisco,0,42,338,1.7682544378698217
2015-12-06,1.06,13.451643368869084,102771.75,371003.98,15608.55,55914.28,55171.77,638.89,103.62,conventional,2015.0,SanFrancisco,0,42,338,1.7682544378698217
2015-11-29,1.05,13.387246927344055,102783.08,371003.98,15608.55,54694.01,53992.69,647.78,53.54,conventional,2015.0,SanFrancisco,0,42,338,1.7682544378698217
2015-11-22,1.04,13.472238563299115,121232.94,371003.98,15608.55,56732.83,55908.92,773.33,50.58,conventional,2015.0,SanFrancisco,0,42,338,1.7682544378698217
2015-11-15,0.99,13.561714120617061,165884.02,371003.98,15608.55,64629.08,63811.01,780.0,38.07,conventional,2015.0,SanFrancisco,0,42,338,1.7682544378698217
2015-11-08,1.4,13.304493782596646,165981.13,319176.32,15608.55,78127.9,77364.54,693.33,70.03,conventional,2015.0,SanFrancisco,0,42,338,1.7682544378698217
2015-11-01,0.97,13.67616603895586,214932.11,371003.98,15608.55,59793.91,58929.19,845.56,19.16,conventional,2015.0,SanFrancisco,0,42,338,1.7682544378698217
2015-10-25,1.55,13.238087815602212,126498.63,334051.96,15608.55,69432.75,68582.18,812.22,38.35,conventional,2015.0,SanFrancisco,0,42,338,1.7682544378698217
2015-10-18,1.52,13.281202790777746,146584.21,332942.22,15608.55,75526.07,74724.61,756.67,44.79,conventional,2015.0,SanFrancisco,0,42,338,1.7682544378698217
2015-10-11,1.58,13.243620549033453,106180.64,351965.39,15608.55,72798.38,72030.82,735.56,32.0,conventional,2015.0,SanFrancisco,0,42,338,1.7682544378698217
2015-10-04,1.04,13.54483979586915,119177.06,371003.98,15608.55,47921.11,47092.45,796.67,31.99,conventional,2015.0,SanFrancisco,0,42,338,1.7682544378698217
2015-09-27,1.38,13.38733706513294,208309.03,349648.86,15608.55,65437.81,64581.92,785.56,70.33,conventional,2015.0,SanFrancisco,0,42,338,1.7682544378698217
2015-09-20,1.56,13.268196867962148,94105.15,371003.98,15608.55,69655.95,68664.57,946.67,44.71,conventional,2015.0,SanFrancisco,0,42,338,1.7682544378698217
2015-09-13,1.53,13.311067770489382,110779.86,367833.98,15608.55,76904.56,76151.26,734.16,19.14,conventional,2015.0,SanFrancisco,0,42,338,1.7682544378698217
2015-09-06,1.54,13.379809722552485,154276.07,371003.98,15608.55,77768.63,76963.49,805.14,0.0,conventional,2015.0,SanFrancisco,0,42,338,1.7682544378698217
2015-08-30,1.53,13.38456288983941,177166.44,364371.17,15608.55,79706.7,78843.03,863.67,0.0,conventional,2015.0,SanFrancisco,0,42,338,1.7682544378698217
2015-08-23,1.59,13.321564863197233,129106.61,371003.98,15608.55,73081.95,72131.45,950.5,0.0,conventional,2015.0,SanFrancisco,0,42,338,1.7682544378698217
2015-08-16,1.59,13.334629713720947,145519.47,364968.69,15608.55,80218.92,79372.32,846.6,0.0,conventional,2015.0,SanFrancisco,0,42,338,1.7682544378698217
2015-08-09,1.56,13.311127304163538,158022.04,345590.21,15608.55,75267.19,74158.48,1108.71,0.0,conventional,2015.0,SanFrancisco,0,42,338,1.7682544378698217
2015-08-02,1.57,13.377252588528506,164972.09,371003.98,15608.55,77320.82,76597.08,723.74,0.0,conventional,2015.0,SanFrancisco,0,42,338,1.7682544378698217
2015-07-26,1.58,13.350824031838586,150230.79,366576.34,15608.55,79427.61,78533.8,893.81,0.0,conventional,2015.0,SanFrancisco,0,42,338,1.7682544378698217
2015-07-19,1.56,13.358744002803748,146180.86,371003.98,15608.55,82475.36,81674.34,801.02,0.0,conventional,2015.0,SanFrancisco,0,42,338,1.7682544378698217
2015-07-12,1.39,13.430366824932332,149802.29,371003.98,10213.51,89795.11,88477.64,893.86,331.25,conventional,2015.0,SanFrancisco,0,42,338,1.7682544378698217
2015-07-05,1.53,13.530747939755736,168468.95,371003.98,15608.55,101029.34,100146.51,882.83,0.0,conventional,2015.0,SanFrancisco,0,42,338,1.7682544378698217
2015-06-28,1.54,13.379058804331338,154423.58,371003.98,15608.55,85242.6,84459.27,783.33,0.0,conventional,2015.0,SanFrancisco,0,42,338,1.7682544378698217
2015-06-21,1.52,13.420572159125776,161726.05,371003.98,15608.55,86014.2,84970.33,1043.87,0.0,conventional,2015.0,SanFrancisco,0,42,338,1.7682544378698217
2015-06-14,1.51,13.4543599417014,181175.51,371003.98,15608.55,80431.5,79360.05,1071.45,0.0,conventional,2015.0,SanFrancisco,0,42,338,1.7682544378698217
2015-06-07,1.31,13.539517343854547,167496.15,371003.98,15608.55,77328.49,76252.85,1075.64,0.0,conventional,2015.0,SanFrancisco,0,42,338,1.7682544378698217
2015-05-31,1.29,13.54647409077558,192708.56,371003.98,15608.55,76087.42,75077.58,1009.84,0.0,conventional,2015.0,SanFrancisco,0,42,338,1.7682544378698217
2015-05-24,1.37,13.459424055145815,131638.62,371003.98,15608.55,77389.63,76306.09,1083.54,0.0,conventional,2015.0,SanFrancisco,0,42,338,1.7682544378698217
2015-05-17,1.32,13.460406393990212,167532.68,371003.98,15608.55,72595.29,71643.24,952.05,0.0,conventional,2015.0,SanFrancisco,0,42,338,1.7682544378698217
2015-05-10,1.3,13.518011159547115,172662.98,371003.98,15608.55,74446.83,73411.19,1035.64,0.0,conventional,2015.0,SanFrancisco,0,42,338,1.7682544378698217
2015-05-03,1.0,13.879563512796107,237060.7,371003.98,15608.55,65327.99,64042.6,971.5,313.89,conventional,2015.0,SanFrancisco,0,42,338,1.7682544378698217
2015-04-26,1.39,13.431082917364376,107461.85,371003.98,15608.55,79763.23,78503.98,1052.31,206.94,conventional,2015.0,SanFrancisco,0,42,338,1.7682544378698217
2015-04-19,1.23,13.615616749536116,134592.31,371003.98,15608.55,74092.75,72532.18,1560.57,0.0,conventional,2015.0,SanFrancisco,0,42,338,1.7682544378698217
2015-04-12,1.33,13.500650870526329,159838.22,371003.98,15608.55,75080.91,73789.73,1291.18,0.0,conventional,2015.0,SanFrancisco,0,42,338,1.7682544378698217
2015-04-05,1.33,13.517832976438804,143671.36,371003.98,15608.55,90075.1,88603.82,1025.45,331.25,conventional,2015.0,SanFrancisco,0,42,338,1.7682544378698217
2015-03-29,1.3,13.517891314972728,145294.94,371003.98,15608.55,110683.59,109753.43,930.16,0.0,conventional,2015.0,SanFrancisco,0,42,338,1.7682544378698217
2015-03-22,1.19,13.643208410825613,136354.98,371003.98,15608.55,106219.42,105385.09,818.89,15.44,conventional,2015.0,SanFrancisco,0,42,338,1.7682544378698217
2015-03-15,1.26,13.566735085234752,204467.41,371003.98,15608.55,94629.73,93761.35,862.22,6.16,conventional,2015.0,SanFrancisco,0,42,338,1.7682544378698217
2015-03-08,1.16,13.630115988299172,260192.19,371003.98,15608.55,96460.01,95539.75,803.34,116.92,conventional,2015.0,SanFrancisco,0,42,338,1.7682544378698217
2015-03-01,0.95,13.85402541629141,251296.88,371003.98,15608.55,67758.06,66973.03,726.66,58.37,conventional,2015.0,SanFrancisco,0,42,338,1.7682544378698217
2015-02-22,1.23,13.562342202221364,165066.61,371003.98,15608.55,80955.21,80088.91,823.33,42.97,conventional,2015.0,SanFrancisco,0,42,338,1.7682544378698217
2015-02-15,1.23,13.453846431584587,176265.06,371003.98,15608.55,78180.39,77306.88,824.45,49.06,conventional,2015.0,SanFrancisco,0,42,338,1.7682544378698217
2015-02-08,0.92,13.741689169356947,252068.6,371003.98,15608.55,74764.6,74003.77,733.33,27.5,conventional,2015.0,SanFrancisco,0,42,338,1.7682544378698217
2015-02-01,0.91,13.879563512796107,276269.395,371003.98,15608.55,65344.53,64393.44,832.23,118.86,conventional,2015.0,SanFrancisco,0,42,338,1.7682544378698217
2015-01-25,1.21,13.477971688692653,127276.45,371003.98,15608.55,83160.71,82293.47,796.67,70.57,conventional,2015.0,SanFrancisco,0,42,338,1.7682544378698217
2015-01-18,1.22,13.532812723535491,107566.95,371003.98,12868.74,78809.61,78241.87,515.56,52.18,conventional,2015.0,SanFrancisco,0,42,338,1.7682544378698217
2015-01-11,1.03,13.728264709852073,155455.32,371003.98,4107.26,86365.43,85706.54,658.89,0.0,conventional,2015.0,SanFrancisco,0,42,338,1.7682544378698217
2015-01-04,0.99,13.718775943133904,179507.69,371003.98,8803.79,82484.31,82033.71,444.44,6.16,conventional,2015.0,SanFrancisco,0,42,338,1.7682544378698217
2015-12-27,1.09,13.017418197704805,101442.85,178459.6,7000.66,163282.83,162930.64,26.71,325.48,conventional,2015.0,Seattle,0,43,338,1.430562130177514
2015-12-20,1.15,12.911304807647506,88134.2,139794.19,6308.35,170625.58,170458.45,11.87,155.26,conventional,2015.0,Seattle,0,43,338,1.430562130177514
2015-12-13,1.05,13.026797030792089,114813.13,156347.74,9650.5,173616.66,173537.66,35.61,43.39,conventional,2015.0,Seattle,0,43,338,1.430562130177514
2015-12-06,0.81,13.496001483917233,117507.93,219412.63,9120.48,269325.465,204070.045,0.0,165.19,conventional,2015.0,Seattle,0,43,338,1.430562130177514
2015-11-29,1.17,12.830165872380546,90354.26,131571.17,9878.62,141505.48,141430.43,0.0,75.05,conventional,2015.0,Seattle,0,43,338,1.430562130177514
2015-11-22,1.07,12.962989872338984,111896.12,155494.84,9372.34,149574.61,149358.02,0.0,216.59,conventional,2015.0,Seattle,0,43,338,1.430562130177514
2015-11-15,0.93,13.374527862062696,146061.83,213666.13,9650.82,269325.465,204070.045,0.0,331.25,conventional,2015.0,Seattle,0,43,338,1.430562130177514
2015-11-08,1.06,13.103849691865705,135637.5,172982.0,9195.56,173012.26,172749.32,0.0,262.94,conventional,2015.0,Seattle,0,43,338,1.430562130177514
2015-11-01,1.14,12.985219134861438,105846.91,176922.79,10032.64,143118.89,143026.95,0.0,91.94,conventional,2015.0,Seattle,0,43,338,1.430562130177514
2015-10-25,1.03,13.162928302084966,130741.16,201858.0,8273.34,179825.96,179544.36,0.0,281.6,conventional,2015.0,Seattle,0,43,338,1.430562130177514
2015-10-18,1.08,13.090061462868064,147440.78,185069.58,10284.15,141311.6,141266.83,0.0,44.77,conventional,2015.0,Seattle,0,43,338,1.430562130177514
2015-10-11,0.9,13.369742976611304,87081.69,301656.56,15431.19,236162.14,204070.045,0.0,331.25,conventional,2015.0,Seattle,0,43,338,1.430562130177514
2015-10-04,1.06,13.148557067691698,103495.71,281914.21,11368.07,116490.89,115646.75,0.0,331.25,conventional,2015.0,Seattle,0,43,338,1.430562130177514
2015-09-27,1.1,13.055781062475686,159459.18,152002.76,10158.38,146171.63,146143.41,13.28,14.94,conventional,2015.0,Seattle,0,43,338,1.430562130177514
2015-09-20,1.02,13.28910204925318,158198.44,242849.81,11283.42,178390.07,178374.58,8.85,6.64,conventional,2015.0,Seattle,0,43,338,1.430562130177514
2015-09-13,1.02,13.281935227526573,230283.36,181240.95,10787.88,164191.08,164176.14,0.0,14.94,conventional,2015.0,Seattle,0,43,338,1.430562130177514
2015-09-06,1.17,13.038535277498669,167782.09,155468.95,12346.64,124195.98,124129.03,61.97,4.98,conventional,2015.0,Seattle,0,43,338,1.430562130177514
2015-08-30,1.18,13.009982342135155,171694.14,150815.43,12204.13,112137.13,112127.34,1.48,8.31,conventional,2015.0,Seattle,0,43,338,1.430562130177514
2015-08-23,1.13,13.220395467629,137390.97,265837.45,9738.82,138530.85,138486.18,26.47,18.2,conventional,2015.0,Seattle,0,43,338,1.430562130177514
2015-08-16,1.15,13.117406130534404,173165.55,201936.28,12055.67,110369.01,110361.1,2.94,4.97,conventional,2015.0,Seattle,0,43,338,1.430562130177514
2015-08-09,1.15,13.16763935499923,220284.27,169096.61,13416.02,120360.39,120360.39,0.0,0.0,conventional,2015.0,Seattle,0,43,338,1.430562130177514
2015-08-02,1.18,13.161369202086119,210529.13,181274.82,12790.08,115293.24,115288.63,2.95,1.66,conventional,2015.0,Seattle,0,43,338,1.430562130177514
2015-07-26,1.29,12.985876834048462,158304.49,172990.41,12492.0,92421.13,92385.74,35.39,0.0,conventional,2015.0,Seattle,0,43,338,1.430562130177514
2015-07-19,1.25,13.105531655395449,197532.38,192075.86,11882.66,90162.67,90074.05,88.62,0.0,conventional,2015.0,Seattle,0,43,338,1.430562130177514
2015-07-12,1.14,13.301113882242065,261870.98,204320.97,12664.42,119003.82,117906.6,980.83,116.39,conventional,2015.0,Seattle,0,43,338,1.430562130177514
2015-07-05,1.35,13.274291136945411,201350.06,263046.88,15608.55,101373.46,95899.37,5462.4,11.69,conventional,2015.0,Seattle,0,43,338,1.430562130177514
2015-06-28,1.31,13.114943880886516,175064.74,222871.77,13848.78,84517.69,84437.86,58.06,21.77,conventional,2015.0,Seattle,0,43,338,1.430562130177514
2015-06-21,1.19,13.266647254318436,178641.03,272213.83,15608.55,110588.9,110537.43,31.33,20.14,conventional,2015.0,Seattle,0,43,338,1.430562130177514
2015-06-14,1.18,13.330192547918324,207290.74,274970.73,13480.42,119758.54,119723.88,17.89,16.77,conventional,2015.0,Seattle,0,43,338,1.430562130177514
2015-06-07,1.27,13.112024009886207,194535.45,207213.71,14325.27,78781.52,78760.94,8.9,11.68,conventional,2015.0,Seattle,0,43,338,1.430562130177514
2015-05-31,1.12,13.206537563371212,244319.84,185303.96,14394.68,99889.7,99789.03,97.35,3.32,conventional,2015.0,Seattle,0,43,338,1.430562130177514
2015-05-24,1.14,13.26723836498718,213212.05,240665.64,14400.18,109668.66,109172.41,459.78,36.47,conventional,2015.0,Seattle,0,43,338,1.430562130177514
2015-05-17,1.22,13.069137205686035,176144.77,196907.32,13149.8,87879.88,86751.2,1074.06,54.62,conventional,2015.0,Seattle,0,43,338,1.430562130177514
2015-05-10,1.08,13.367186788988251,263440.86,242012.13,9484.24,123759.63,111289.42,12415.67,54.54,conventional,2015.0,Seattle,0,43,338,1.430562130177514
2015-05-03,1.02,13.441504915565725,226074.37,355250.18,11154.42,95493.06,94995.86,477.54,19.66,conventional,2015.0,Seattle,0,43,338,1.430562130177514
2015-04-26,1.19,13.103032004650284,202726.84,188384.71,10046.11,89268.48,89235.28,21.77,11.43,conventional,2015.0,Seattle,0,43,338,1.430562130177514
2015-04-19,1.13,13.253447129499223,130765.93,324680.31,10877.06,103707.33,103533.21,161.1,13.02,conventional,2015.0,Seattle,0,43,338,1.430562130177514
2015-04-12,1.33,12.891009589145016,134346.5,184720.11,11710.31,65951.43,65783.96,144.77,22.7,conventional,2015.0,Seattle,0,43,338,1.430562130177514
2015-04-05,1.26,13.05220156583019,148128.23,238612.85,9791.26,69588.14,69293.36,210.54,84.24,conventional,2015.0,Seattle,0,43,338,1.430562130177514
2015-03-29,1.22,13.023082587149256,162078.03,205582.46,9896.09,75186.63,74523.35,658.45,4.83,conventional,2015.0,Seattle,0,43,338,1.430562130177514
2015-03-22,1.13,13.150363042492886,192630.73,229939.77,8716.19,82909.98,82898.73,0.0,11.25,conventional,2015.0,Seattle,0,43,338,1.430562130177514
2015-03-15,1.24,13.02495046240107,173278.26,189014.61,12217.98,79078.82,79057.76,8.42,12.64,conventional,2015.0,Seattle,0,43,338,1.430562130177514
2015-03-08,1.24,12.994183013881495,170637.19,190973.9,8269.01,69966.25,69941.69,8.24,16.32,conventional,2015.0,Seattle,0,43,338,1.430562130177514
2015-03-01,1.07,13.326994758983721,162940.98,327299.85,12576.63,110717.87,110637.01,62.51,18.35,conventional,2015.0,Seattle,0,43,338,1.430562130177514
2015-02-22,1.11,13.221371330193222,106012.21,353201.96,10013.75,82808.62,82779.56,0.0,29.06,conventional,2015.0,Seattle,0,43,338,1.430562130177514
2015-02-15,1.33,12.772340828565927,114014.9,171966.91,8106.15,58247.14,57771.22,431.17,44.75,conventional,2015.0,Seattle,0,43,338,1.430562130177514
2015-02-08,1.08,13.100080242190534,153475.96,257164.75,10978.6,67361.34,65239.69,2117.07,4.58,conventional,2015.0,Seattle,0,43,338,1.430562130177514
2015-02-01,0.97,13.746320499180042,201139.95,371003.98,10182.71,143116.9,142049.31,1034.01,33.58,conventional,2015.0,Seattle,0,43,338,1.430562130177514
2015-01-25,1.26,12.94830782685421,118569.87,228985.5,11119.33,61449.41,61054.23,370.74,24.44,conventional,2015.0,Seattle,0,43,338,1.430562130177514
2015-01-18,1.2,13.046504531827447,160898.14,223145.82,11177.67,68250.89,67519.53,720.65,10.71,conventional,2015.0,Seattle,0,43,338,1.430562130177514
2015-01-11,1.06,13.17562319491716,144349.43,278069.43,15608.55,86855.48,81221.3,5632.65,1.53,conventional,2015.0,Seattle,0,43,338,1.430562130177514
2015-01-04,0.97,13.36062935033001,165839.16,341836.86,15291.36,111554.96,96695.27,14859.69,0.0,conventional,2015.0,Seattle,0,43,338,1.430562130177514
