assignement2/avocado_encoded.csv
Date,AveragePrice,Total Volume,4046,4225,4770,Total Bags,Small Bags,Large Bags,XLarge Bags,type,year,region,type_label,region_ordinal,region_frequency,region_target
2015-12-27,0.98,12.434975897874956,137133.17,48908.4,8151.76,57249.75,48181.83,9060.09,7.83,conventional,2015.0,SouthCarolina,0,44,338,1.4032840236686406
2015-12-20,1.04,12.25993113449106,115402.34,39931.51,6244.22,49487.98,44628.73,4851.44,7.81,conventional,2015.0,SouthCarolina,0,44,338,1.4032840236686406
2015-12-13,0.96,12.457483019208171,148691.81,47393.23,7391.81,53689.68,43815.6,9863.71,10.37,conventional,2015.0,SouthCarolina,0,44,338,1.4032840236686406
2015-12-06,1.03,12.359975008815146,130410.85,47118.94,9427.71,46316.9,40092.42,6203.8,20.68,conventional,2015.0,SouthCarolina,0,44,338,1.4032840236686406
2015-11-29,0.97,12.292096063815947,125440.43,42269.54,7454.33,42801.07,33356.89,9433.78,10.4,conventional,2015.0,SouthCarolina,0,44,338,1.4032840236686406
2015-11-22,0.99,12.286587457129727,123208.85,42099.26,8114.19,43345.68,34239.23,9106.45,0.0,conventional,2015.0,SouthCarolina,0,44,338,1.4032840236686406
2015-11-15,1.07,12.32107011621142,116059.4,61600.25,11569.87,35143.6,29409.04,5734.56,0.0,conventional,2015.0,SouthCarolina,0,44,338,1.4032840236686406
2015-11-08,1.08,12.306284926741542,118352.11,47266.75,15608.55,39718.69,34385.71,5325.2,7.78,conventional,2015.0,SouthCarolina,0,44,338,1.4032840236686406
2015-11-01,1.0,12.54571065152568,143163.13,59937.59,15608.55,58741.07,44763.47,13977.6,0.0,conventional,2015.0,SouthCarolina,0,44,338,1.4032840236686406
2015-10-25,1.11,12.317651541920496,107103.78,46792.32,15608.55,52518.8,43924.89,8593.91,0.0,conventional,2015.0,SouthCarolina,0,44,338,1.4032840236686406
2015-10-18,1.12,12.329384325584032,105221.4,55038.8,15608.55,49369.29,40996.42,8372.87,0.0,conventional,2015.0,SouthCarolina,0,44,338,1.4032840236686406
2015-10-11,1.03,12.49860542177293,121966.0,64658.41,15608.55,61147.52,43009.49,18138.03,0.0,conventional,2015.0,SouthCarolina,0,44,338,1.4032840236686406
2015-10-04,1.04,12.498447253296375,123692.52,70671.2,14906.36,58649.87,38750.39,19899.48,0.0,conventional,2015.0,SouthCarolina,0,44,338,1.4032840236686406
2015-09-27,1.08,12.442819214842642,111054.81,72273.16,15608.55,51329.38,42223.65,9105.73,0.0,conventional,2015.0,SouthCarolina,0,44,338,1.4032840236686406
2015-09-20,1.02,12.651329713855352,148633.9,77644.18,14421.82,71477.38,49597.26,21851.29,28.83,conventional,2015.0,SouthCarolina,0,44,338,1.4032840236686406
2015-09-13,1.14,12.505273014478815,124781.45,61067.3,13939.72,69966.5,55240.3,14707.82,18.38,conventional,2015.0,SouthCarolina,0,44,338,1.4032840236686406
2015-09-06,1.0,12.77636268892649,165544.52,78503.43,15608.55,86517.63,68114.97,18328.93,73.73,conventional,2015.0,SouthCarolina,0,44,338,1.4032840236686406
2015-08-30,1.15,12.545044398612974,130772.55,58761.62,15284.88,75880.69,70666.71,5198.14,15.84,conventional,2015.0,SouthCarolina,0,44,338,1.4032840236686406
2015-08-23,1.09,12.645560719054187,139531.8,64117.55,15608.55,89642.51,84625.03,5017.48,0.0,conventional,2015.0,SouthCarolina,0,44,338,1.4032840236686406
2015-08-16,1.12,12.678422083713436,157907.67,60468.01,15608.55,84760.22,78819.75,5940.47,0.0,conventional,2015.0,SouthCarolina,0,44,338,1.4032840236686406
2015-08-09,1.05,12.77685957469631,179463.07,69024.22,15608.55,87081.14,75517.04,11497.68,66.42,conventional,2015.0,SouthCarolina,0,44,338,1.4032840236686406
2015-08-02,1.14,12.643077989601151,148657.53,64352.06,15608.55,77550.5,72040.69,5488.53,21.28,conventional,2015.0,SouthCarolina,0,44,338,1.4032840236686406
2015-07-26,1.11,12.699642857290842,160050.21,63162.91,15608.55,85644.86,80982.38,4662.48,0.0,conventional,2015.0,SouthCarolina,0,44,338,1.4032840236686406
2015-07-19,1.05,12.846628294620526,212349.9,70690.71,15608.55,77507.49,67097.27,10410.22,0.0,conventional,2015.0,SouthCarolina,0,44,338,1.4032840236686406
2015-07-12,1.14,12.678994917641065,143217.29,81353.84,15608.55,79172.38,73161.82,5916.12,94.44,conventional,2015.0,SouthCarolina,0,44,338,1.4032840236686406
2015-07-05,1.05,12.915861088986585,204374.47,93000.23,15608.55,89263.83,78695.41,10568.42,0.0,conventional,2015.0,SouthCarolina,0,44,338,1.4032840236686406
2015-06-28,1.11,12.737952436618713,152050.0,76047.9,15608.55,94248.26,89211.38,4983.53,53.35,conventional,2015.0,SouthCarolina,0,44,338,1.4032840236686406
2015-06-21,1.03,12.880944163889128,207438.27,71556.59,15608.55,96387.01,84821.85,11533.12,32.04,conventional,2015.0,SouthCarolina,0,44,338,1.4032840236686406
2015-06-14,1.1,12.736466074906245,172821.14,60267.01,15608.55,88543.07,82278.6,6256.45,8.02,conventional,2015.0,SouthCarolina,0,44,338,1.4032840236686406
2015-06-07,1.04,12.844885623350127,223638.72,46631.18,15608.55,91280.65,80177.95,11102.7,0.0,conventional,2015.0,SouthCarolina,0,44,338,1.4032840236686406
2015-05-31,1.13,12.685074295890422,185323.63,43301.71,15608.55,76250.04,70487.95,5756.74,5.35,conventional,2015.0,SouthCarolina,0,44,338,1.4032840236686406
2015-05-24,1.05,12.91779859202832,247039.02,58352.93,15608.55,81734.51,69674.41,12060.1,0.0,conventional,2015.0,SouthCarolina,0,44,338,1.4032840236686406
2015-05-17,1.09,12.756219198581489,200005.38,46163.06,15608.55,82453.98,76994.15,5459.83,0.0,conventional,2015.0,SouthCarolina,0,44,338,1.4032840236686406
2015-05-10,1.13,12.706381946099546,199489.94,44017.79,15608.55,69855.24,64229.19,5626.05,0.0,conventional,2015.0,SouthCarolina,0,44,338,1.4032840236686406
2015-05-03,0.97,13.033340779264664,271320.49,72324.54,15608.55,86801.25,70270.99,16530.26,0.0,conventional,2015.0,SouthCarolina,0,44,338,1.4032840236686406
2015-04-26,1.1,12.6750139920033,191953.94,43170.27,15608.55,68330.58,63208.06,5122.52,0.0,conventional,2015.0,SouthCarolina,0,44,338,1.4032840236686406
2015-04-19,1.08,12.685227152488189,185939.51,43227.61,15608.55,78051.53,72168.56,5882.97,0.0,conventional,2015.0,SouthCarolina,0,44,338,1.4032840236686406
2015-04-12,1.05,12.784449566213615,220208.81,49060.02,15608.55,70520.02,57990.96,12529.06,0.0,conventional,2015.0,SouthCarolina,0,44,338,1.4032840236686406
2015-04-05,1.1,12.6496287583985,187483.15,44278.23,15608.55,61466.69,53591.38,7875.31,0.0,conventional,2015.0,SouthCarolina,0,44,338,1.4032840236686406
2015-03-29,1.11,12.559684688573325,151124.37,45649.68,15608.55,71512.42,64967.19,6545.23,0.0,conventional,2015.0,SouthCarolina,0,44,338,1.4032840236686406
2015-03-22,1.0,12.81224753924555,218785.98,48984.19,15237.87,83671.96,71610.52,12061.44,0.0,conventional,2015.0,SouthCarolina,0,44,338,1.4032840236686406
2015-03-15,1.15,12.604367810921259,171702.03,44167.57,15608.55,63961.8,58791.05,5170.75,0.0,conventional,2015.0,SouthCarolina,0,44,338,1.4032840236686406
2015-03-08,1.14,12.576535285831993,173429.19,39009.78,14400.7,62840.24,58373.46,4466.78,0.0,conventional,2015.0,SouthCarolina,0,44,338,1.4032840236686406
2015-03-01,1.05,12.729551014642684,213315.88,42197.08,13638.46,68425.29,57884.58,10540.71,0.0,conventional,2015.0,SouthCarolina,0,44,338,1.4032840236686406
2015-02-22,1.02,12.715656598742239,193228.98,45809.76,15608.55,70004.39,64068.23,5936.16,0.0,conventional,2015.0,SouthCarolina,0,44,338,1.4032840236686406
2015-02-15,1.11,12.5372273763867,163447.93,40081.18,14735.34,60249.6,44927.07,15322.53,0.0,conventional,2015.0,SouthCarolina,0,44,338,1.4032840236686406
2015-02-08,1.06,12.552579085017607,169169.05,41468.74,12641.17,59543.76,44770.78,14772.98,0.0,conventional,2015.0,SouthCarolina,0,44,338,1.4032840236686406
2015-02-01,0.91,13.05981821753476,276269.395,78055.21,15608.55,79706.75,51793.3,27913.45,0.0,conventional,2015.0,SouthCarolina,0,44,338,1.4032840236686406
2015-01-25,1.06,12.64867074414269,187805.04,46947.97,12431.59,64163.71,45690.04,18473.67,0.0,conventional,2015.0,SouthCarolina,0,44,338,1.4032840236686406
2015-01-18,1.15,12.528905682566164,160256.58,44019.64,14954.1,56975.63,35311.93,21663.7,0.0,conventional,2015.0,SouthCarolina,0,44,338,1.4032840236686406
2015-01-11,1.1,12.541500515561829,162428.39,39713.75,14197.05,63367.54,44864.96,18502.58,0.0,conventional,2015.0,SouthCarolina,0,44,338,1.4032840236686406
2015-01-04,1.01,12.641178170672283,180977.06,46253.49,12923.45,68870.22,52556.0,16314.22,0.0,conventional,2015.0,SouthCarolina,0,44,338,1.4032840236686406
2015-12-27,0.81,13.879563512796107,276269.395,371003.98,15608.55,269325.465,204070.045,54881.92,331.25,conventional,2015.0,SouthCentral,0,45,338,1.1012426035502958
2015-12-20,0.81,13.879563512796107,276269.395,371003.98,15608.55,269325.465,204070.045,54881.92,331.25,conventional,2015.0,SouthCentral,0,45,338,1.1012426035502958
2015-12-13,0.78,13.879563512796107,276269.395,371003.98,15608.55,269325.465,204070.045,54881.92,331.25,conventional,2015.0,SouthCentral,0,45,338,1.1012426035502958
2015-12-06,0.76,13.879563512796107,276269.395,371003.98,15608.55,269325.465,204070.045,54881.92,331.25,conventional,2015.0,SouthCentral,0,45,338,1.1012426035502958
2015-11-29,0.82,13.879563512796107,276269.395,371003.98,15608.55,269325.465,204070.045,54881.92,31.67,conventional,2015.0,SouthCentral,0,45,338,1.1012426035502958
2015-11-22,0.8,13.879563512796107,276269.395,371003.98,15608.55,269325.465,204070.045,54881.92,7.05,conventional,2015.0,SouthCentral,0,45,338,1.1012426035502958
2015-11-15,0.76,13.879563512796107,276269.395,371003.98,15608.55,269325.465,204070.045,54881.92,52.45,conventional,2015.0,SouthCentral,0,45,338,1.1012426035502958
2015-11-08,0.8,13.879563512796107,276269.395,371003.98,15608.55,269325.465,204070.045,54881.92,316.84,conventional,2015.0,SouthCentral,0,45,338,1.1012426035502958
2015-11-01,0.81,13.879563512796107,276269.395,371003.98,15608.55,269325.465,204070.045,54881.92,331.25,conventional,2015.0,SouthCentral,0,45,338,1.1012426035502958
2015-10-25,0.86,13.879563512796107,276269.395,371003.98,15608.55,269325.465,204070.045,54881.92,331.25,conventional,2015.0,SouthCentral,0,45,338,1.1012426035502958
2015-10-18,0.87,13.879563512796107,276269.395,371003.98,15608.55,269325.465,204070.045,54881.92,140.01,conventional,2015.0,SouthCentral,0,45,338,1.1012426035502958
2015-10-11,0.83,13.879563512796107,276269.395,371003.98,15608.55,269325.465,204070.045,54881.92,138.43,conventional,2015.0,SouthCentral,0,45,338,1.1012426035502958
2015-10-04,0.84,13.879563512796107,276269.395,371003.98,15608.55,269325.465,204070.045,54881.92,190.09,conventional,2015.0,SouthCentral,0,45,338,1.1012426035502958
2015-09-27,0.87,13.879563512796107,276269.395,371003.98,15608.55,269325.465,204070.045,54881.92,75.76,conventional,2015.0,SouthCentral,0,45,338,1.1012426035502958
2015-09-20,0.83,13.879563512796107,276269.395,371003.98,15608.55,269325.465,204070.045,54881.92,14.42,conventional,2015.0,SouthCentral,0,45,338,1.1012426035502958
2015-09-13,0.88,13.879563512796107,276269.395,371003.98,15608.55,269325.465,204070.045,54881.92,43.22,conventional,2015.0,SouthCentral,0,45,338,1.1012426035502958
2015-09-06,0.86,13.879563512796107,276269.395,371003.98,15608.55,269325.465,204070.045,54881.92,35.92,conventional,2015.0,SouthCentral,0,45,338,1.1012426035502958
2015-08-30,0.87,13.879563512796107,276269.395,371003.98,15608.55,269325.465,204070.045,54881.92,29.11,conventional,2015.0,SouthCentral,0,45,338,1.1012426035502958
2015-08-23,0.89,13.879563512796107,276269.395,371003.98,15608.55,269325.465,204070.045,54881.92,58.47,conventional,2015.0,SouthCentral,0,45,338,1.1012426035502958
2015-08-16,0.89,13.879563512796107,276269.395,371003.98,15608.55,269325.465,204070.045,54881.92,73.02,conventional,2015.0,SouthCentral,0,45,338,1.1012426035502958
2015-08-09,0.89,13.879563512796107,276269.395,371003.98,15608.55,269325.465,204070.045,54881.92,14.24,conventional,2015.0,SouthCentral,0,45,338,1.1012426035502958
2015-08-02,0.9,13.879563512796107,276269.395,371003.98,15608.55,269325.465,204070.045,54881.92,12.63,conventional,2015.0,SouthCentral,0,45,338,1.1012426035502958
2015-07-26,0.81,13.879563512796107,276269.395,371003.98,15608.55,269325.465,204070.045,54881.92,7.08,conventional,2015.0,SouthCentral,0,45,338,1.1012426035502958
2015-07-19,0.83,13.879563512796107,276269.395,371003.98,15608.55,269325.465,204070.045,54881.92,20.41,conventional,2015.0,SouthCentral,0,45,338,1.1012426035502958
2015-07-12,0.82,13.879563512796107,276269.395,371003.98,15608.55,269325.465,204070.045,54881.92,331.25,conventional,2015.0,SouthCentral,0,45,338,1.1012426035502958
2015-07-05,0.83,13.879563512796107,276269.395,371003.98,15608.55,269325.465,204070.045,54881.92,32.94,conventional,2015.0,SouthCentral,0,45,338,1.1012426035502958
2015-06-28,0.77,13.879563512796107,276269.395,371003.98,15608.55,269325.465,204070.045,54881.92,52.33,conventional,2015.0,SouthCentral,0,45,338,1.1012426035502958
2015-06-21,0.79,13.879563512796107,276269.395,371003.98,15608.55,269325.465,204070.045,54881.92,17.56,conventional,2015.0,SouthCentral,0,45,338,1.1012426035502958
2015-06-14,0.69,13.879563512796107,276269.395,371003.98,15608.55,269325.465,204070.045,54881.92,42.53,conventional,2015.0,SouthCentral,0,45,338,1.1012426035502958
2015-06-07,0.75,13.879563512796107,276269.395,371003.98,15608.55,269325.465,204070.045,54881.92,14.03,conventional,2015.0,SouthCentral,0,45,338,1.1012426035502958
2015-05-31,0.74,13.879563512796107,276269.395,371003.98,15608.55,269325.465,204070.045,54881.92,28.04,conventional,2015.0,SouthCentral,0,45,338,1.1012426035502958
2015-05-24,0.83,13.879563512796107,276269.395,371003.98,15608.55,269325.465,204070.045,54881.92,31.62,conventional,2015.0,SouthCentral,0,45,338,1.1012426035502958
2015-05-17,0.79,13.879563512796107,276269.395,371003.98,15608.55,269325.465,204070.045,54881.92,17.58,conventional,2015.0,SouthCentral,0,45,338,1.1012426035502958
2015-05-10,0.79,13.879563512796107,276269.395,371003.98,15608.55,269325.465,204070.045,54881.92,35.22,conventional,2015.0,SouthCentral,0,45,338,1.1012426035502958
2015-05-03,0.78,13.879563512796107,276269.395,371003.98,15608.55,269325.465,204070.045,54881.92,331.25,conventional,2015.0,SouthCentral,0,45,338,1.1012426035502958
2015-04-26,0.83,13.879563512796107,276269.395,371003.98,15608.55,269325.465,204070.045,54881.92,331.25,conventional,2015.0,SouthCentral,0,45,338,1.1012426035502958
2015-04-19,0.82,13.879563512796107,276269.395,371003.98,15608.55,269325.465,204070.045,54881.92,10.59,conventional,2015.0,SouthCentral,0,45,338,1.1012426035502958
2015-04-12,0.8,13.879563512796107,276269.395,371003.98,15608.55,269325.465,204070.045,54424.19,21.16,conventional,2015.0,SouthCentral,0,45,338,1.1012426035502958
2015-04-05,0.83,13.879563512796107,276269.395,371003.98,15608.55,269325.465,204070.045,54881.92,331.25,conventional,2015.0,SouthCentral,0,45,338,1.1012426035502958
2015-03-29,0.82,13.879563512796107,276269.395,371003.98,15608.55,269325.465,204070.045,54881.92,38.6,conventional,2015.0,SouthCentral,0,45,338,1.1012426035502958
2015-03-22,0.76,13.879563512796107,276269.395,371003.98,15608.55,269325.465,204070.045,54881.92,23.75,conventional,2015.0,SouthCentral,0,45,338,1.1012426035502958
2015-03-15,0.79,13.879563512796107,276269.395,371003.98,15608.55,269325.465,204070.045,54881.92,14.02,conventional,2015.0,SouthCentral,0,45,338,1.1012426035502958
2015-03-08,0.8,13.879563512796107,276269.395,371003.98,15608.55,269325.465,204070.045,54881.92,28.37,conventional,2015.0,SouthCentral,0,45,338,1.1012426035502958
2015-03-01,0.87,13.879563512796107,276269.395,371003.98,15608.55,269325.465,204070.045,54881.92,24.34,conventional,2015.0,SouthCentral,0,45,338,1.1012426035502958
2015-02-22,0.85,13.879563512796107,276269.395,371003.98,15608.55,269325.465,204070.045,54881.92,0.0,conventional,2015.0,SouthCentral,0,45,338,1.1012426035502958
2015-02-15,0.8,13.879563512796107,276269.395,371003.98,15608.55,269325.465,204070.045,54881.92,13.72,conventional,2015.0,SouthCentral,0,45,338,1.1012426035502958
2015-02-08,0.73,13.879563512796107,276269.395,371003.98,15608.55,269325.465,204070.045,54881.92,85.88,conventional,2015.0,SouthCentral,0,45,338,1.1012426035502958
2015-02-01,0.71,13.879563512796107,276269.395,371003.98,15608.55,269325.465,204070.045,54881.92,63.26,conventional,2015.0,SouthCentral,0,45,338,1.1012426035502958
2015-01-25,0.81,13.879563512796107,276269.395,371003.98,15608.55,269325.465,204070.045,54881.92,0.0,conventional,2015.0,SouthCentral,0,45,338,1.1012426035502958
2015-01-18,0.79,13.879563512796107,276269.395,371003.98,15608.55,269325.465,204070.045,54881.92,25.69,conventional,2015.0,SouthCentral,0,45,338,1.1012426035502958
2015-01-11,0.8,13.879563512796107,276269.395,371003.98,15608.55,269325.465,204070.045,54881.92,50.21,conventional,2015.0,SouthCentral,0,45,338,1.1012426035502958
2015-01-04,0.77,13.879563512796107,276269.395,371003.98,15608.55,269325.465,204070.045,54881.92,13.59,conventional,2015.0,SouthCentral,0,45,338,1.1012426035502958
