assignement2/avocado_encoded.csv
Date,AveragePrice,Total Volume,4046,4225,4770,Total Bags,Small Bags,Large Bags,XLarge Bags,type,year,region,type_label,region_ordinal,region_frequency,region_target
2015-12-27,0.98,13.879563512796107,276269.395,275823.43,13994.48,269325.465,204070.045,54881.92,27.11,conventional,2015.0,Southeast,0,46,338,1.39801775147929
2015-12-20,1.12,13.879563512796107,276269.395,211595.53,10520.4,269325.465,204070.045,54881.92,72.3,conventional,2015.0,Southeast,0,46,338,1.39801775147929
2015-12-13,0.96,13.879563512796107,276269.395,303892.09,12361.35,269325.465,204070.045,54881.92,111.54,conventional,2015.0,Southeast,0,46,338,1.39801775147929
2015-12-06,1.13,13.879563512796107,276269.395,248205.38,15608.55,269325.465,204070.045,54881.92,27.12,conventional,2015.0,Southeast,0,46,338,1.39801775147929
2015-11-29,0.97,13.879563512796107,276269.395,273706.42,12260.75,269325.465,204070.045,54881.92,42.3,conventional,2015.0,Southeast,0,46,338,1.39801775147929
2015-11-22,0.98,13.879563512796107,276269.395,285065.9,13736.85,269325.465,204070.045,54881.92,30.26,conventional,2015.0,Southeast,0,46,338,1.39801775147929
2015-11-15,1.16,13.879563512796107,276269.395,294620.08,15608.55,269325.465,204070.045,54881.92,18.17,conventional,2015.0,Southeast,0,46,338,1.39801775147929
2015-11-08,1.16,13.879563512796107,276269.395,298081.99,15608.55,269325.465,204070.045,54881.92,48.52,conventional,2015.0,Southeast,0,46,338,1.39801775147929
2015-11-01,0.98,13.879563512796107,276269.395,371003.98,15608.55,269325.465,204070.045,54881.92,15.18,conventional,2015.0,Southeast,0,46,338,1.39801775147929
2015-10-25,1.16,13.879563512796107,276269.395,371003.98,15608.55,269325.465,204070.045,54881.92,33.46,conventional,2015.0,Southeast,0,46,338,1.39801775147929
2015-10-18,1.15,13.879563512796107,276269.395,371003.98,15608.55,269325.465,204070.045,54881.92,42.72,conventional,2015.0,Southeast,0,46,338,1.39801775147929
2015-10-11,0.97,13.879563512796107,276269.395,371003.98,15608.55,269325.465,204070.045,54881.92,27.49,conventional,2015.0,Southeast,0,46,338,1.39801775147929
2015-10-04,0.98,13.879563512796107,276269.395,371003.98,15608.55,269325.465,204070.045,54881.92,27.48,conventional,2015.0,Southeast,0,46,338,1.39801775147929
2015-09-27,1.17,13.879563512796107,276269.395,371003.98,15608.55,269325.465,204070.045,54881.92,18.31,conventional,2015.0,Southeast,0,46,338,1.39801775147929
2015-09-20,0.96,13.879563512796107,276269.395,371003.98,15608.55,269325.465,204070.045,54881.92,176.91,conventional,2015.0,Southeast,0,46,338,1.39801775147929
2015-09-13,1.15,13.879563512796107,276269.395,371003.98,15608.55,269325.465,204070.045,54881.92,36.53,conventional,2015.0,Southeast,0,46,338,1.39801775147929
2015-09-06,0.97,13.879563512796107,276269.395,371003.98,15608.55,269325.465,204070.045,54881.92,142.85,conventional,2015.0,Southeast,0,46,338,1.39801775147929
2015-08-30,1.19,13.879563512796107,276269.395,371003.98,15608.55,269325.465,204070.045,54881.92,127.38,conventional,2015.0,Southeast,0,46,338,1.39801775147929
2015-08-23,1.16,13.879563512796107,276269.395,371003.98,15608.55,269325.465,204070.045,54881.92,39.29,conventional,2015.0,Southeast,0,46,338,1.39801775147929
2015-08-16,1.16,13.879563512796107,276269.395,371003.98,15608.55,269325.465,204070.045,54881.92,105.41,conventional,2015.0,Southeast,0,46,338,1.39801775147929
2015-08-09,1.0,13.879563512796107,276269.395,371003.98,15608.55,269325.465,204070.045,54881.92,242.84,conventional,2015.0,Southeast,0,46,338,1.39801775147929
2015-08-02,1.18,13.879563512796107,276269.395,371003.98,15608.55,269325.465,204070.045,54881.92,95.46,conventional,2015.0,Southeast,0,46,338,1.39801775147929
2015-07-26,1.15,13.879563512796107,276269.395,371003.98,15608.55,269325.465,204070.045,54881.92,0.0,conventional,2015.0,Southeast,0,46,338,1.39801775147929
2015-07-19,0.99,13.879563512796107,276269.395,371003.98,15608.55,269325.465,204070.045,54881.92,0.0,conventional,2015.0,Southeast,0,46,338,1.39801775147929
2015-07-12,1.17,13.879563512796107,276269.395,371003.98,15608.55,269325.465,204070.045,54881.92,331.25,conventional,2015.0,Southeast,0,46,338,1.39801775147929
2015-07-05,0.99,13.879563512796107,276269.395,371003.98,15608.55,269325.465,204070.045,54881.92,55.7,conventional,2015.0,Southeast,0,46,338,1.39801775147929
2015-06-28,1.14,13.879563512796107,276269.395,371003.98,15608.55,269325.465,204070.045,54881.92,259.93,conventional,2015.0,Southeast,0,46,338,1.39801775147929
2015-06-21,0.97,13.879563512796107,276269.395,371003.98,15608.55,269325.465,204070.045,54881.92,113.58,conventional,2015.0,Southeast,0,46,338,1.39801775147929
2015-06-14,1.15,13.879563512796107,276269.395,315079.1,15608.55,269325.465,204070.045,54881.92,104.62,conventional,2015.0,Southeast,0,46,338,1.39801775147929
2015-06-07,0.99,13.879563512796107,276269.395,294519.59,15608.55,269325.465,204070.045,54881.92,8.71,conventional,2015.0,Southeast,0,46,338,1.39801775147929
2015-05-31,1.17,13.879563512796107,276269.395,206982.3,15608.55,269325.465,204070.045,54881.92,37.67,conventional,2015.0,Southeast,0,46,338,1.39801775147929
2015-05-24,1.0,13.879563512796107,276269.395,311176.56,15608.55,269325.465,204070.045,54881.92,23.22,conventional,2015.0,Southeast,0,46,338,1.39801775147929
2015-05-17,1.15,13.879563512796107,276269.395,211868.36,15608.55,269325.465,204070.045,54881.92,0.0,conventional,2015.0,Southeast,0,46,338,1.39801775147929
2015-05-10,1.17,13.879563512796107,276269.395,212422.04,15608.55,269325.465,204070.045,54881.92,0.0,conventional,2015.0,Southeast,0,46,338,1.39801775147929
2015-05-03,0.97,13.879563512796107,276269.395,371003.98,15608.55,269325.465,204070.045,54881.92,331.25,conventional,2015.0,Southeast,0,46,338,1.39801775147929
2015-04-26,1.16,13.879563512796107,276269.395,220781.47,15608.55,269325.465,204070.045,54881.92,331.25,conventional,2015.0,Southeast,0,46,338,1.39801775147929
2015-04-19,1.14,13.879563512796107,276269.395,214218.14,15608.55,269325.465,204070.045,54881.92,0.0,conventional,2015.0,Southeast,0,46,338,1.39801775147929
2015-04-12,1.0,13.879563512796107,276269.395,292733.49,15608.55,269325.465,204070.045,54881.92,0.0,conventional,2015.0,Southeast,0,46,338,1.39801775147929
2015-04-05,1.08,13.879563512796107,276269.395,252737.98,15608.55,269325.465,204070.045,54881.92,331.25,conventional,2015.0,Southeast,0,46,338,1.39801775147929
2015-03-29,1.16,13.879563512796107,276269.395,205041.11,15608.55,269325.465,204070.045,54881.92,0.0,conventional,2015.0,Southeast,0,46,338,1.39801775147929
2015-03-22,0.98,13.879563512796107,276269.395,299770.04,15608.55,269325.465,204070.045,54881.92,20.76,conventional,2015.0,Southeast,0,46,338,1.39801775147929
2015-03-15,1.21,13.879563512796107,276269.395,211822.87,15608.55,269325.465,204070.045,54881.92,56.45,conventional,2015.0,Southeast,0,46,338,1.39801775147929
2015-03-08,1.18,13.879563512796107,276269.395,199317.95,15608.55,269325.465,204070.045,54881.92,0.0,conventional,2015.0,Southeast,0,46,338,1.39801775147929
2015-03-01,1.01,13.879563512796107,276269.395,281502.89,15608.55,269325.465,204070.045,54881.92,2.98,conventional,2015.0,Southeast,0,46,338,1.39801775147929
2015-02-22,1.11,13.879563512796107,276269.395,236520.37,15608.55,269325.465,204070.045,54881.92,0.0,conventional,2015.0,Southeast,0,46,338,1.39801775147929
2015-02-15,1.16,13.879563512796107,276269.395,219336.78,15608.55,269325.465,204070.045,54881.92,0.0,conventional,2015.0,Southeast,0,46,338,1.39801775147929
2015-02-08,1.11,13.879563512796107,276269.395,226039.73,15608.55,269325.465,204070.045,54881.92,0.0,conventional,2015.0,Southeast,0,46,338,1.39801775147929
2015-02-01,0.93,13.879563512796107,276269.395,371003.98,15608.55,269325.465,204070.045,54881.92,0.0,conventional,2015.0,Southeast,0,46,338,1.39801775147929
2015-01-25,1.15,13.879563512796107,276269.395,266024.34,15608.55,269325.465,204070.045,54881.92,0.0,conventional,2015.0,Southeast,0,46,338,1.39801775147929
2015-01-18,1.19,13.879563512796107,276269.395,273695.84,15608.55,269325.465,204070.045,54881.92,0.0,conventional,2015.0,Southeast,0,46,338,1.39801775147929
2015-01-11,1.18,13.879563512796107,276269.395,269027.02,15608.55,269325.465,204070.045,54881.92,0.0,conventional,2015.0,Southeast,0,46,338,1.39801775147929
2015-01-04,0.98,13.879563512796107,276269.395,320373.63,15608.55,269325.465,204070.045,54881.92,0.0,conventional,2015.0,Southeast,0,46,338,1.39801775147929
2015-12-27,1.05,11.113944986133006,20577.16,21592.44,2889.97,22039.81,21900.09,0.0,139.72,conventional,2015.0,Spokane,0,47,338,1.4346153846153846
2015-12-20,1.12,11.027712680662463,17819.26,16576.75,2660.37,24499.24,24499.24,0.0,0.0,conventional,2015.0,Spokane,0,47,338,1.4346153846153846
2015-12-13,0.99,11.118877631029552,22229.24,20738.68,2189.59,22273.67,22269.39,4.28,0.0,conventional,2015.0,Spokane,0,47,338,1.4346153846153846
2015-12-06,0.85,11.515269415769975,18780.0,39234.39,2758.78,39460.5,38946.79,513.71,0.0,conventional,2015.0,Spokane,0,47,338,1.4346153846153846
2015-11-29,1.17,10.848037018628528,16876.93,16826.84,2523.85,15204.47,15204.47,0.0,0.0,conventional,2015.0,Spokane,0,47,338,1.4346153846153846
2015-11-22,1.12,10.933364615095293,17535.51,21806.06,2671.75,14000.11,14000.11,0.0,0.0,conventional,2015.0,Spokane,0,47,338,1.4346153846153846
2015-11-15,1.0,11.343321851199818,17121.98,38867.94,2013.77,26395.24,26395.24,0.0,0.0,conventional,2015.0,Spokane,0,47,338,1.4346153846153846
2015-11-08,1.08,11.06385668456099,19315.13,26207.73,2182.03,16116.33,16116.33,0.0,0.0,conventional,2015.0,Spokane,0,47,338,1.4346153846153846
2015-11-01,1.13,11.00464127568874,20262.48,23801.85,2428.84,13658.51,13658.51,0.0,0.0,conventional,2015.0,Spokane,0,47,338,1.4346153846153846
2015-10-25,1.08,11.110259984245555,16618.08,33389.28,2073.74,14771.47,14720.74,50.73,0.0,conventional,2015.0,Spokane,0,47,338,1.4346153846153846
2015-10-18,1.13,11.01425763480783,16562.04,30936.55,1935.49,11298.84,11298.84,0.0,0.0,conventional,2015.0,Spokane,0,47,338,1.4346153846153846
2015-10-11,0.94,11.391673456880412,11289.75,56878.37,1932.9,18479.05,18479.05,0.0,0.0,conventional,2015.0,Spokane,0,47,338,1.4346153846153846
2015-10-04,0.99,11.258236420500324,18331.9,47471.02,1657.16,10054.67,10054.67,0.0,0.0,conventional,2015.0,Spokane,0,47,338,1.4346153846153846
2015-09-27,1.09,11.065135671367047,25431.53,23735.71,2196.24,12539.42,12539.42,0.0,0.0,conventional,2015.0,Spokane,0,47,338,1.4346153846153846
2015-09-20,1.05,11.283563620080276,20718.72,42342.6,4327.13,12114.63,12114.63,0.0,0.0,conventional,2015.0,Spokane,0,47,338,1.4346153846153846
2015-09-13,1.03,11.274316691204696,39572.15,24065.27,2657.99,12475.89,12475.89,0.0,0.0,conventional,2015.0,Spokane,0,47,338,1.4346153846153846
2015-09-06,1.08,11.113976878141305,32235.74,18153.73,3891.68,12820.37,12820.37,0.0,0.0,conventional,2015.0,Spokane,0,47,338,1.4346153846153846
2015-08-30,1.11,11.021541455630695,31274.84,16651.71,3820.56,9429.8,9427.72,2.08,0.0,conventional,2015.0,Spokane,0,47,338,1.4346153846153846
2015-08-23,1.08,11.342549040169231,34441.25,35454.67,2497.82,11939.99,11869.39,70.6,0.0,conventional,2015.0,Spokane,0,47,338,1.4346153846153846
2015-08-16,1.15,11.18986613182998,33363.36,25970.27,3108.08,9950.38,9950.38,0.0,0.0,conventional,2015.0,Spokane,0,47,338,1.4346153846153846
2015-08-09,1.21,11.161270613540822,32213.37,23114.49,3261.8,11761.63,11761.63,0.0,0.0,conventional,2015.0,Spokane,0,47,338,1.4346153846153846
2015-08-02,1.19,11.223117668099697,35242.08,24453.69,3189.46,11954.51,11954.51,0.0,0.0,conventional,2015.0,Spokane,0,47,338,1.4346153846153846
2015-07-26,1.18,11.172563031335214,33592.19,22293.64,3203.53,12060.88,12060.88,0.0,0.0,conventional,2015.0,Spokane,0,47,338,1.4346153846153846
2015-07-19,1.16,11.255531249323466,39750.66,23169.36,2910.03,11475.29,11475.29,0.0,0.0,conventional,2015.0,Spokane,0,47,338,1.4346153846153846
2015-07-12,1.05,11.365815441451273,45146.65,23703.42,3714.04,13754.79,13594.7,160.09,0.0,conventional,2015.0,Spokane,0,47,338,1.4346153846153846
2015-07-05,1.22,11.420777171131801,43121.13,30059.65,6422.29,11592.92,11245.14,347.78,0.0,conventional,2015.0,Spokane,0,47,338,1.4346153846153846
2015-06-28,1.2,11.305624135359349,38303.6,26660.48,6367.68,9944.71,9944.71,0.0,0.0,conventional,2015.0,Spokane,0,47,338,1.4346153846153846
2015-06-21,1.12,11.34734668242262,33513.17,33789.94,4665.82,12770.38,12770.38,0.0,0.0,conventional,2015.0,Spokane,0,47,338,1.4346153846153846
2015-06-14,1.13,11.39166273218388,36980.68,35548.22,3428.77,12621.45,12621.45,0.0,0.0,conventional,2015.0,Spokane,0,47,338,1.4346153846153846
2015-06-07,1.19,11.286462033948725,40534.99,26271.71,3744.52,9182.63,9182.63,0.0,0.0,conventional,2015.0,Spokane,0,47,338,1.4346153846153846
2015-05-31,1.08,11.320198357726385,42027.99,24334.27,3310.34,12797.1,12797.1,0.0,0.0,conventional,2015.0,Spokane,0,47,338,1.4346153846153846
2015-05-24,1.07,11.436750866506975,41058.09,33679.94,3564.33,14362.08,14362.08,0.0,0.0,conventional,2015.0,Spokane,0,47,338,1.4346153846153846
2015-05-17,1.09,11.26443564372823,36879.96,24110.51,4295.38,12710.93,12710.93,0.0,0.0,conventional,2015.0,Spokane,0,47,338,1.4346153846153846
2015-05-10,1.03,11.468097854504695,46467.69,31703.17,3071.94,14372.43,12192.59,2179.84,0.0,conventional,2015.0,Spokane,0,47,338,1.4346153846153846
2015-05-03,0.98,11.590372869294086,44094.43,48511.36,3133.35,12312.4,12127.23,185.17,0.0,conventional,2015.0,Spokane,0,47,338,1.4346153846153846
2015-04-26,1.08,11.295328254233654,41208.97,24094.05,2597.12,12543.8,12543.8,0.0,0.0,conventional,2015.0,Spokane,0,47,338,1.4346153846153846
2015-04-19,1.03,11.422785526404242,31965.44,42072.81,2783.29,14557.79,14557.79,0.0,0.0,conventional,2015.0,Spokane,0,47,338,1.4346153846153846
2015-04-12,1.21,11.074896978398614,27692.12,23281.52,3057.26,10498.84,10498.84,0.0,0.0,conventional,2015.0,Spokane,0,47,338,1.4346153846153846
2015-04-05,1.15,11.207514629278851,30529.69,29902.8,3073.43,10175.14,10090.7,84.44,0.0,conventional,2015.0,Spokane,0,47,338,1.4346153846153846
2015-03-29,1.12,11.22524752584324,36451.47,26800.47,2051.36,9696.01,9376.01,320.0,0.0,conventional,2015.0,Spokane,0,47,338,1.4346153846153846
2015-03-22,1.1,11.221587785588591,32960.85,28457.8,2400.38,10906.3,10906.3,0.0,0.0,conventional,2015.0,Spokane,0,47,338,1.4346153846153846
2015-03-15,1.19,11.181180596714478,32528.5,26391.31,3967.68,8878.55,8878.55,0.0,0.0,conventional,2015.0,Spokane,0,47,338,1.4346153846153846
2015-03-08,1.18,11.154099351782275,35184.21,24432.93,2713.19,7518.25,7514.21,4.04,0.0,conventional,2015.0,Spokane,0,47,338,1.4346153846153846
2015-03-01,1.03,11.38855665311839,26800.27,44707.74,2869.92,13926.48,13805.14,121.34,0.0,conventional,2015.0,Spokane,0,47,338,1.4346153846153846
2015-02-22,1.03,11.35388764584146,25370.99,45291.88,2537.35,12095.19,12095.19,0.0,0.0,conventional,2015.0,Spokane,0,47,338,1.4346153846153846
2015-02-15,1.24,10.965964416981805,24008.4,22723.92,2683.92,8453.34,8319.63,133.71,0.0,conventional,2015.0,Spokane,0,47,338,1.4346153846153846
2015-02-08,1.03,11.213713848697958,28901.01,36736.53,3175.96,5325.75,5135.22,190.53,0.0,conventional,2015.0,Spokane,0,47,338,1.4346153846153846
2015-02-01,0.97,11.81788757389497,35897.25,84741.31,2704.69,12313.11,12276.59,36.52,0.0,conventional,2015.0,Spokane,0,47,338,1.4346153846153846
2015-01-25,1.21,11.068475891800004,23843.63,29590.6,2672.12,8010.36,8010.36,0.0,0.0,conventional,2015.0,Spokane,0,47,338,1.4346153846153846
2015-01-18,1.18,11.150536225498717,28457.99,29719.57,2933.27,8489.31,7986.02,503.29,0.0,conventional,2015.0,Spokane,0,47,338,1.4346153846153846
2015-01-11,1.07,11.166173553067924,21973.57,35996.7,4131.75,8595.05,6899.1,1695.95,0.0,conventional,2015.0,Spokane,0,47,338,1.4346153846153846
2015-01-04,1.0,11.345847807301949,26607.29,44341.92,3660.64,10002.54,9556.06,446.48,0.0,conventional,2015.0,Spokane,0,47,338,1.4346153846153846
