assignement2/avocado_encoded.csv
Date,AveragePrice,Total Volume,4046,4225,4770,Total Bags,Small Bags,Large Bags,XLarge Bags,type,year,region,type_label,region_ordinal,region_frequency,region_target
2015-12-27,1.1,11.932440541726251,50481.76,25206.85,23.89,76408.87,58430.48,17978.39,0.0,conventional,2015.0,StLouis,0,48,338,1.4271005917159771
2015-12-20,1.13,11.816200286190071,40333.06,23867.6,40.52,71186.48,59160.36,12026.12,0.0,conventional,2015.0,StLouis,0,48,338,1.4271005917159771
2015-12-13,0.99,12.020252094388931,64673.08,24481.09,71.71,76857.64,55878.32,20979.32,0.0,conventional,2015.0,StLouis,0,48,338,1.4271005917159771
2015-12-06,1.09,11.9018890351862,60481.9,25222.92,27.18,61812.08,53742.31,8069.77,0.0,conventional,2015.0,StLouis,0,48,338,1.4271005917159771
2015-11-29,1.16,11.77125274561892,38130.41,26526.03,115.21,64703.6,57854.06,6840.66,8.88,conventional,2015.0,StLouis,0,48,338,1.4271005917159771
2015-11-22,1.15,11.81295716587515,40115.68,27003.98,23.45,67846.05,60331.15,7514.9,0.0,conventional,2015.0,StLouis,0,48,338,1.4271005917159771
2015-11-15,1.07,11.984094602247527,62810.86,28499.99,14.91,68859.83,61782.77,7074.83,2.23,conventional,2015.0,StLouis,0,48,338,1.4271005917159771
2015-11-08,1.18,11.905181043469,54277.81,29529.64,25.08,64198.07,59269.38,4928.69,0.0,conventional,2015.0,StLouis,0,48,338,1.4271005917159771
2015-11-01,1.21,11.93215093028383,49010.65,34559.26,43.44,68463.97,64373.15,4084.11,6.71,conventional,2015.0,StLouis,0,48,338,1.4271005917159771
2015-10-25,1.21,11.92681683884372,52371.31,37039.7,37.92,61819.35,56579.05,5240.3,0.0,conventional,2015.0,StLouis,0,48,338,1.4271005917159771
2015-10-18,1.26,11.877187325334807,53413.73,34898.38,25.38,55606.62,51312.19,4287.69,6.74,conventional,2015.0,StLouis,0,48,338,1.4271005917159771
2015-10-11,1.15,11.97673658514802,77647.86,25627.41,28.01,55707.98,52275.19,3421.53,11.26,conventional,2015.0,StLouis,0,48,338,1.4271005917159771
2015-10-04,1.23,11.926493588132875,64603.33,36643.05,51.42,49921.59,46870.06,3051.53,0.0,conventional,2015.0,StLouis,0,48,338,1.4271005917159771
2015-09-27,1.12,12.078006917482146,99021.18,34231.9,62.01,42643.02,40596.31,2046.71,0.0,conventional,2015.0,StLouis,0,48,338,1.4271005917159771
2015-09-20,1.24,12.015251247214596,77969.04,37269.87,58.84,49957.28,47579.68,2357.32,20.28,conventional,2015.0,StLouis,0,48,338,1.4271005917159771
2015-09-13,1.15,12.206667368647315,108859.16,33405.69,227.53,57625.6,55794.9,1694.5,136.2,conventional,2015.0,StLouis,0,48,338,1.4271005917159771
2015-09-06,1.3,12.104629945201442,85673.91,36576.66,71.5,58383.52,58293.14,88.13,2.25,conventional,2015.0,StLouis,0,48,338,1.4271005917159771
2015-08-30,1.32,12.011988864194628,74751.64,34386.84,16.21,55562.09,55153.25,404.34,4.5,conventional,2015.0,StLouis,0,48,338,1.4271005917159771
2015-08-23,1.11,12.220284575924255,111101.26,35104.11,33.19,56623.12,56606.63,11.99,4.5,conventional,2015.0,StLouis,0,48,338,1.4271005917159771
2015-08-16,0.88,12.580759079321975,186669.12,44789.17,101.82,59345.94,59339.2,0.0,6.74,conventional,2015.0,StLouis,0,48,338,1.4271005917159771
2015-08-09,1.15,12.210044696480784,92511.57,47874.46,230.92,60178.04,60173.56,0.0,4.48,conventional,2015.0,StLouis,0,48,338,1.4271005917159771
2015-08-02,1.26,12.125416395511351,79291.85,43745.86,4.0,61459.44,61457.2,0.0,2.24,conventional,2015.0,StLouis,0,48,338,1.4271005917159771
2015-07-26,1.06,12.287625028454974,120124.79,38710.22,21.88,58136.12,58136.12,0.0,0.0,conventional,2015.0,StLouis,0,48,338,1.4271005917159771
2015-07-19,1.2,12.228156590210528,99044.52,41712.52,56.2,63651.68,63651.68,0.0,0.0,conventional,2015.0,StLouis,0,48,338,1.4271005917159771
2015-07-12,1.13,12.361282906659989,132490.39,44204.19,232.99,56652.13,56425.96,3.95,222.22,conventional,2015.0,StLouis,0,48,338,1.4271005917159771
2015-07-05,1.32,12.323424299265866,97253.4,57668.67,23.52,69956.37,69313.52,642.85,0.0,conventional,2015.0,StLouis,0,48,338,1.4271005917159771
2015-06-28,1.17,12.288735778427114,107631.08,40137.34,54.82,69410.93,69371.63,39.3,0.0,conventional,2015.0,StLouis,0,48,338,1.4271005917159771
2015-06-21,1.26,12.196719945060387,84699.66,38461.41,51.04,74925.07,74925.07,0.0,0.0,conventional,2015.0,StLouis,0,48,338,1.4271005917159771
2015-06-14,1.28,12.22218371249234,87726.18,41782.62,102.06,73636.45,73588.28,0.0,48.17,conventional,2015.0,StLouis,0,48,338,1.4271005917159771
2015-06-07,1.3,12.179054110077177,92964.49,38450.22,41.86,63211.07,63206.71,0.0,4.36,conventional,2015.0,StLouis,0,48,338,1.4271005917159771
2015-05-31,1.16,12.417939331333034,147104.98,38945.34,8.73,61136.57,61113.45,23.12,0.0,conventional,2015.0,StLouis,0,48,338,1.4271005917159771
2015-05-24,1.18,12.372393792429296,135166.39,38773.04,9.0,62241.03,62233.36,7.67,0.0,conventional,2015.0,StLouis,0,48,338,1.4271005917159771
2015-05-17,1.32,12.1385270476659,96530.89,37553.09,37.3,52814.74,52814.74,0.0,0.0,conventional,2015.0,StLouis,0,48,338,1.4271005917159771
2015-05-10,1.25,12.294833882288462,125846.03,33050.99,42.85,59623.07,59620.93,0.0,2.14,conventional,2015.0,StLouis,0,48,338,1.4271005917159771
2015-05-03,1.09,12.524824223197115,190986.18,36252.66,32.39,47809.69,47809.69,0.0,0.0,conventional,2015.0,StLouis,0,48,338,1.4271005917159771
2015-04-26,1.37,12.090669762561731,86967.98,42320.51,15.07,48896.86,48894.75,0.0,2.11,conventional,2015.0,StLouis,0,48,338,1.4271005917159771
2015-04-19,1.34,12.128008125785408,101449.24,38169.29,33.73,45327.69,45322.98,4.71,0.0,conventional,2015.0,StLouis,0,48,338,1.4271005917159771
2015-04-12,1.21,12.2743204195009,138215.06,37441.77,144.84,38323.44,38323.44,0.0,0.0,conventional,2015.0,StLouis,0,48,338,1.4271005917159771
2015-04-05,1.36,11.979564941795518,77970.98,34544.71,67.97,46877.98,46762.42,115.56,0.0,conventional,2015.0,StLouis,0,48,338,1.4271005917159771
2015-03-29,1.21,12.198024143054402,111921.69,39575.0,56.26,46842.81,46687.25,155.56,0.0,conventional,2015.0,StLouis,0,48,338,1.4271005917159771
2015-03-22,1.34,12.003505931538124,77997.93,37696.27,39.92,47591.28,47513.51,77.77,0.0,conventional,2015.0,StLouis,0,48,338,1.4271005917159771
2015-03-15,1.33,11.96908514493404,70836.3,36549.13,69.74,50344.06,50190.73,153.33,0.0,conventional,2015.0,StLouis,0,48,338,1.4271005917159771
2015-03-08,1.36,11.901763709701555,73956.89,31856.71,48.39,41663.6,41663.6,0.0,0.0,conventional,2015.0,StLouis,0,48,338,1.4271005917159771
2015-03-01,1.24,12.096695239626913,93746.89,39403.61,100.73,46026.18,46019.51,6.67,0.0,conventional,2015.0,StLouis,0,48,338,1.4271005917159771
2015-02-22,1.32,11.9583396747385,75717.36,36667.64,58.03,43669.64,43660.75,8.89,0.0,conventional,2015.0,StLouis,0,48,338,1.4271005917159771
2015-02-15,1.23,12.0383617315655,88022.48,33530.37,41.17,47524.63,47493.52,31.11,0.0,conventional,2015.0,StLouis,0,48,338,1.4271005917159771
2015-02-08,1.09,12.277090086193173,140791.53,31995.56,48.87,41883.03,41880.81,2.22,0.0,conventional,2015.0,StLouis,0,48,338,1.4271005917159771
2015-02-01,1.1,12.639065043917913,209893.28,48651.4,59.1,49768.12,49768.12,0.0,0.0,conventional,2015.0,StLouis,0,48,338,1.4271005917159771
2015-01-25,1.17,12.08289597157286,99020.78,31381.54,42.62,46375.55,46375.55,0.0,0.0,conventional,2015.0,StLouis,0,48,338,1.4271005917159771
2015-01-18,1.28,12.04702914033116,78724.96,50701.59,145.35,41018.95,41014.51,4.44,0.0,conventional,2015.0,StLouis,0,48,338,1.4271005917159771
2015-01-11,1.29,12.01320735845643,79292.59,41050.38,62.72,44511.92,44509.7,2.22,0.0,conventional,2015.0,StLouis,0,48,338,1.4271005917159771
2015-01-04,1.15,12.199733898051374,125713.89,34555.73,53.54,38412.1,38400.99,11.11,0.0,conventional,2015.0,StLouis,0,48,338,1.4271005917159771
2015-12-27,1.36,10.653610824760788,828.65,23560.51,14.41,17940.65,17940.65,0.0,0.0,conventional,2015.0,Syracuse,0,49,338,1.5203254437869826
2015-12-20,1.36,10.58066158896043,646.68,22231.33,12.89,16474.25,16474.25,0.0,0.0,conventional,2015.0,Syracuse,0,49,338,1.5203254437869826
2015-12-13,1.32,10.827460103541256,773.81,33149.83,5.7,16455.23,16455.23,0.0,0.0,conventional,2015.0,Syracuse,0,49,338,1.5203254437869826
2015-12-06,1.17,10.832373233986448,874.9,34439.57,11.91,15306.35,15306.35,0.0,0.0,conventional,2015.0,Syracuse,0,49,338,1.5203254437869826
2015-11-29,1.41,10.487201490689888,719.36,21285.35,8.89,13839.08,13839.08,0.0,0.0,conventional,2015.0,Syracuse,0,49,338,1.5203254437869826
2015-11-22,1.38,10.573914829684824,846.69,22314.4,34.38,15904.98,15904.98,0.0,0.0,conventional,2015.0,Syracuse,0,49,338,1.5203254437869826
2015-11-15,1.21,10.853733814629095,912.37,34236.71,20.94,16555.91,16364.8,191.11,0.0,conventional,2015.0,Syracuse,0,49,338,1.5203254437869826
2015-11-08,1.23,10.925238415106367,645.86,37788.65,12.84,17112.74,16690.52,422.22,0.0,conventional,2015.0,Syracuse,0,49,338,1.5203254437869826
2015-11-01,1.16,10.916843650246742,1062.84,36281.55,29.66,17721.57,17374.9,346.67,0.0,conventional,2015.0,Syracuse,0,49,338,1.5203254437869826
2015-10-25,1.26,10.799016237017796,935.77,30448.48,18.45,17568.9,16893.34,675.56,0.0,conventional,2015.0,Syracuse,0,49,338,1.5203254437869826
2015-10-18,1.26,10.792534109351275,748.89,28155.56,21.65,19729.08,19364.64,364.44,0.0,conventional,2015.0,Syracuse,0,49,338,1.5203254437869826
2015-10-11,1.32,10.718221635978617,1054.4,27690.82,26.06,16399.22,15861.44,537.78,0.0,conventional,2015.0,Syracuse,0,49,338,1.5203254437869826
2015-10-04,1.34,10.643161862342028,1777.42,22698.79,10.41,17417.44,16884.11,533.33,0.0,conventional,2015.0,Syracuse,0,49,338,1.5203254437869826
2015-09-27,1.16,10.900361092357251,925.8,43139.43,19.65,10110.05,9981.16,128.89,0.0,conventional,2015.0,Syracuse,0,49,338,1.5203254437869826
2015-09-20,1.44,10.519935907578423,775.55,27299.15,29.82,8941.23,8492.34,448.89,0.0,conventional,2015.0,Syracuse,0,49,338,1.5203254437869826
2015-09-13,1.44,10.670386927682747,882.3,30696.69,45.47,11436.14,10960.58,475.56,0.0,conventional,2015.0,Syracuse,0,49,338,1.5203254437869826
2015-09-06,1.36,10.786422721586591,675.27,37504.92,97.12,10081.42,10081.42,0.0,0.0,conventional,2015.0,Syracuse,0,49,338,1.5203254437869826
2015-08-30,1.2,10.891180757141656,601.15,43932.05,102.42,9064.05,9064.05,0.0,0.0,conventional,2015.0,Syracuse,0,49,338,1.5203254437869826
2015-08-23,1.44,10.667438197802744,579.09,30616.05,77.91,11660.76,11660.76,0.0,0.0,conventional,2015.0,Syracuse,0,49,338,1.5203254437869826
2015-08-16,1.42,10.697530421229098,619.41,32282.72,82.0,11261.32,11261.32,0.0,0.0,conventional,2015.0,Syracuse,0,49,338,1.5203254437869826
2015-08-09,1.35,10.841461103821276,510.89,39597.11,127.27,10859.71,10859.71,0.0,0.0,conventional,2015.0,Syracuse,0,49,338,1.5203254437869826
2015-08-02,1.48,10.621362467020903,722.58,26661.77,219.89,13396.2,13396.2,0.0,0.0,conventional,2015.0,Syracuse,0,49,338,1.5203254437869826
2015-07-26,1.23,11.001237302658126,878.02,41541.46,334.92,17192.87,17192.87,0.0,0.0,conventional,2015.0,Syracuse,0,49,338,1.5203254437869826
2015-07-19,1.38,10.99253474114016,593.22,34449.87,1027.97,23356.77,23356.77,0.0,0.0,conventional,2015.0,Syracuse,0,49,338,1.5203254437869826
2015-07-12,1.25,11.227186436917783,577.45,43147.8,2809.38,28610.24,28512.46,97.78,0.0,conventional,2015.0,Syracuse,0,49,338,1.5203254437869826
2015-07-05,1.45,11.140751312161713,797.75,35080.61,3980.63,29063.43,28845.65,217.78,0.0,conventional,2015.0,Syracuse,0,49,338,1.5203254437869826
2015-06-28,1.39,11.065697451073602,755.7,30246.27,2965.17,29971.67,29940.56,31.11,0.0,conventional,2015.0,Syracuse,0,49,338,1.5203254437869826
2015-06-21,1.4,11.008268608508077,624.44,32511.25,3173.19,24061.39,24061.39,0.0,0.0,conventional,2015.0,Syracuse,0,49,338,1.5203254437869826
2015-06-14,1.35,11.084993250993474,547.63,27340.54,2737.16,34559.23,34559.23,0.0,0.0,conventional,2015.0,Syracuse,0,49,338,1.5203254437869826
2015-06-07,1.22,11.153067030527136,632.01,41825.39,31.87,27287.24,27287.24,0.0,0.0,conventional,2015.0,Syracuse,0,49,338,1.5203254437869826
2015-05-31,1.36,11.079686920905225,744.02,34985.62,44.53,29065.41,29065.41,0.0,0.0,conventional,2015.0,Syracuse,0,49,338,1.5203254437869826
2015-05-24,1.35,11.028177835173931,559.81,34572.48,36.29,26415.68,26415.68,0.0,0.0,conventional,2015.0,Syracuse,0,49,338,1.5203254437869826
2015-05-17,1.44,11.15125018301001,743.44,42174.14,39.09,26693.18,26524.29,168.89,0.0,conventional,2015.0,Syracuse,0,49,338,1.5203254437869826
2015-05-10,1.34,11.273517614088574,899.13,44891.19,24.6,32893.46,32561.81,331.65,0.0,conventional,2015.0,Syracuse,0,49,338,1.5203254437869826
2015-05-03,1.4,10.831556251049934,634.61,24201.46,18.81,25736.5,25405.7,330.8,0.0,conventional,2015.0,Syracuse,0,49,338,1.5203254437869826
2015-04-26,1.4,10.795732487589483,768.09,23424.19,19.39,24599.38,24363.82,235.56,0.0,conventional,2015.0,Syracuse,0,49,338,1.5203254437869826
2015-04-19,1.4,10.87430112818465,721.11,24884.63,49.37,27145.72,27009.47,136.25,0.0,conventional,2015.0,Syracuse,0,49,338,1.5203254437869826
2015-04-12,1.36,10.75427673971434,670.17,21961.57,26.37,24170.77,23944.66,226.11,0.0,conventional,2015.0,Syracuse,0,49,338,1.5203254437869826
2015-04-05,1.38,10.820114427907727,716.97,24675.99,20.46,24602.39,24340.17,262.22,0.0,conventional,2015.0,Syracuse,0,49,338,1.5203254437869826
2015-03-29,1.29,10.867057021234356,1020.84,28858.3,42.67,22497.9,22377.48,120.42,0.0,conventional,2015.0,Syracuse,0,49,338,1.5203254437869826
2015-03-22,1.33,10.78274037121486,2030.41,21884.43,43.48,24222.66,24222.66,0.0,0.0,conventional,2015.0,Syracuse,0,49,338,1.5203254437869826
2015-03-15,1.36,10.647317866373188,2534.42,20482.33,18.86,19042.97,19020.75,22.22,0.0,conventional,2015.0,Syracuse,0,49,338,1.5203254437869826
2015-03-08,1.28,10.740739406064787,796.52,23821.37,25.35,21555.96,21318.18,237.78,0.0,conventional,2015.0,Syracuse,0,49,338,1.5203254437869826
2015-03-01,1.32,10.776684753570436,728.61,22776.67,53.84,24330.97,24277.64,53.33,0.0,conventional,2015.0,Syracuse,0,49,338,1.5203254437869826
2015-02-22,1.33,10.66110254860906,1098.61,21441.05,41.7,20081.29,19816.85,264.44,0.0,conventional,2015.0,Syracuse,0,49,338,1.5203254437869826
2015-02-15,1.35,10.564930936999179,880.54,19621.76,7.48,18240.96,18118.74,122.22,0.0,conventional,2015.0,Syracuse,0,49,338,1.5203254437869826
2015-02-08,1.25,10.85046286049758,1093.76,26366.48,14.2,24082.57,23658.13,424.44,0.0,conventional,2015.0,Syracuse,0,49,338,1.5203254437869826
2015-02-01,1.26,10.958237639656632,1321.47,30243.88,14.24,25844.56,25793.45,51.11,0.0,conventional,2015.0,Syracuse,0,49,338,1.5203254437869826
2015-01-25,1.37,10.703667749344724,810.15,22526.2,36.39,21145.1,20725.1,420.0,0.0,conventional,2015.0,Syracuse,0,49,338,1.5203254437869826
2015-01-18,1.4,10.606400641003779,789.84,24755.46,27.89,14818.36,14818.36,0.0,0.0,conventional,2015.0,Syracuse,0,49,338,1.5203254437869826
2015-01-11,1.45,10.645865038484382,984.29,21576.29,14.93,19441.98,19441.98,0.0,0.0,conventional,2015.0,Syracuse,0,49,338,1.5203254437869826
2015-01-04,1.33,10.624845782866943,2506.61,20905.01,16.68,17715.21,17715.21,0.0,0.0,conventional,2015.0,Syracuse,0,49,338,1.5203254437869826
