assignement2/avocado_encoded.csv
Date,AveragePrice,Total Volume,4046,4225,4770,Total Bags,Small Bags,Large Bags,XLarge Bags,type,year,region,type_label,region_ordinal,region_frequency,region_target
2015-12-27,0.97,12.837846902490725,246326.83,35652.12,56.54,94152.49,55850.56,38301.93,0.0,conventional,2015.0,Tampa,0,50,338,1.4057692307692304
2015-12-20,1.15,12.38401730433238,146376.83,23810.77,33.84,68729.4,50715.84,18013.56,0.0,conventional,2015.0,Tampa,0,50,338,1.4057692307692304
2015-12-13,0.96,12.809417977535446,242293.88,40944.16,52.15,82353.73,42015.01,40338.72,0.0,conventional,2015.0,Tampa,0,50,338,1.4057692307692304
2015-12-06,1.17,12.333287549828635,145404.19,29926.02,43.83,51757.17,33251.65,18505.52,0.0,conventional,2015.0,Tampa,0,50,338,1.4057692307692304
2015-11-29,0.96,12.70703564309683,213390.26,41026.86,18.37,75625.46,36785.63,38839.83,0.0,conventional,2015.0,Tampa,0,50,338,1.4057692307692304
2015-11-22,0.97,12.650072045360886,194667.16,39338.15,57.68,77721.92,46934.42,30787.5,0.0,conventional,2015.0,Tampa,0,50,338,1.4057692307692304
2015-11-15,1.22,12.372348107914902,138482.7,32425.9,51.52,65218.55,43524.24,21691.49,2.82,conventional,2015.0,Tampa,0,50,338,1.4057692307692304
2015-11-08,1.21,12.339669142285375,135741.88,33351.68,40.46,59451.29,40754.56,18696.73,0.0,conventional,2015.0,Tampa,0,50,338,1.4057692307692304
2015-11-01,0.97,12.877780206152305,228324.13,72749.38,100.62,90340.3,44449.47,45890.83,0.0,conventional,2015.0,Tampa,0,50,338,1.4057692307692304
2015-10-25,1.12,12.363182798935076,109048.96,51940.14,43.18,72991.62,35990.35,36998.43,2.84,conventional,2015.0,Tampa,0,50,338,1.4057692307692304
2015-10-18,1.11,12.45531659852233,112096.12,54378.07,42.22,90093.59,49373.24,40703.27,17.08,conventional,2015.0,Tampa,0,50,338,1.4057692307692304
2015-10-11,0.88,12.904777727303195,175545.51,90767.27,80.58,135834.99,47783.02,54881.92,2.85,conventional,2015.0,Tampa,0,50,338,1.4057692307692304
2015-10-04,0.89,12.933237024411802,184069.95,92366.74,106.53,137296.74,52595.05,54881.92,2.85,conventional,2015.0,Tampa,0,50,338,1.4057692307692304
2015-09-27,1.13,12.43769784575163,99077.59,70565.14,99.97,82385.73,42717.37,39668.36,0.0,conventional,2015.0,Tampa,0,50,338,1.4057692307692304
2015-09-20,0.88,12.978408222790089,186843.91,104344.66,88.0,141685.72,50247.33,54881.92,0.0,conventional,2015.0,Tampa,0,50,338,1.4057692307692304
2015-09-13,1.1,12.458292591483955,97653.71,69978.38,102.06,89640.66,50111.01,39529.65,0.0,conventional,2015.0,Tampa,0,50,338,1.4057692307692304
2015-09-06,0.91,12.986612242974827,205188.66,94841.92,63.26,136435.1,60131.29,54881.92,0.0,conventional,2015.0,Tampa,0,50,338,1.4057692307692304
2015-08-30,1.2,12.47829709969761,126060.57,53665.74,149.12,82699.9,64691.49,17980.34,28.07,conventional,2015.0,Tampa,0,50,338,1.4057692307692304
2015-08-23,1.17,12.484352656801498,126817.4,54873.96,66.95,82411.89,66986.23,15425.66,0.0,conventional,2015.0,Tampa,0,50,338,1.4057692307692304
2015-08-16,1.17,12.555491145043234,139923.45,50157.8,66.42,93499.85,75599.35,17900.5,0.0,conventional,2015.0,Tampa,0,50,338,1.4057692307692304
2015-08-09,0.97,12.965078818771277,257930.36,58043.78,161.33,111093.97,75694.1,35397.12,2.75,conventional,2015.0,Tampa,0,50,338,1.4057692307692304
2015-08-02,1.18,12.522432039600572,139950.79,50642.05,170.4,83660.42,68312.39,15348.03,0.0,conventional,2015.0,Tampa,0,50,338,1.4057692307692304
2015-07-26,1.16,12.488874780431402,133615.12,48153.33,115.96,83483.11,67480.1,16003.01,0.0,conventional,2015.0,Tampa,0,50,338,1.4057692307692304
2015-07-19,0.97,12.9517539728019,258972.92,61716.04,138.6,100746.86,64830.87,35915.99,0.0,conventional,2015.0,Tampa,0,50,338,1.4057692307692304
2015-07-12,1.17,12.574664065399375,149510.03,54927.82,100.6,84599.91,68163.21,16139.48,297.22,conventional,2015.0,Tampa,0,50,338,1.4057692307692304
2015-07-05,0.95,13.08588518490099,276269.395,71003.58,163.96,128487.92,91543.31,36939.3,5.31,conventional,2015.0,Tampa,0,50,338,1.4057692307692304
2015-06-28,1.11,12.692919533585048,157030.05,56095.25,108.06,112201.13,94295.35,17905.78,0.0,conventional,2015.0,Tampa,0,50,338,1.4057692307692304
